Microchip MPLAB XC8 Compiler V1.32 ()

Linker command line:

--edf=C:\Program Files\Microchip\xc8\v1.32\dat\en_msgs.txt -cs \
  -h+dist/default/production\BOIA.X.production.sym \
  --cmf=dist/default/production\BOIA.X.production.cmf -z -Q16F877A \
  -oC:\Users\Alan\AppData\Local\Temp\s2j0.6 \
  -Mdist/default/production/BOIA.X.production.map -E1 -ver=XC8 \
  -ASTACK=0110h-016fh -pstack=STACK -ACONST=00h-0FFhx32 -ACODE=00h-07FFhx4 \
  -ASTRCODE=00h-01FFFh -AENTRY=00h-0FFhx32 -ASTRING=00h-0FFhx32 \
  -ACOMMON=070h-07Fh -ABANK0=020h-06Fh -ABANK1=0A0h-0EFh \
  -ABANK2=0110h-016Fh -ABANK3=0190h-01EFh \
  -ARAM=020h-06Fh,0A0h-0EFh,0110h-016Fh,0190h-01EFh \
  -AABS1=020h-07Fh,0A0h-0EFh,0110h-016Fh,0190h-01EFh -ASFR0=00h-01Fh \
  -ASFR1=080h-09Fh -ASFR2=0100h-010Fh -ASFR3=0180h-018Fh \
  -preset_vec=00h,intentry=04h,init,end_init -ppowerup=CODE -pcinit=CODE \
  -pfunctab=CODE -ACONFIG=02007h-02007h -pconfig=CONFIG -DCONFIG=2 \
  -AIDLOC=02000h-02003h -pidloc=IDLOC -DIDLOC=2 -AEEDATA=00h-0FFh/02100h \
  -peeprom_data=EEDATA -DEEDATA=2 -DCODE=2 -DSTRCODE=2 -DSTRING=2 -DCONST=2 \
  -DENTRY=2 -k C:\Users\Alan\AppData\Local\Temp\s2j0.obj \
  dist/default/production\BOIA.X.production.obj 

Object code version is 3.11

Machine type is 16F877A



                Name                               Link     Load   Length Selector   Space Scale
C:\Users\Alan\AppData\Local\Temp\s2j0.obj
                end_init                             12       12        3        8       0
                reset_vec                             0        0        3        0       0
                config                             2007     2007        1     400E       0
dist/default/production\BOIA.X.production.obj
                cinit                                15       15       36        8       0
                intentry                              4        4        E        8       0
                text40                             1652     1652        8     2CA4       0
                text39                             1764     1764       23     2EC8       0
                text38                             16D1     16D1       1B     2DA2       0
                text37                              A3D      A3D       5B     147A       0
                text36                              995      995       4F     132A       0
                text35                              C15      C15       68     182A       0
                text34                             1743     1743       21     2E86       0
                text33                              E8E      E8E       B8     1D1C       0
                text32                              AF4      AF4       5D     15E8       0
                text31                              6E9      6E9       D3      DD2       0
                text30                             165A     165A        8     2CB4       0
                text29                              50E      50E      107        8       0
                text28                             16EC     16EC       1C     2DD8       0
                text27                              D71      D71       8E     1AE2       0
                text26                             17AA     17AA       2B     2F54       0
                text25                              B51      B51       5E     16A2       0
                text24                              947      947       4E     128E       0
                text23                             1787     1787       23     2F0E       0
                text22                             1675     1675        E     2CEA       0
                text21                              2D2      2D2      23C        8       0
                text20                              F46      F46       BA     1E8C       0
                text19                              88C      88C       39     1118       0
                text18                             17D5     17D5       2B     2FAA       0
                text17                             16B7     16B7       1A     2D6E       0
                text16                              8C5      8C5       3B     118A       0
                text15                              803      803       23     1006       0
                text14                               4B       4B      287        8       0
                text13                             1724     1724       1F     2E48       0
                text12                              A98      A98       5C     1530       0
                text11                             16A4     16A4       13     2D48       0
                text10                              9E4      9E4       59     13C8       0
                text9                               857      857       35     10AE       0
                text8                               7BC      7BC       40      DD2       0
                text7                               DFF      DFF       8F     1BFE       0
                text6                               C7D      C7D       70     18FA       0
                text5                               BAF      BAF       66     175E       0
                text4                              1708     1708       1C     2E10       0
                text3                               900      900       47     1200       0
                text2                               826      826       31     104C       0
                text1                               CED      CED       84     19DA       0
                maintext                           166A     166A        B     2CD4       0
                cstackBANK0                          20       20       3A       20       1
                cstackCOMMON                         70       70        E       70       1
                cstackBANK1                          A0       A0       24       A0       1
                cstackBANK3                         190      190       1E      190       1
                inittext                           1693     1693       11     2D26       0
                clrtext                            1662     1662        8     2CC4       0
                bssBANK3                            1AE      1AE       11      190       1
                dataBANK1                            C4       C4       10       A0       1
                bssBANK1                             D4       D4        B       A0       1
                dataBANK0                            64       64        2       20       1
                bssBANK0                             5A       5A        A       20       1
                strings                             615      615       D4      C2A       0
                idataBANK1                         1683     1683       10     2D06       0
                idataBANK0                          7FC      7FC        2      DD2       0

TOTAL           Name                               Link     Load   Length     Space
        CLASS   STACK          

        CLASS   CONST          

        CLASS   CODE           
                end_init                             12       12        3         0
                cinit                                15       15       36         0
                intentry                              4        4        E         0
                reset_vec                             0        0        3         0
                text40                             1652     1652        8         0
                text39                             1764     1764       23         0
                text38                             16D1     16D1       1B         0
                text37                              A3D      A3D       5B         0
                text36                              995      995       4F         0
                text35                              C15      C15       68         0
                text34                             1743     1743       21         0
                text33                              E8E      E8E       B8         0
                text32                              AF4      AF4       5D         0
                text31                              6E9      6E9       D3         0
                text30                             165A     165A        8         0
                text29                              50E      50E      107         0
                text28                             16EC     16EC       1C         0
                text27                              D71      D71       8E         0
                text26                             17AA     17AA       2B         0
                text25                              B51      B51       5E         0
                text24                              947      947       4E         0
                text23                             1787     1787       23         0
                text22                             1675     1675        E         0
                text21                              2D2      2D2      23C         0
                text20                              F46      F46       BA         0
                text19                              88C      88C       39         0
                text18                             17D5     17D5       2B         0
                text17                             16B7     16B7       1A         0
                text16                              8C5      8C5       3B         0
                text15                              803      803       23         0
                text14                               4B       4B      287         0
                text13                             1724     1724       1F         0
                text12                              A98      A98       5C         0
                text11                             16A4     16A4       13         0
                text10                              9E4      9E4       59         0
                text9                               857      857       35         0
                text8                               7BC      7BC       40         0
                text7                               DFF      DFF       8F         0
                text6                               C7D      C7D       70         0
                text5                               BAF      BAF       66         0
                text4                              1708     1708       1C         0
                text3                               900      900       47         0
                text2                               826      826       31         0
                text1                               CED      CED       84         0
                maintext                           166A     166A        B         0
                inittext                           1693     1693       11         0
                clrtext                            1662     1662        8         0
                idataBANK1                         1683     1683       10         0
                idataBANK0                          7FC      7FC        2         0

        CLASS   STRCODE        

        CLASS   ENTRY          

        CLASS   STRING         
                strings                             615      615       D4         0

        CLASS   COMMON         
                cstackCOMMON                         70       70        E         1

        CLASS   BANK0          
                cstackBANK0                          20       20       3A         1
                dataBANK0                            64       64        2         1
                bssBANK0                             5A       5A        A         1

        CLASS   BANK1          
                cstackBANK1                          A0       A0       24         1
                dataBANK1                            C4       C4       10         1
                bssBANK1                             D4       D4        B         1

        CLASS   BANK2          

        CLASS   BANK3          
                cstackBANK3                         190      190       1E         1
                bssBANK3                            1AE      1AE       11         1

        CLASS   RAM            

        CLASS   ABS1           
                abs_s1                               7E       7E        2         1

        CLASS   SFR0           

        CLASS   SFR1           

        CLASS   SFR2           

        CLASS   SFR3           

        CLASS   CONFIG         
                config                             2007     2007        1         0

        CLASS   IDLOC          

        CLASS   EEDATA         



SEGMENTS        Name                           Load    Length   Top    Selector   Space  Class     Delta

                reset_vec                      000000  000003  000003         0       0  CODE        2
                intentry                       000004  000611  000615         8       0  CODE        2
                cstackBANK0                    000020  000046  000066        20       1  BANK0       1
                cstackCOMMON                   000070  00000E  00007E        70       1  COMMON      1
                cstackBANK1                    0000A0  00003F  0000DF        A0       1  BANK1       1
                cstackBANK3                    000190  00002F  0001BF       190       1  BANK3       1
                strings                        000615  0000D4  0006E9       C2A       0  STRING      2
                text31                         0006E9  000115  0007FE       DD2       0  CODE        2
                text15                         000803  000023  000826      1006       0  CODE        2
                text2                          000826  000031  000857      104C       0  CODE        2
                text9                          000857  000035  00088C      10AE       0  CODE        2
                text19                         00088C  000039  0008C5      1118       0  CODE        2
                text16                         0008C5  00003B  000900      118A       0  CODE        2
                text3                          000900  000047  000947      1200       0  CODE        2
                text24                         000947  00004E  000995      128E       0  CODE        2
                text36                         000995  00004F  0009E4      132A       0  CODE        2
                text10                         0009E4  000059  000A3D      13C8       0  CODE        2
                text37                         000A3D  00005B  000A98      147A       0  CODE        2
                text12                         000A98  00005C  000AF4      1530       0  CODE        2
                text32                         000AF4  00005D  000B51      15E8       0  CODE        2
                text25                         000B51  00005E  000BAF      16A2       0  CODE        2
                text5                          000BAF  000066  000C15      175E       0  CODE        2
                text35                         000C15  000068  000C7D      182A       0  CODE        2
                text6                          000C7D  000070  000CED      18FA       0  CODE        2
                text1                          000CED  000084  000D71      19DA       0  CODE        2
                text27                         000D71  00008E  000DFF      1AE2       0  CODE        2
                text7                          000DFF  00008F  000E8E      1BFE       0  CODE        2
                text33                         000E8E  0000B8  000F46      1D1C       0  CODE        2
                text20                         000F46  0000BA  001000      1E8C       0  CODE        2
                text40                         001652  000008  00165A      2CA4       0  CODE        2
                text30                         00165A  000008  001662      2CB4       0  CODE        2
                clrtext                        001662  000008  00166A      2CC4       0  CODE        2
                maintext                       00166A  00000B  001675      2CD4       0  CODE        2
                text22                         001675  00000E  001683      2CEA       0  CODE        2
                idataBANK1                     001683  000010  001693      2D06       0  CODE        2
                inittext                       001693  000011  0016A4      2D26       0  CODE        2
                text11                         0016A4  000013  0016B7      2D48       0  CODE        2
                text17                         0016B7  00001A  0016D1      2D6E       0  CODE        2
                text38                         0016D1  00001B  0016EC      2DA2       0  CODE        2
                text28                         0016EC  00001C  001708      2DD8       0  CODE        2
                text4                          001708  00001C  001724      2E10       0  CODE        2
                text13                         001724  00001F  001743      2E48       0  CODE        2
                text34                         001743  000021  001764      2E86       0  CODE        2
                text39                         001764  000023  001787      2EC8       0  CODE        2
                text23                         001787  000023  0017AA      2F0E       0  CODE        2
                text26                         0017AA  00002B  0017D5      2F54       0  CODE        2
                text18                         0017D5  00002B  001800      2FAA       0  CODE        2
                config                         002007  000001  002008      400E       0  CONFIG      2


UNUSED ADDRESS RANGES

        Name                Unused          Largest block    Delta
        BANK0            0066-006F              A           1
        BANK1            00DF-00EF             11           1
        BANK2            0110-016F             60           1
        BANK3            01BF-01EF             31           1
        CODE             0003-0003              1           2
                         07FE-0802              2
                         1000-1651            652
                         1800-1FFF            800
        CONST            0003-0003              1           2
                         07FE-0802              2
                         1000-1651            100
                         1800-1FFF            100
        EEDATA           2100-21FF            100           2
        ENTRY            0003-0003              1           2
                         07FE-0802              2
                         1000-1651            100
                         1800-1FFF            100
        IDLOC            2000-2003              4           2
        RAM              0066-006F              A           1
                         00DF-00EF             11
                         0110-016F             60
                         01BF-01EF             31
        SFR0             0000-001F             20           1
        SFR1             0080-009F             20           1
        SFR2             0100-010F             10           1
        SFR3             0180-018F             10           1
        STACK            0110-016F             60           1
        STRCODE          0003-0003              1           2
                         07FE-0802              5
                         1000-1651            652
                         1800-1FFF            800
        STRING           0003-0003              1           2
                         07FE-0802              2
                         1000-1651            100
                         1800-1FFF            100

                                  Symbol Table

?___aldiv                      cstackBANK3  0190
?___awdiv                      cstackCOMMON 0070
?___awmod                      cstackCOMMON 0079
?___awtoft                     cstackCOMMON 0078
?___ftadd                      cstackCOMMON 0078
?___ftdiv                      cstackBANK0  0030
?___ftmul                      cstackBANK0  0020
?___ftneg                      cstackCOMMON 0070
?___ftpack                     cstackCOMMON 0070
?___ftsub                      cstackBANK0  0027
?___fttol                      cstackBANK0  0030
?___lldiv                      cstackCOMMON 0070
?___llmod                      cstackBANK0  0020
?___lltoft                     cstackCOMMON 0078
?___wmul                       cstackCOMMON 0070
?_sprintf                      cstackBANK0  002A
ADCRead@ch                     cstackBANK3  0190
ISR@F1357                      dataBANK1    00C4
ISR@aux                        cstackBANK1  00A0
ISR@buf                        cstackBANK1  00B0
ISR@i                          cstackBANK1  00BA
ISR@input                      cstackBANK1  00BD
ISR@input2                     cstackBANK1  00C0
ISR@per                        cstackBANK1  00C3
ISR@pre                        cstackBANK1  00B5
ISR@preint                     cstackBANK1  00B8
ISR@result                     cstackBANK1  00BC
ISR@status                     cstackBANK1  00B1
ISR@status2                    cstackBANK1  00B3
USARTInit@BR                   cstackBANK3  01A9
USARTInit@BaudRate             cstackBANK3  019F
USARTInit@Mode                 cstackBANK3  01A3
USARTReceiveChar@USARTData     cstackCOMMON 0074
USARTWriteChar@USARTData       cstackCOMMON 0070
USARTWriteString@str           cstackCOMMON 0071
_ADCInit                       text11       16A4
_ADCON0bits                    (abs)        001F
_ADCON1bits                    (abs)        009F
_ADCRead                       text13       1724
_ADCResult                     bssBANK1     00DB
_ADRESH                        (abs)        001E
_ADRESL                        (abs)        009E
_DESLIGAR                      strings      0651
_DESLIGAR_BOMBA                strings      0652
_DESLIGAR_MOTOR                strings      0653
_Display                       bssBANK1     00D4
_INTCONbits                    (abs)        000B
_ISR                           text14       004B
_LCDClear                      text8        07BC
_LCD_INIT_STRING               strings      064D
_LIGAR                         strings      0654
_LIGAR_BOMBA                   strings      0655
_LIGAR_MOTOR                   strings      0656
_OERR                          (abs)        00C1
_PIE1bits                      (abs)        008C
_PIR1bits                      (abs)        000C
_PORTAbits                     (abs)        0005
_PORTBbits                     (abs)        0006
_PORTCbits                     (abs)        0007
_PORTDbits                     (abs)        0008
_RCREG                         (abs)        001A
_RCSTAbits                     (abs)        0018
_SPBRG                         (abs)        0099
_TRISA                         (abs)        0085
_TRISBbits                     (abs)        0086
_TRISCbits                     (abs)        0087
_TRISDbits                     (abs)        0088
_TXREG                         (abs)        0019
_TXSTAbits                     (abs)        0098
_USARTInit                     text6        0C7D
_USARTReceiveChar              text38       16D1
_USARTWriteChar                text40       1652
_USARTWriteString              text39       1764
__CFG_BOREN$ON                 (abs)        0000
__CFG_CP$OFF                   (abs)        0000
__CFG_CPD$OFF                  (abs)        0000
__CFG_FOSC$HS                  (abs)        0000
__CFG_LVP$OFF                  (abs)        0000
__CFG_PWRTE$ON                 (abs)        0000
__CFG_WDTE$OFF                 (abs)        0000
__CFG_WRT$OFF                  (abs)        0000
__Habs1                        abs1         0000
__Hbank0                       bank0        0000
__Hbank1                       bank1        0000
__Hbank2                       bank2        0000
__Hbank3                       bank3        0000
__HbssBANK0                    bssBANK0     0000
__HbssBANK1                    bssBANK1     0000
__HbssBANK3                    bssBANK3     0000
__Hcinit                       cinit        004B
__Hclrtext                     clrtext      0000
__Hcode                        code         0000
__Hcommon                      common       0000
__Hconfig                      config       2008
__HcstackBANK0                 cstackBANK0  0000
__HcstackBANK1                 cstackBANK1  0000
__HcstackBANK3                 cstackBANK3  0000
__HcstackCOMMON                cstackCOMMON 0000
__HdataBANK0                   dataBANK0    0000
__HdataBANK1                   dataBANK1    0000
__Heeprom_data                 eeprom_data  0000
__Hend_init                    end_init     0015
__Hfunctab                     functab      0000
__HidataBANK0                  idataBANK0   0000
__HidataBANK1                  idataBANK1   0000
__Hidloc                       idloc        0000
__Hinit                        init         0012
__Hinittext                    inittext     0000
__Hintentry                    intentry     0012
__Hmaintext                    maintext     0000
__Hpowerup                     powerup      0000
__Hram                         ram          0000
__Hreset_vec                   reset_vec    0003
__Hsfr0                        sfr0         0000
__Hsfr1                        sfr1         0000
__Hsfr2                        sfr2         0000
__Hsfr3                        sfr3         0000
__Hspace_0                     (abs)        2008
__Hspace_1                     (abs)        01BF
__Hspace_2                     (abs)        0000
__Hspace_3                     (abs)        0000
__Hstack                       stack        0000
__Hstrings                     strings      0000
__Htext                        text         0000
__Labs1                        abs1         0000
__Lbank0                       bank0        0000
__Lbank1                       bank1        0000
__Lbank2                       bank2        0000
__Lbank3                       bank3        0000
__LbssBANK0                    bssBANK0     0000
__LbssBANK1                    bssBANK1     0000
__LbssBANK3                    bssBANK3     0000
__Lcinit                       cinit        0015
__Lclrtext                     clrtext      0000
__Lcode                        code         0000
__Lcommon                      common       0000
__Lconfig                      config       2007
__LcstackBANK0                 cstackBANK0  0000
__LcstackBANK1                 cstackBANK1  0000
__LcstackBANK3                 cstackBANK3  0000
__LcstackCOMMON                cstackCOMMON 0000
__LdataBANK0                   dataBANK0    0000
__LdataBANK1                   dataBANK1    0000
__Leeprom_data                 eeprom_data  0000
__Lend_init                    end_init     0012
__Lfunctab                     functab      0000
__LidataBANK0                  idataBANK0   0000
__LidataBANK1                  idataBANK1   0000
__Lidloc                       idloc        0000
__Linit                        init         0012
__Linittext                    inittext     0000
__Lintentry                    intentry     0004
__Lmaintext                    maintext     0000
__Lpowerup                     powerup      0000
__Lram                         ram          0000
__Lreset_vec                   reset_vec    0000
__Lsfr0                        sfr0         0000
__Lsfr1                        sfr1         0000
__Lsfr2                        sfr2         0000
__Lsfr3                        sfr3         0000
__Lspace_0                     (abs)        0000
__Lspace_1                     (abs)        0000
__Lspace_2                     (abs)        0000
__Lspace_3                     (abs)        0000
__Lstack                       stack        0000
__Lstrings                     strings      0000
__Ltext                        text         0000
__S0                           (abs)        2008
__S1                           (abs)        01BF
__S2                           (abs)        0000
__S3                           (abs)        0000
___aldiv                       text7        0DFF
___aldiv@counter               cstackBANK3  0199
___aldiv@dividend              cstackBANK3  0194
___aldiv@divisor               cstackBANK3  0190
___aldiv@quotient              cstackBANK3  019B
___aldiv@sign                  cstackBANK3  019A
___awdiv                       text37       0A3D
___awdiv@counter               cstackCOMMON 0075
___awdiv@dividend              cstackCOMMON 0072
___awdiv@divisor               cstackCOMMON 0070
___awdiv@quotient              cstackCOMMON 0077
___awdiv@sign                  cstackCOMMON 0076
___awmod                       text36       0995
___awmod@counter               cstackBANK0  0020
___awmod@dividend              cstackCOMMON 007B
___awmod@divisor               cstackCOMMON 0079
___awmod@sign                  cstackBANK0  0021
___awtoft                      text34       1743
___awtoft@c                    cstackCOMMON 0078
___awtoft@sign                 cstackCOMMON 007D
___ftadd                       text29       050E
___ftadd@exp1                  cstackBANK0  0026
___ftadd@exp2                  cstackBANK0  0025
___ftadd@f1                    cstackCOMMON 0078
___ftadd@f2                    cstackCOMMON 007B
___ftadd@sign                  cstackBANK0  0024
___ftdiv                       text33       0E8E
___ftdiv@cntr                  cstackBANK0  003A
___ftdiv@exp                   cstackBANK0  003E
___ftdiv@f1                    cstackBANK0  0033
___ftdiv@f2                    cstackBANK0  0030
___ftdiv@f3                    cstackBANK0  003B
___ftdiv@sign                  cstackBANK0  003F
___ftge                        text32       0AF4
___ftge@ff1                    cstackCOMMON 0070
___ftge@ff2                    cstackCOMMON 0073
___ftmul                       text31       06E9
___ftmul@cntr                  cstackBANK0  002E
___ftmul@exp                   cstackBANK0  002A
___ftmul@f1                    cstackBANK0  0020
___ftmul@f2                    cstackBANK0  0023
___ftmul@f3_as_product         cstackBANK0  002B
___ftmul@sign                  cstackBANK0  002F
___ftneg                       text30       165A
___ftneg@f1                    cstackCOMMON 0070
___ftpack                      text35       0C15
___ftpack@arg                  cstackCOMMON 0070
___ftpack@exp                  cstackCOMMON 0073
___ftpack@sign                 cstackCOMMON 0074
___ftsub                       text28       16EC
___ftsub@f1                    cstackBANK0  002A
___ftsub@f2                    cstackBANK0  0027
___fttol                       text27       0D71
___fttol@exp1                  cstackBANK0  003D
___fttol@f1                    cstackBANK0  0030
___fttol@lval                  cstackBANK0  0039
___fttol@sign1                 cstackBANK0  0038
___int_sp                      stack        0000
___latbits                     (abs)        0002
___lldiv                       text25       0B51
___lldiv@counter               cstackCOMMON 007D
___lldiv@dividend              cstackCOMMON 0074
___lldiv@divisor               cstackCOMMON 0070
___lldiv@quotient              cstackCOMMON 0079
___llmod                       text24       0947
___llmod@counter               cstackBANK0  0029
___llmod@dividend              cstackBANK0  0024
___llmod@divisor               cstackBANK0  0020
___lltoft                      text26       17AA
___lltoft@c                    cstackCOMMON 0078
___lltoft@exp                  cstackCOMMON 007D
___sp                          stack        0000
___wmul                        text23       1787
___wmul@multiplicand           cstackCOMMON 0072
___wmul@multiplier             cstackCOMMON 0070
___wmul@product                cstackCOMMON 0074
__end_of_ADCInit               text11       16B7
__end_of_ADCRead               text13       1743
__end_of_DESLIGAR              strings      0652
__end_of_DESLIGAR_BOMBA        strings      0653
__end_of_DESLIGAR_MOTOR        strings      0654
__end_of_ISR                   text14       02D2
__end_of_LCDClear              text8        07FC
__end_of_LCD_INIT_STRING       strings      0651
__end_of_LIGAR                 strings      0655
__end_of_LIGAR_BOMBA           strings      0656
__end_of_LIGAR_MOTOR           strings      0657
__end_of_USARTInit             text6        0CED
__end_of_USARTReceiveChar      text38       16EC
__end_of_USARTWriteChar        text40       165A
__end_of_USARTWriteString      text39       1787
__end_of___aldiv               text7        0E8E
__end_of___awdiv               text37       0A98
__end_of___awmod               text36       09E4
__end_of___awtoft              text34       1764
__end_of___ftadd               text29       0615
__end_of___ftdiv               text33       0F46
__end_of___ftge                text32       0B51
__end_of___ftmul               text31       07BC
__end_of___ftneg               text30       1662
__end_of___ftpack              text35       0C7D
__end_of___ftsub               text28       1708
__end_of___fttol               text27       0DFF
__end_of___lldiv               text25       0BAF
__end_of___llmod               text24       0995
__end_of___lltoft              text26       17D5
__end_of___wmul                text23       17AA
__end_of__initialization       cinit        0047
__end_of__stringdata           strings      06E9
__end_of__stringtab            strings      0625
__end_of_ativar                text12       0AF4
__end_of_dpowers               strings      064D
__end_of_ftoa                  text20       1000
__end_of_inicialize            text1        0D71
__end_of_init_lcd_4bit         text5        0C15
__end_of_isdigit               text22       1683
__end_of_lcd_envia_byte        text9        088C
__end_of_lcd_envia_nibble      text10       0A3D
__end_of_lcd_escreve_string    text2        0857
__end_of_lcd_gotoxy            text4        1724
__end_of_lcd_putc              text3        0947
__end_of_main                  maintext     1675
__end_of_sprintf               text21       050E
__end_ofi1_lcd_envia_byte      text18       1800
__end_ofi1_lcd_envia_nibble    text19       08C5
__end_ofi1_lcd_escreve_string  text15       0826
__end_ofi1_lcd_gotoxy          text17       16D1
__end_ofi1_lcd_putc            text16       0900
__initialization               cinit        0015
__pbssBANK0                    bssBANK0     005A
__pbssBANK1                    bssBANK1     00D4
__pbssBANK3                    bssBANK3     01AE
__pcstackBANK0                 cstackBANK0  0020
__pcstackBANK1                 cstackBANK1  00A0
__pcstackBANK3                 cstackBANK3  0190
__pcstackCOMMON                cstackCOMMON 0070
__pdataBANK0                   dataBANK0    0064
__pdataBANK1                   dataBANK1    00C4
__pidataBANK0                  idataBANK0   07FC
__pidataBANK1                  idataBANK1   1683
__pintentry                    intentry     0004
__pmaintext                    maintext     166A
__pstrings                     strings      0615
__ptext1                       text1        0CED
__ptext10                      text10       09E4
__ptext11                      text11       16A4
__ptext12                      text12       0A98
__ptext13                      text13       1724
__ptext14                      text14       004B
__ptext15                      text15       0803
__ptext16                      text16       08C5
__ptext17                      text17       16B7
__ptext18                      text18       17D5
__ptext19                      text19       088C
__ptext2                       text2        0826
__ptext20                      text20       0F46
__ptext21                      text21       02D2
__ptext22                      text22       1675
__ptext23                      text23       1787
__ptext24                      text24       0947
__ptext25                      text25       0B51
__ptext26                      text26       17AA
__ptext27                      text27       0D71
__ptext28                      text28       16EC
__ptext29                      text29       050E
__ptext3                       text3        0900
__ptext30                      text30       165A
__ptext31                      text31       06E9
__ptext32                      text32       0AF4
__ptext33                      text33       0E8E
__ptext34                      text34       1743
__ptext35                      text35       0C15
__ptext36                      text36       0995
__ptext37                      text37       0A3D
__ptext38                      text38       16D1
__ptext39                      text39       1764
__ptext4                       text4        1708
__ptext40                      text40       1652
__ptext5                       text5        0BAF
__ptext6                       text6        0C7D
__ptext7                       text7        0DFF
__ptext8                       text8        07BC
__ptext9                       text9        0857
__size_of_ADCInit              (abs)        0000
__size_of_ADCRead              (abs)        0000
__size_of_ISR                  (abs)        0000
__size_of_LCDClear             (abs)        0000
__size_of_USARTInit            (abs)        0000
__size_of_USARTReceiveChar     (abs)        0000
__size_of_USARTWriteChar       (abs)        0000
__size_of_USARTWriteString     (abs)        0000
__size_of___aldiv              (abs)        0000
__size_of___awdiv              (abs)        0000
__size_of___awmod              (abs)        0000
__size_of___awtoft             (abs)        0000
__size_of___ftadd              (abs)        0000
__size_of___ftdiv              (abs)        0000
__size_of___ftge               (abs)        0000
__size_of___ftmul              (abs)        0000
__size_of___ftneg              (abs)        0000
__size_of___ftpack             (abs)        0000
__size_of___ftsub              (abs)        0000
__size_of___fttol              (abs)        0000
__size_of___lldiv              (abs)        0000
__size_of___llmod              (abs)        0000
__size_of___lltoft             (abs)        0000
__size_of___wmul               (abs)        0000
__size_of_ativar               (abs)        0000
__size_of_ftoa                 (abs)        0000
__size_of_inicialize           (abs)        0000
__size_of_init_lcd_4bit        (abs)        0000
__size_of_isdigit              (abs)        0000
__size_of_lcd_envia_byte       (abs)        0000
__size_of_lcd_envia_nibble     (abs)        0000
__size_of_lcd_escreve_string   (abs)        0000
__size_of_lcd_gotoxy           (abs)        0000
__size_of_lcd_putc             (abs)        0000
__size_of_main                 (abs)        0000
__size_of_sprintf              (abs)        0000
__size_ofi1_lcd_envia_byte     (abs)        0000
__size_ofi1_lcd_envia_nibble   (abs)        0000
__size_ofi1_lcd_escreve_string (abs)        0000
__size_ofi1_lcd_gotoxy         (abs)        0000
__size_ofi1_lcd_putc           (abs)        0000
__stringbase                   strings      0624
__stringdata                   strings      0657
__stringtab                    strings      0615
_ativar                        text12       0A98
_countInferior                 bssBANK0     005A
_countSuperior                 bssBANK0     005C
_dpowers                       strings      0625
_flag_Start                    bssBANK1     00DD
_flag_an                       dataBANK0    0064
_ftoa                          text20       0F46
_inicialize                    text1        0CED
_init_lcd_4bit                 text5        0BAF
_isdigit                       text22       1675
_isdigit$887                   cstackCOMMON 0070
_lcd_envia_byte                text9        0857
_lcd_envia_nibble              text10       09E4
_lcd_escreve_string            text2        0826
_lcd_gotoxy                    text4        1708
_lcd_putc                      text3        0900
_main                          maintext     166A
_nivelInferior                 bssBANK0     005E
_nivelSuperior                 bssBANK0     0060
_recipiente                    bssBANK0     0062
_sprintf                       text21       02D2
btemp                          (abs)        007E
clear_ram0                     clrtext      1662
end_of_initialization          cinit        0047
ftoa@buf                       bssBANK3     01AE
ftoa@cp                        cstackBANK0  0051
ftoa@f                         cstackBANK0  0044
ftoa@l                         cstackBANK0  004D
ftoa@rem                       cstackBANK0  0049
ftoa@status                    cstackBANK0  0047
i1_lcd_envia_byte              text18       17D5
i1_lcd_envia_nibble            text19       088C
i1_lcd_escreve_string          text15       0803
i1_lcd_gotoxy                  text17       16B7
i1_lcd_putc                    text16       08C5
i1lcd_envia_byte@address       cstackCOMMON 0074
i1lcd_envia_byte@n             cstackCOMMON 0072
i1lcd_envia_nibble@n           cstackCOMMON 0071
i1lcd_escreve_string@y         cstackCOMMON 007C
i1lcd_gotoxy@address           cstackCOMMON 0078
i1lcd_gotoxy@x                 cstackCOMMON 0077
i1lcd_gotoxy@y                 cstackCOMMON 0075
i1lcd_putc@c                   cstackCOMMON 007B
init_fetch0                    inittext     1693
init_lcd_4bit@i                cstackBANK3  0197
init_ram0                      inittext     1697
interrupt_function             intentry     0004
intlevel0                      functab      0000
intlevel1                      functab      0000
intlevel2                      functab      0000
intlevel3                      functab      0000
intlevel4                      functab      0000
intlevel5                      functab      0000
isdigit@c                      cstackCOMMON 0071
lcd_envia_byte@address         cstackBANK3  0194
lcd_envia_byte@n               cstackBANK3  0192
lcd_envia_nibble@n             cstackBANK3  0191
lcd_escreve_string@y           cstackBANK3  019C
lcd_gotoxy@address             cstackBANK3  0198
lcd_gotoxy@x                   cstackBANK3  0197
lcd_gotoxy@y                   cstackBANK3  0195
lcd_putc@c                     cstackBANK3  019B
ltemp                          (abs)        007E
ltemp0                         (abs)        007E
ltemp1                         (abs)        0082
ltemp2                         (abs)        0086
ltemp3                         (abs)        0080
reset_vec                      reset_vec    0000
saved_w                        (abs)        007E
sprintf@_val                   cstackBANK0  003A
sprintf@ap                     cstackBANK0  0039
sprintf@c                      cstackBANK0  0043
sprintf@f                      cstackBANK0  002A
sprintf@flag                   cstackBANK0  0038
sprintf@prec                   cstackBANK0  0041
sprintf@sp                     cstackBANK0  003E
sprintf@width                  cstackBANK0  003F
stackhi                        (abs)        0000
stacklo                        (abs)        0000
start                          init         0012
start_initialization           cinit        0015
ttemp                          (abs)        007E
ttemp0                         (abs)        007E
ttemp1                         (abs)        0081
ttemp2                         (abs)        0084
ttemp3                         (abs)        0087
ttemp4                         (abs)        007F
wtemp                          (abs)        007E
wtemp0                         (abs)        007E
wtemp1                         (abs)        0080
wtemp2                         (abs)        0082
wtemp3                         (abs)        0084
wtemp4                         (abs)        0086
wtemp5                         (abs)        0088
wtemp6                         (abs)        007F


FUNCTION INFORMATION:

 *************** function _main *****************
 Defined at:
		line 312 in file "main.c"
 Parameters:    Size  Location     Type
		None
 Auto vars:     Size  Location     Type
		None
 Return value:  Size  Location     Type
		None               void
 Registers used:
		wreg, fsr0l, fsr0h, status,2, status,0, btemp+1, pclath, cstack
 Tracked objects:
		On entry : 
		On exit  : 
		Unchanged: 
 Data sizes:     COMMON   BANK0   BANK1   BANK3   BANK2
      Params:         0       0       0       0       0
      Locals:         0       0       0       0       0
      Temps:          0       0       0       0       0
      Totals:         0       0       0       0       0
Total ram usage:        0 bytes
 Hardware stack levels required when called:   12
 This function calls:
		_ativar
		_inicialize
 This function is called by:
		Startup code after reset
 This function uses a non-reentrant model


 *************** function _inicialize *****************
 Defined at:
		line 265 in file "main.c"
 Parameters:    Size  Location     Type
		None
 Auto vars:     Size  Location     Type
		None
 Return value:  Size  Location     Type
		None               void
 Registers used:
		wreg, fsr0l, fsr0h, status,2, status,0, btemp+1, pclath, cstack
 Tracked objects:
		On entry : 
		On exit  : 
		Unchanged: 
 Data sizes:     COMMON   BANK0   BANK1   BANK3   BANK2
      Params:         0       0       0       0       0
      Locals:         0       0       0       0       0
      Temps:          0       0       0       3       0
      Totals:         0       0       0       3       0
Total ram usage:        3 bytes
 Hardware stack levels used:    1
 Hardware stack levels required when called:   11
 This function calls:
		_ADCInit
		_LCDClear
		_USARTInit
		_init_lcd_4bit
		_lcd_escreve_string
 This function is called by:
		_main
 This function uses a non-reentrant model


 *************** function _lcd_escreve_string *****************
 Defined at:
		line 168 in file "lcd_4bit.c"
 Parameters:    Size  Location     Type
  y               2   12[BANK3 ] PTR const unsigned char 
		 -> ftoa@buf(17), STR_7(16), STR_4(2), STR_2(7), 
		 -> ISR@aux(16), 
 Auto vars:     Size  Location     Type
		None
 Return value:  Size  Location     Type
		None               void
 Registers used:
		wreg, fsr0l, fsr0h, status,2, status,0, btemp+1, pclath, cstack
 Tracked objects:
		On entry : 
		On exit  : 
		Unchanged: 
 Data sizes:     COMMON   BANK0   BANK1   BANK3   BANK2
      Params:         0       0       0       2       0
      Locals:         0       0       0       0       0
      Temps:          0       0       0       0       0
      Totals:         0       0       0       2       0
Total ram usage:        2 bytes
 Hardware stack levels used:    1
 Hardware stack levels required when called:   10
 This function calls:
		_lcd_putc
 This function is called by:
		_inicialize
 This function uses a non-reentrant model


 *************** function _lcd_putc *****************
 Defined at:
		line 82 in file "lcd_4bit.c"
 Parameters:    Size  Location     Type
  c               1    wreg     unsigned char 
 Auto vars:     Size  Location     Type
  c               1   11[BANK3 ] unsigned char 
 Return value:  Size  Location     Type
		None               void
 Registers used:
		wreg, fsr0l, fsr0h, status,2, status,0, pclath, cstack
 Tracked objects:
		On entry : 
		On exit  : 
		Unchanged: 
 Data sizes:     COMMON   BANK0   BANK1   BANK3   BANK2
      Params:         0       0       0       0       0
      Locals:         0       0       0       1       0
      Temps:          0       0       0       2       0
      Totals:         0       0       0       3       0
Total ram usage:        3 bytes
 Hardware stack levels used:    1
 Hardware stack levels required when called:    9
 This function calls:
		_lcd_envia_byte
		_lcd_gotoxy
 This function is called by:
		_lcd_escreve_string
		_lcd_escreve_p
 This function uses a non-reentrant model


 *************** function _lcd_gotoxy *****************
 Defined at:
		line 70 in file "lcd_4bit.c"
 Parameters:    Size  Location     Type
  x               1    wreg     unsigned char 
  y               1    5[BANK3 ] unsigned char 
 Auto vars:     Size  Location     Type
  x               1    7[BANK3 ] unsigned char 
  address         1    8[BANK3 ] unsigned char 
 Return value:  Size  Location     Type
		None               void
 Registers used:
		wreg, status,2, status,0, pclath, cstack
 Tracked objects:
		On entry : 
		On exit  : 
		Unchanged: 
 Data sizes:     COMMON   BANK0   BANK1   BANK3   BANK2
      Params:         0       0       0       1       0
      Locals:         0       0       0       2       0
      Temps:          0       0       0       1       0
      Totals:         0       0       0       4       0
Total ram usage:        4 bytes
 Hardware stack levels used:    1
 Hardware stack levels required when called:    8
 This function calls:
		_lcd_envia_byte
 This function is called by:
		_lcd_putc
 This function uses a non-reentrant model


 *************** function _init_lcd_4bit *****************
 Defined at:
		line 6 in file "lcd_4bit.c"
 Parameters:    Size  Location     Type
		None
 Auto vars:     Size  Location     Type
  i               1    7[BANK3 ] unsigned char 
 Return value:  Size  Location     Type
		None               void
 Registers used:
		wreg, fsr0l, fsr0h, status,2, status,0, pclath, cstack
 Tracked objects:
		On entry : 
		On exit  : 
		Unchanged: 
 Data sizes:     COMMON   BANK0   BANK1   BANK3   BANK2
      Params:         0       0       0       0       0
      Locals:         0       0       0       1       0
      Temps:          0       0       0       2       0
      Totals:         0       0       0       3       0
Total ram usage:        3 bytes
 Hardware stack levels used:    1
 Hardware stack levels required when called:    8
 This function calls:
		_lcd_envia_byte
		_lcd_envia_nibble
 This function is called by:
		_inicialize
 This function uses a non-reentrant model


 *************** function _USARTInit *****************
 Defined at:
		line 36 in file "main.c"
 Parameters:    Size  Location     Type
  BaudRate        4   15[BANK3 ] long 
  Mode            2   19[BANK3 ] int 
 Auto vars:     Size  Location     Type
  BR              2   25[BANK3 ] int 
 Return value:  Size  Location     Type
		None               void
 Registers used:
		wreg, status,2, status,0, pclath, cstack
 Tracked objects:
		On entry : 
		On exit  : 
		Unchanged: 
 Data sizes:     COMMON   BANK0   BANK1   BANK3   BANK2
      Params:         0       0       0       6       0
      Locals:         0       0       0       2       0
      Temps:          0       0       0       4       0
      Totals:         0       0       0      12       0
Total ram usage:       12 bytes
 Hardware stack levels used:    1
 Hardware stack levels required when called:    7
 This function calls:
		___aldiv
 This function is called by:
		_inicialize
 This function uses a non-reentrant model


 *************** function ___aldiv *****************
 Defined at:
		line 6 in file "C:\Program Files\Microchip\xc8\v1.32\sources\common\aldiv.c"
 Parameters:    Size  Location     Type
  divisor         4    0[BANK3 ] long 
  dividend        4    4[BANK3 ] long 
 Auto vars:     Size  Location     Type
  quotient        4   11[BANK3 ] long 
  sign            1   10[BANK3 ] unsigned char 
  counter         1    9[BANK3 ] unsigned char 
 Return value:  Size  Location     Type
                  4    0[BANK3 ] long 
 Registers used:
		wreg, status,2, status,0
 Tracked objects:
		On entry : 
		On exit  : 
		Unchanged: 
 Data sizes:     COMMON   BANK0   BANK1   BANK3   BANK2
      Params:         0       0       0       8       0
      Locals:         0       0       0       6       0
      Temps:          0       0       0       1       0
      Totals:         0       0       0      15       0
Total ram usage:       15 bytes
 Hardware stack levels used:    1
 Hardware stack levels required when called:    6
 This function calls:
		Nothing
 This function is called by:
		_USARTInit
 This function uses a non-reentrant model


 *************** function _LCDClear *****************
 Defined at:
		line 179 in file "lcd_4bit.c"
 Parameters:    Size  Location     Type
		None
 Auto vars:     Size  Location     Type
		None
 Return value:  Size  Location     Type
		None               void
 Registers used:
		wreg, status,2, status,0, pclath, cstack
 Tracked objects:
		On entry : 
		On exit  : 
		Unchanged: 
 Data sizes:     COMMON   BANK0   BANK1   BANK3   BANK2
      Params:         0       0       0       0       0
      Locals:         0       0       0       0       0
      Temps:          0       0       0       2       0
      Totals:         0       0       0       2       0
Total ram usage:        2 bytes
 Hardware stack levels used:    1
 Hardware stack levels required when called:    8
 This function calls:
		_lcd_envia_byte
 This function is called by:
		_inicialize
 This function uses a non-reentrant model


 *************** function _lcd_envia_byte *****************
 Defined at:
		line 53 in file "lcd_4bit.c"
 Parameters:    Size  Location     Type
  address         1    wreg     unsigned char 
  n               1    2[BANK3 ] unsigned char 
 Auto vars:     Size  Location     Type
  address         1    4[BANK3 ] unsigned char 
 Return value:  Size  Location     Type
		None               void
 Registers used:
		wreg, status,2, status,0, pclath, cstack
 Tracked objects:
		On entry : 
		On exit  : 
		Unchanged: 
 Data sizes:     COMMON   BANK0   BANK1   BANK3   BANK2
      Params:         0       0       0       1       0
      Locals:         0       0       0       1       0
      Temps:          0       0       0       1       0
      Totals:         0       0       0       3       0
Total ram usage:        3 bytes
 Hardware stack levels used:    1
 Hardware stack levels required when called:    7
 This function calls:
		_lcd_envia_nibble
 This function is called by:
		_init_lcd_4bit
		_lcd_gotoxy
		_lcd_putc
		_LCDClear
 This function uses a non-reentrant model


 *************** function _lcd_envia_nibble *****************
 Defined at:
		line 39 in file "lcd_4bit.c"
 Parameters:    Size  Location     Type
  n               1    wreg     unsigned char 
 Auto vars:     Size  Location     Type
  n               1    1[BANK3 ] unsigned char 
 Return value:  Size  Location     Type
		None               void
 Registers used:
		wreg, status,2, status,0
 Tracked objects:
		On entry : 
		On exit  : 
		Unchanged: 
 Data sizes:     COMMON   BANK0   BANK1   BANK3   BANK2
      Params:         0       0       0       0       0
      Locals:         0       0       0       1       0
      Temps:          0       0       0       1       0
      Totals:         0       0       0       2       0
Total ram usage:        2 bytes
 Hardware stack levels used:    1
 Hardware stack levels required when called:    6
 This function calls:
		Nothing
 This function is called by:
		_init_lcd_4bit
		_lcd_envia_byte
 This function uses a non-reentrant model


 *************** function _ADCInit *****************
 Defined at:
		line 118 in file "main.c"
 Parameters:    Size  Location     Type
		None
 Auto vars:     Size  Location     Type
		None
 Return value:  Size  Location     Type
		None               void
 Registers used:
		None
 Tracked objects:
		On entry : 
		On exit  : 
		Unchanged: 
 Data sizes:     COMMON   BANK0   BANK1   BANK3   BANK2
      Params:         0       0       0       0       0
      Locals:         0       0       0       0       0
      Temps:          0       0       0       0       0
      Totals:         0       0       0       0       0
Total ram usage:        0 bytes
 Hardware stack levels used:    1
 Hardware stack levels required when called:    6
 This function calls:
		Nothing
 This function is called by:
		_inicialize
 This function uses a non-reentrant model


 *************** function _ativar *****************
 Defined at:
		line 292 in file "main.c"
 Parameters:    Size  Location     Type
		None
 Auto vars:     Size  Location     Type
		None
 Return value:  Size  Location     Type
		None               void
 Registers used:
		wreg, status,2, status,0, pclath, cstack
 Tracked objects:
		On entry : 
		On exit  : 
		Unchanged: 
 Data sizes:     COMMON   BANK0   BANK1   BANK3   BANK2
      Params:         0       0       0       0       0
      Locals:         0       0       0       0       0
      Temps:          0       0       0       3       0
      Totals:         0       0       0       3       0
Total ram usage:        3 bytes
 Hardware stack levels used:    1
 Hardware stack levels required when called:    7
 This function calls:
		_ADCRead
 This function is called by:
		_main
 This function uses a non-reentrant model


 *************** function _ADCRead *****************
 Defined at:
		line 140 in file "main.c"
 Parameters:    Size  Location     Type
  ch              2    0[BANK3 ] int 
 Auto vars:     Size  Location     Type
		None
 Return value:  Size  Location     Type
		None               void
 Registers used:
		wreg, status,2, status,0
 Tracked objects:
		On entry : 
		On exit  : 
		Unchanged: 
 Data sizes:     COMMON   BANK0   BANK1   BANK3   BANK2
      Params:         0       0       0       2       0
      Locals:         0       0       0       0       0
      Temps:          0       0       0       1       0
      Totals:         0       0       0       3       0
Total ram usage:        3 bytes
 Hardware stack levels used:    1
 Hardware stack levels required when called:    6
 This function calls:
		Nothing
 This function is called by:
		_ativar
 This function uses a non-reentrant model


 *************** function _ISR *****************
 Defined at:
		line 157 in file "main.c"
 Parameters:    Size  Location     Type
		None
 Auto vars:     Size  Location     Type
  aux            16    0[BANK1 ] unsigned char [16]
  input2          3   32[BANK1 ] float 
  input           3   29[BANK1 ] float 
  pre             3   21[BANK1 ] float 
  i               2   26[BANK1 ] int 
  preint          2   24[BANK1 ] int 
  status2         2   19[BANK1 ] int 
  status          2   17[BANK1 ] int 
  status3         2    0        int 
  qtdc            2    0        PTR unsigned char 
  teste           2    0        PTR unsigned char 
  per             1   35[BANK1 ] PTR unsigned char 
		 -> ftoa@buf(17), 
  result          1   28[BANK1 ] PTR unsigned char 
		 -> ISR@aux(16), 
  buf             1   16[BANK1 ] PTR unsigned char 
		 -> ftoa@buf(17), 
 Return value:  Size  Location     Type
		None               void
 Registers used:
		wreg, fsr0l, fsr0h, status,2, status,0, btemp+1, pclath, cstack
 Tracked objects:
		On entry : 
		On exit  : 
		Unchanged: 
 Data sizes:     COMMON   BANK0   BANK1   BANK3   BANK2
      Params:         0       0       0       0       0
      Locals:         0       0      36       0       0
      Temps:          0       8       0       0       0
      Totals:         0       8      36       0       0
Total ram usage:       44 bytes
 Hardware stack levels used:    1
 Hardware stack levels required when called:    5
 This function calls:
		_USARTReceiveChar
		_USARTWriteChar
		_USARTWriteString
		___awdiv
		___awmod
		___awtoft
		___ftdiv
		___ftmul
		___fttol
		_ftoa
		i1_lcd_escreve_string
		i1_lcd_gotoxy
 This function is called by:
		Interrupt level 1
 This function uses a non-reentrant model


 *************** function i1_lcd_escreve_string *****************
 Defined at:
		line 168 in file "lcd_4bit.c"
 Parameters:    Size  Location     Type
  y               2   12[COMMON] PTR const unsigned char 
		 -> ftoa@buf(17), STR_7(16), STR_4(2), STR_2(7), 
		 -> ISR@aux(16), 
 Auto vars:     Size  Location     Type
		None
 Return value:  Size  Location     Type
		None               void
 Registers used:
		wreg, fsr0l, fsr0h, status,2, status,0, btemp+1, pclath, cstack
 Tracked objects:
		On entry : 
		On exit  : 
		Unchanged: 
 Data sizes:     COMMON   BANK0   BANK1   BANK3   BANK2
      Params:         2       0       0       0       0
      Locals:         0       0       0       0       0
      Temps:          0       0       0       0       0
      Totals:         2       0       0       0       0
Total ram usage:        2 bytes
 Hardware stack levels used:    1
 Hardware stack levels required when called:    4
 This function calls:
		i1_lcd_putc
 This function is called by:
		_ISR
 This function uses a non-reentrant model


 *************** function i1_lcd_putc *****************
 Defined at:
		line 82 in file "lcd_4bit.c"
 Parameters:    Size  Location     Type
  c               1    wreg     unsigned char 
 Auto vars:     Size  Location     Type
  c               1   11[COMMON] unsigned char 
 Return value:  Size  Location     Type
		None               void
 Registers used:
		wreg, fsr0l, fsr0h, status,2, status,0, pclath, cstack
 Tracked objects:
		On entry : 
		On exit  : 
		Unchanged: 
 Data sizes:     COMMON   BANK0   BANK1   BANK3   BANK2
      Params:         0       0       0       0       0
      Locals:         1       0       0       0       0
      Temps:          2       0       0       0       0
      Totals:         3       0       0       0       0
Total ram usage:        3 bytes
 Hardware stack levels used:    1
 Hardware stack levels required when called:    3
 This function calls:
		i1_lcd_envia_byte
		i1_lcd_gotoxy
 This function is called by:
		i1_lcd_escreve_string
 This function uses a non-reentrant model


 *************** function i1_lcd_gotoxy *****************
 Defined at:
		line 70 in file "lcd_4bit.c"
 Parameters:    Size  Location     Type
  x               1    wreg     unsigned char 
  y               1    5[COMMON] unsigned char 
 Auto vars:     Size  Location     Type
  x               1    7[COMMON] unsigned char 
  lcd_gotoxy      1    8[COMMON] unsigned char 
 Return value:  Size  Location     Type
		None               void
 Registers used:
		wreg, status,2, status,0, pclath, cstack
 Tracked objects:
		On entry : 
		On exit  : 
		Unchanged: 
 Data sizes:     COMMON   BANK0   BANK1   BANK3   BANK2
      Params:         1       0       0       0       0
      Locals:         2       0       0       0       0
      Temps:          1       0       0       0       0
      Totals:         4       0       0       0       0
Total ram usage:        4 bytes
 Hardware stack levels used:    1
 Hardware stack levels required when called:    2
 This function calls:
		i1_lcd_envia_byte
 This function is called by:
		_ISR
		i1_lcd_putc
 This function uses a non-reentrant model


 *************** function i1_lcd_envia_byte *****************
 Defined at:
		line 53 in file "lcd_4bit.c"
 Parameters:    Size  Location     Type
  address         1    wreg     unsigned char 
  n               1    2[COMMON] unsigned char 
 Auto vars:     Size  Location     Type
  address         1    4[COMMON] unsigned char 
 Return value:  Size  Location     Type
		None               void
 Registers used:
		wreg, status,2, status,0, pclath, cstack
 Tracked objects:
		On entry : 
		On exit  : 
		Unchanged: 
 Data sizes:     COMMON   BANK0   BANK1   BANK3   BANK2
      Params:         1       0       0       0       0
      Locals:         1       0       0       0       0
      Temps:          1       0       0       0       0
      Totals:         3       0       0       0       0
Total ram usage:        3 bytes
 Hardware stack levels used:    1
 Hardware stack levels required when called:    1
 This function calls:
		i1_lcd_envia_nibble
 This function is called by:
		i1_lcd_gotoxy
		i1_lcd_putc
 This function uses a non-reentrant model


 *************** function i1_lcd_envia_nibble *****************
 Defined at:
		line 39 in file "lcd_4bit.c"
 Parameters:    Size  Location     Type
  n               1    wreg     unsigned char 
 Auto vars:     Size  Location     Type
  n               1    1[COMMON] unsigned char 
 Return value:  Size  Location     Type
		None               void
 Registers used:
		wreg, status,2, status,0
 Tracked objects:
		On entry : 
		On exit  : 
		Unchanged: 
 Data sizes:     COMMON   BANK0   BANK1   BANK3   BANK2
      Params:         0       0       0       0       0
      Locals:         1       0       0       0       0
      Temps:          1       0       0       0       0
      Totals:         2       0       0       0       0
Total ram usage:        2 bytes
 Hardware stack levels used:    1
 This function calls:
		Nothing
 This function is called by:
		i1_lcd_envia_byte
 This function uses a non-reentrant model


 *************** function _ftoa *****************
 Defined at:
		line 6 in file "C:\Program Files\Microchip\xc8\v1.32\sources\common\ftoa.c"
 Parameters:    Size  Location     Type
  f               3   36[BANK0 ] float 
  status          1   39[BANK0 ] PTR int 
		 -> ISR@status2(2), ISR@status(2), 
 Auto vars:     Size  Location     Type
  l               4   45[BANK0 ] unsigned long 
  rem             4   41[BANK0 ] unsigned long 
  cp              1   49[BANK0 ] PTR unsigned char 
		 -> ftoa@buf(17), 
 Return value:  Size  Location     Type
                  1    wreg      PTR unsigned char 
 Registers used:
		wreg, fsr0l, fsr0h, status,2, status,0, pclath, cstack
 Tracked objects:
		On entry : 
		On exit  : 
		Unchanged: 
 Data sizes:     COMMON   BANK0   BANK1   BANK3   BANK2
      Params:         0       4       0       0       0
      Locals:         0       9       0       0       0
      Temps:          0       1       0       0       0
      Totals:         0      14       0       0       0
Total ram usage:       14 bytes
 Hardware stack levels used:    1
 Hardware stack levels required when called:    3
 This function calls:
		___ftge
		___ftmul
		___ftneg
		___ftsub
		___fttol
		___lltoft
		_sprintf
 This function is called by:
		_ISR
 This function uses a non-reentrant model


 *************** function _sprintf *****************
 Defined at:
		line 492 in file "C:\Program Files\Microchip\xc8\v1.32\sources\common\doprnt.c"
 Parameters:    Size  Location     Type
  sp              1    wreg     PTR unsigned char 
		 -> ftoa@buf(17), 
  f               1   10[BANK0 ] PTR const unsigned char 
		 -> STR_8(11), 
 Auto vars:     Size  Location     Type
  sp              1   30[BANK0 ] PTR unsigned char 
		 -> ftoa@buf(17), 
  _val            4   26[BANK0 ] struct .
  prec            2   33[BANK0 ] int 
  width           2   31[BANK0 ] int 
  c               1   35[BANK0 ] char 
  ap              1   25[BANK0 ] PTR void [1]
		 -> ?_sprintf(2), 
  flag            1   24[BANK0 ] unsigned char 
 Return value:  Size  Location     Type
                  2   10[BANK0 ] int 
 Registers used:
		wreg, fsr0l, fsr0h, status,2, status,0, pclath, cstack
 Tracked objects:
		On entry : 
		On exit  : 
		Unchanged: 
 Data sizes:     COMMON   BANK0   BANK1   BANK3   BANK2
      Params:         0       9       0       0       0
      Locals:         0      12       0       0       0
      Temps:          0       5       0       0       0
      Totals:         0      26       0       0       0
Total ram usage:       26 bytes
 Hardware stack levels used:    1
 Hardware stack levels required when called:    1
 This function calls:
		___lldiv
		___llmod
		___wmul
		_isdigit
 This function is called by:
		_ftoa
 This function uses a non-reentrant model


 *************** function _isdigit *****************
 Defined at:
		line 8 in file "C:\Program Files\Microchip\xc8\v1.32\sources\common\isdigit.c"
 Parameters:    Size  Location     Type
  c               1    wreg     unsigned char 
 Auto vars:     Size  Location     Type
  c               1    1[COMMON] unsigned char 
 Return value:  Size  Location     Type
		None               void
 Registers used:
		wreg, status,2, status,0
 Tracked objects:
		On entry : 
		On exit  : 
		Unchanged: 
 Data sizes:     COMMON   BANK0   BANK1   BANK3   BANK2
      Params:         0       0       0       0       0
      Locals:         2       0       0       0       0
      Temps:          0       0       0       0       0
      Totals:         2       0       0       0       0
Total ram usage:        2 bytes
 Hardware stack levels used:    1
 This function calls:
		Nothing
 This function is called by:
		_sprintf
 This function uses a non-reentrant model


 *************** function ___wmul *****************
 Defined at:
		line 15 in file "C:\Program Files\Microchip\xc8\v1.32\sources\common\Umul16.c"
 Parameters:    Size  Location     Type
  multiplier      2    0[COMMON] unsigned int 
  multiplicand    2    2[COMMON] unsigned int 
 Auto vars:     Size  Location     Type
  product         2    4[COMMON] unsigned int 
 Return value:  Size  Location     Type
                  2    0[COMMON] unsigned int 
 Registers used:
		wreg, status,2, status,0
 Tracked objects:
		On entry : 
		On exit  : 
		Unchanged: 
 Data sizes:     COMMON   BANK0   BANK1   BANK3   BANK2
      Params:         4       0       0       0       0
      Locals:         2       0       0       0       0
      Temps:          0       0       0       0       0
      Totals:         6       0       0       0       0
Total ram usage:        6 bytes
 Hardware stack levels used:    1
 This function calls:
		Nothing
 This function is called by:
		_sprintf
 This function uses a non-reentrant model


 *************** function ___llmod *****************
 Defined at:
		line 6 in file "C:\Program Files\Microchip\xc8\v1.32\sources\common\llmod.c"
 Parameters:    Size  Location     Type
  divisor         4    0[BANK0 ] unsigned long 
  dividend        4    4[BANK0 ] unsigned long 
 Auto vars:     Size  Location     Type
  counter         1    9[BANK0 ] unsigned char 
 Return value:  Size  Location     Type
                  4    0[BANK0 ] unsigned long 
 Registers used:
		wreg, status,2, status,0
 Tracked objects:
		On entry : 
		On exit  : 
		Unchanged: 
 Data sizes:     COMMON   BANK0   BANK1   BANK3   BANK2
      Params:         0       8       0       0       0
      Locals:         0       1       0       0       0
      Temps:          0       1       0       0       0
      Totals:         0      10       0       0       0
Total ram usage:       10 bytes
 Hardware stack levels used:    1
 This function calls:
		Nothing
 This function is called by:
		_sprintf
 This function uses a non-reentrant model


 *************** function ___lldiv *****************
 Defined at:
		line 6 in file "C:\Program Files\Microchip\xc8\v1.32\sources\common\lldiv.c"
 Parameters:    Size  Location     Type
  divisor         4    0[COMMON] unsigned long 
  dividend        4    4[COMMON] unsigned long 
 Auto vars:     Size  Location     Type
  quotient        4    9[COMMON] unsigned long 
  counter         1   13[COMMON] unsigned char 
 Return value:  Size  Location     Type
                  4    0[COMMON] unsigned long 
 Registers used:
		wreg, status,2, status,0
 Tracked objects:
		On entry : 
		On exit  : 
		Unchanged: 
 Data sizes:     COMMON   BANK0   BANK1   BANK3   BANK2
      Params:         8       0       0       0       0
      Locals:         5       0       0       0       0
      Temps:          1       0       0       0       0
      Totals:        14       0       0       0       0
Total ram usage:       14 bytes
 Hardware stack levels used:    1
 This function calls:
		Nothing
 This function is called by:
		_sprintf
 This function uses a non-reentrant model


 *************** function ___lltoft *****************
 Defined at:
		line 35 in file "C:\Program Files\Microchip\xc8\v1.32\sources\common\lltoft.c"
 Parameters:    Size  Location     Type
  c               4    8[COMMON] unsigned long 
 Auto vars:     Size  Location     Type
  exp             1   13[COMMON] unsigned char 
 Return value:  Size  Location     Type
                  3    8[COMMON] float 
 Registers used:
		wreg, status,2, status,0, pclath, cstack
 Tracked objects:
		On entry : 
		On exit  : 
		Unchanged: 
 Data sizes:     COMMON   BANK0   BANK1   BANK3   BANK2
      Params:         4       0       0       0       0
      Locals:         1       0       0       0       0
      Temps:          1       0       0       0       0
      Totals:         6       0       0       0       0
Total ram usage:        6 bytes
 Hardware stack levels used:    1
 Hardware stack levels required when called:    1
 This function calls:
		___ftpack
 This function is called by:
		_ftoa
 This function uses a non-reentrant model


 *************** function ___fttol *****************
 Defined at:
		line 44 in file "C:\Program Files\Microchip\xc8\v1.32\sources\common\fttol.c"
 Parameters:    Size  Location     Type
  f1              3   16[BANK0 ] float 
 Auto vars:     Size  Location     Type
  lval            4   25[BANK0 ] unsigned long 
  exp1            1   29[BANK0 ] unsigned char 
  sign1           1   24[BANK0 ] unsigned char 
 Return value:  Size  Location     Type
                  4   16[BANK0 ] long 
 Registers used:
		wreg, status,2, status,0
 Tracked objects:
		On entry : 
		On exit  : 
		Unchanged: 
 Data sizes:     COMMON   BANK0   BANK1   BANK3   BANK2
      Params:         0       4       0       0       0
      Locals:         0       6       0       0       0
      Temps:          0       4       0       0       0
      Totals:         0      14       0       0       0
Total ram usage:       14 bytes
 Hardware stack levels used:    1
 This function calls:
		Nothing
 This function is called by:
		_ISR
		_ftoa
 This function uses a non-reentrant model


 *************** function ___ftsub *****************
 Defined at:
		line 18 in file "C:\Program Files\Microchip\xc8\v1.32\sources\common\ftsub.c"
 Parameters:    Size  Location     Type
  f2              3    7[BANK0 ] float 
  f1              3   10[BANK0 ] float 
 Auto vars:     Size  Location     Type
		None
 Return value:  Size  Location     Type
                  3    7[BANK0 ] float 
 Registers used:
		wreg, status,2, status,0, pclath, cstack
 Tracked objects:
		On entry : 
		On exit  : 
		Unchanged: 
 Data sizes:     COMMON   BANK0   BANK1   BANK3   BANK2
      Params:         0       6       0       0       0
      Locals:         0       0       0       0       0
      Temps:          0       0       0       0       0
      Totals:         0       6       0       0       0
Total ram usage:        6 bytes
 Hardware stack levels used:    1
 Hardware stack levels required when called:    2
 This function calls:
		___ftadd
 This function is called by:
		_ftoa
 This function uses a non-reentrant model


 *************** function ___ftadd *****************
 Defined at:
		line 86 in file "C:\Program Files\Microchip\xc8\v1.32\sources\common\ftadd.c"
 Parameters:    Size  Location     Type
  f1              3    8[COMMON] float 
  f2              3   11[COMMON] float 
 Auto vars:     Size  Location     Type
  exp1            1    6[BANK0 ] unsigned char 
  exp2            1    5[BANK0 ] unsigned char 
  sign            1    4[BANK0 ] unsigned char 
 Return value:  Size  Location     Type
                  3    8[COMMON] float 
 Registers used:
		wreg, status,2, status,0, pclath, cstack
 Tracked objects:
		On entry : 
		On exit  : 
		Unchanged: 
 Data sizes:     COMMON   BANK0   BANK1   BANK3   BANK2
      Params:         6       0       0       0       0
      Locals:         0       3       0       0       0
      Temps:          0       4       0       0       0
      Totals:         6       7       0       0       0
Total ram usage:       13 bytes
 Hardware stack levels used:    1
 Hardware stack levels required when called:    1
 This function calls:
		___ftpack
 This function is called by:
		___ftsub
 This function uses a non-reentrant model


 *************** function ___ftneg *****************
 Defined at:
		line 15 in file "C:\Program Files\Microchip\xc8\v1.32\sources\common\ftneg.c"
 Parameters:    Size  Location     Type
  f1              3    0[COMMON] float 
 Auto vars:     Size  Location     Type
		None
 Return value:  Size  Location     Type
                  3    0[COMMON] float 
 Registers used:
		wreg
 Tracked objects:
		On entry : 
		On exit  : 
		Unchanged: 
 Data sizes:     COMMON   BANK0   BANK1   BANK3   BANK2
      Params:         3       0       0       0       0
      Locals:         0       0       0       0       0
      Temps:          0       0       0       0       0
      Totals:         3       0       0       0       0
Total ram usage:        3 bytes
 Hardware stack levels used:    1
 This function calls:
		Nothing
 This function is called by:
		_ftoa
 This function uses a non-reentrant model


 *************** function ___ftmul *****************
 Defined at:
		line 62 in file "C:\Program Files\Microchip\xc8\v1.32\sources\common\ftmul.c"
 Parameters:    Size  Location     Type
  f1              3    0[BANK0 ] float 
  f2              3    3[BANK0 ] float 
 Auto vars:     Size  Location     Type
  f3_as_produc    3   11[BANK0 ] unsigned um
  sign            1   15[BANK0 ] unsigned char 
  cntr            1   14[BANK0 ] unsigned char 
  exp             1   10[BANK0 ] unsigned char 
 Return value:  Size  Location     Type
                  3    0[BANK0 ] float 
 Registers used:
		wreg, status,2, status,0, pclath, cstack
 Tracked objects:
		On entry : 
		On exit  : 
		Unchanged: 
 Data sizes:     COMMON   BANK0   BANK1   BANK3   BANK2
      Params:         0       6       0       0       0
      Locals:         0       6       0       0       0
      Temps:          0       4       0       0       0
      Totals:         0      16       0       0       0
Total ram usage:       16 bytes
 Hardware stack levels used:    1
 Hardware stack levels required when called:    1
 This function calls:
		___ftpack
 This function is called by:
		_ISR
		_ftoa
 This function uses a non-reentrant model


 *************** function ___ftge *****************
 Defined at:
		line 4 in file "C:\Program Files\Microchip\xc8\v1.32\sources\common\ftge.c"
 Parameters:    Size  Location     Type
  ff1             3    0[COMMON] float 
  ff2             3    3[COMMON] float 
 Auto vars:     Size  Location     Type
		None
 Return value:  Size  Location     Type
		None               void
 Registers used:
		wreg, status,2, status,0
 Tracked objects:
		On entry : 
		On exit  : 
		Unchanged: 
 Data sizes:     COMMON   BANK0   BANK1   BANK3   BANK2
      Params:         6       0       0       0       0
      Locals:         0       0       0       0       0
      Temps:          6       0       0       0       0
      Totals:        12       0       0       0       0
Total ram usage:       12 bytes
 Hardware stack levels used:    1
 This function calls:
		Nothing
 This function is called by:
		_ftoa
 This function uses a non-reentrant model


 *************** function ___ftdiv *****************
 Defined at:
		line 49 in file "C:\Program Files\Microchip\xc8\v1.32\sources\pic\ftdiv.c"
 Parameters:    Size  Location     Type
  f2              3   16[BANK0 ] float 
  f1              3   19[BANK0 ] float 
 Auto vars:     Size  Location     Type
  f3              3   27[BANK0 ] float 
  sign            1   31[BANK0 ] unsigned char 
  exp             1   30[BANK0 ] unsigned char 
  cntr            1   26[BANK0 ] unsigned char 
 Return value:  Size  Location     Type
                  3   16[BANK0 ] float 
 Registers used:
		wreg, status,2, status,0, pclath, cstack
 Tracked objects:
		On entry : 
		On exit  : 
		Unchanged: 
 Data sizes:     COMMON   BANK0   BANK1   BANK3   BANK2
      Params:         0       6       0       0       0
      Locals:         0       6       0       0       0
      Temps:          0       4       0       0       0
      Totals:         0      16       0       0       0
Total ram usage:       16 bytes
 Hardware stack levels used:    1
 Hardware stack levels required when called:    1
 This function calls:
		___ftpack
 This function is called by:
		_ISR
 This function uses a non-reentrant model


 *************** function ___awtoft *****************
 Defined at:
		line 32 in file "C:\Program Files\Microchip\xc8\v1.32\sources\common\awtoft.c"
 Parameters:    Size  Location     Type
  c               2    8[COMMON] int 
 Auto vars:     Size  Location     Type
  sign            1   13[COMMON] unsigned char 
 Return value:  Size  Location     Type
                  3    8[COMMON] float 
 Registers used:
		wreg, status,2, status,0, pclath, cstack
 Tracked objects:
		On entry : 
		On exit  : 
		Unchanged: 
 Data sizes:     COMMON   BANK0   BANK1   BANK3   BANK2
      Params:         3       0       0       0       0
      Locals:         1       0       0       0       0
      Temps:          2       0       0       0       0
      Totals:         6       0       0       0       0
Total ram usage:        6 bytes
 Hardware stack levels used:    1
 Hardware stack levels required when called:    1
 This function calls:
		___ftpack
 This function is called by:
		_ISR
 This function uses a non-reentrant model


 *************** function ___ftpack *****************
 Defined at:
		line 62 in file "C:\Program Files\Microchip\xc8\v1.32\sources\common\float.c"
 Parameters:    Size  Location     Type
  arg             3    0[COMMON] unsigned um
  exp             1    3[COMMON] unsigned char 
  sign            1    4[COMMON] unsigned char 
 Auto vars:     Size  Location     Type
		None
 Return value:  Size  Location     Type
                  3    0[COMMON] float 
 Registers used:
		wreg, status,2, status,0
 Tracked objects:
		On entry : 
		On exit  : 
		Unchanged: 
 Data sizes:     COMMON   BANK0   BANK1   BANK3   BANK2
      Params:         5       0       0       0       0
      Locals:         0       0       0       0       0
      Temps:          3       0       0       0       0
      Totals:         8       0       0       0       0
Total ram usage:        8 bytes
 Hardware stack levels used:    1
 This function calls:
		Nothing
 This function is called by:
		___awtoft
		___ftadd
		___ftdiv
		___ftmul
		___lltoft
 This function uses a non-reentrant model


 *************** function ___awmod *****************
 Defined at:
		line 6 in file "C:\Program Files\Microchip\xc8\v1.32\sources\common\awmod.c"
 Parameters:    Size  Location     Type
  divisor         2    9[COMMON] int 
  dividend        2   11[COMMON] int 
 Auto vars:     Size  Location     Type
  sign            1    1[BANK0 ] unsigned char 
  counter         1    0[BANK0 ] unsigned char 
 Return value:  Size  Location     Type
                  2    9[COMMON] int 
 Registers used:
		wreg, status,2, status,0
 Tracked objects:
		On entry : 
		On exit  : 
		Unchanged: 
 Data sizes:     COMMON   BANK0   BANK1   BANK3   BANK2
      Params:         4       0       0       0       0
      Locals:         0       2       0       0       0
      Temps:          1       0       0       0       0
      Totals:         5       2       0       0       0
Total ram usage:        7 bytes
 Hardware stack levels used:    1
 This function calls:
		Nothing
 This function is called by:
		_ISR
 This function uses a non-reentrant model


 *************** function ___awdiv *****************
 Defined at:
		line 6 in file "C:\Program Files\Microchip\xc8\v1.32\sources\common\awdiv.c"
 Parameters:    Size  Location     Type
  divisor         2    0[COMMON] int 
  dividend        2    2[COMMON] int 
 Auto vars:     Size  Location     Type
  quotient        2    7[COMMON] int 
  sign            1    6[COMMON] unsigned char 
  counter         1    5[COMMON] unsigned char 
 Return value:  Size  Location     Type
                  2    0[COMMON] int 
 Registers used:
		wreg, status,2, status,0
 Tracked objects:
		On entry : 
		On exit  : 
		Unchanged: 
 Data sizes:     COMMON   BANK0   BANK1   BANK3   BANK2
      Params:         4       0       0       0       0
      Locals:         4       0       0       0       0
      Temps:          1       0       0       0       0
      Totals:         9       0       0       0       0
Total ram usage:        9 bytes
 Hardware stack levels used:    1
 This function calls:
		Nothing
 This function is called by:
		_ISR
 This function uses a non-reentrant model


 *************** function _USARTReceiveChar *****************
 Defined at:
		line 94 in file "main.c"
 Parameters:    Size  Location     Type
		None
 Auto vars:     Size  Location     Type
  USARTData       1    4[COMMON] unsigned char 
 Return value:  Size  Location     Type
                  1    wreg      unsigned char 
 Registers used:
		wreg, fsr0l, fsr0h, status,2, status,0, btemp+1, pclath, cstack
 Tracked objects:
		On entry : 
		On exit  : 
		Unchanged: 
 Data sizes:     COMMON   BANK0   BANK1   BANK3   BANK2
      Params:         0       0       0       0       0
      Locals:         1       0       0       0       0
      Temps:          1       0       0       0       0
      Totals:         2       0       0       0       0
Total ram usage:        2 bytes
 Hardware stack levels used:    1
 Hardware stack levels required when called:    2
 This function calls:
		_USARTWriteString
 This function is called by:
		_ISR
 This function uses a non-reentrant model


 *************** function _USARTWriteString *****************
 Defined at:
		line 83 in file "main.c"
 Parameters:    Size  Location     Type
  str             2    1[COMMON] PTR const unsigned char 
		 -> ftoa@buf(17), STR_6(23), STR_5(44), STR_3(3), 
		 -> STR_1(40), 
 Auto vars:     Size  Location     Type
		None
 Return value:  Size  Location     Type
		None               void
 Registers used:
		wreg, fsr0l, fsr0h, status,2, status,0, btemp+1, pclath, cstack
 Tracked objects:
		On entry : 
		On exit  : 
		Unchanged: 
 Data sizes:     COMMON   BANK0   BANK1   BANK3   BANK2
      Params:         2       0       0       0       0
      Locals:         0       0       0       0       0
      Temps:          0       0       0       0       0
      Totals:         2       0       0       0       0
Total ram usage:        2 bytes
 Hardware stack levels used:    1
 Hardware stack levels required when called:    1
 This function calls:
		_USARTWriteChar
 This function is called by:
		_USARTReceiveChar
		_ISR
 This function uses a non-reentrant model


 *************** function _USARTWriteChar *****************
 Defined at:
		line 76 in file "main.c"
 Parameters:    Size  Location     Type
  USARTData       1    wreg     unsigned char 
 Auto vars:     Size  Location     Type
  USARTData       1    0[COMMON] unsigned char 
 Return value:  Size  Location     Type
		None               void
 Registers used:
		wreg
 Tracked objects:
		On entry : 
		On exit  : 
		Unchanged: 
 Data sizes:     COMMON   BANK0   BANK1   BANK3   BANK2
      Params:         0       0       0       0       0
      Locals:         1       0       0       0       0
      Temps:          0       0       0       0       0
      Totals:         1       0       0       0       0
Total ram usage:        1 bytes
 Hardware stack levels used:    1
 This function calls:
		Nothing
 This function is called by:
		_USARTWriteString
		_ISR
 This function uses a non-reentrant model



MODULE INFORMATION

Module		Function		Class		Link	Load	Size
C:\Program Files\Microchip\xc8\v1.32\sources\common\ftge.c
		___ftge        		CODE           	0AF4	0000	93

C:\Program Files\Microchip\xc8\v1.32\sources\common\ftge.c estimated size: 93

C:\Program Files\Microchip\xc8\v1.32\sources\common\Umul16.c
		___wmul        		CODE           	1787	0000	35

C:\Program Files\Microchip\xc8\v1.32\sources\common\Umul16.c estimated size: 35

C:\Program Files\Microchip\xc8\v1.32\sources\common\fttol.c
		___fttol       		CODE           	0D71	0000	142

C:\Program Files\Microchip\xc8\v1.32\sources\common\fttol.c estimated size: 142

C:\Program Files\Microchip\xc8\v1.32\sources\common\awdiv.c
		___awdiv       		CODE           	0A3D	0000	91

C:\Program Files\Microchip\xc8\v1.32\sources\common\awdiv.c estimated size: 91

C:\Program Files\Microchip\xc8\v1.32\sources\common\ftadd.c
		___ftadd       		CODE           	050E	0000	263

C:\Program Files\Microchip\xc8\v1.32\sources\common\ftadd.c estimated size: 263

C:\Program Files\Microchip\xc8\v1.32\sources\common\lldiv.c
		___lldiv       		CODE           	0B51	0000	94

C:\Program Files\Microchip\xc8\v1.32\sources\common\lldiv.c estimated size: 94

C:\Program Files\Microchip\xc8\v1.32\sources\common\aldiv.c
		___aldiv       		CODE           	0DFF	0000	143

C:\Program Files\Microchip\xc8\v1.32\sources\common\aldiv.c estimated size: 143

C:\Program Files\Microchip\xc8\v1.32\sources\common\ftneg.c
		___ftneg       		CODE           	165A	0000	8

C:\Program Files\Microchip\xc8\v1.32\sources\common\ftneg.c estimated size: 8

C:\Program Files\Microchip\xc8\v1.32\sources\common\ftsub.c
		___ftsub       		CODE           	16EC	0000	28

C:\Program Files\Microchip\xc8\v1.32\sources\common\ftsub.c estimated size: 28

C:\Program Files\Microchip\xc8\v1.32\sources\common\float.c
		___ftpack      		CODE           	0C15	0000	104

C:\Program Files\Microchip\xc8\v1.32\sources\common\float.c estimated size: 104

C:\Program Files\Microchip\xc8\v1.32\sources\common\awtoft.c
		___awtoft      		CODE           	1743	0000	33

C:\Program Files\Microchip\xc8\v1.32\sources\common\awtoft.c estimated size: 33

C:\Program Files\Microchip\xc8\v1.32\sources\common\isdigit.c
		_isdigit       		CODE           	1675	0000	14

C:\Program Files\Microchip\xc8\v1.32\sources\common\isdigit.c estimated size: 14

shared
		_DESLIGAR      		STRING         	0651	0000	1
		__stringtab    		STRING         	0615	0000	16
		__stringdata   		STRING         	0657	0000	146
		_LIGAR         		STRING         	0654	0000	1
		_dpowers       		STRING         	0625	0000	40
		_DESLIGAR_BOMBA		STRING         	0652	0000	1
		_DESLIGAR_MOTOR		STRING         	0653	0000	1
		_LIGAR_BOMBA   		STRING         	0655	0000	1
		i1_lcd_envia_by		CODE           	17D5	0000	43
		_LCD_INIT_STRIN		STRING         	064D	0000	4
		i1_lcd_escreve_		CODE           	0803	0000	35
		__initializatio		CODE           	0015	0000	50
		i1_lcd_envia_ni		CODE           	088C	0000	57
		i1_lcd_gotoxy  		CODE           	16B7	0000	26
		i1_lcd_putc    		CODE           	08C5	0000	59
		_LIGAR_MOTOR   		STRING         	0656	0000	1

shared estimated size: 482

C:\Program Files\Microchip\xc8\v1.32\sources\pic\ftdiv.c
		___ftdiv       		CODE           	0E8E	0000	184

C:\Program Files\Microchip\xc8\v1.32\sources\pic\ftdiv.c estimated size: 184

C:\Program Files\Microchip\xc8\v1.32\sources\common\doprnt.c
		_sprintf       		CODE           	02D2	0000	572

C:\Program Files\Microchip\xc8\v1.32\sources\common\doprnt.c estimated size: 572

C:\Program Files\Microchip\xc8\v1.32\sources\common\lltoft.c
		___lltoft      		CODE           	17AA	0000	43

C:\Program Files\Microchip\xc8\v1.32\sources\common\lltoft.c estimated size: 43

C:\Program Files\Microchip\xc8\v1.32\sources\common\ftmul.c
		___ftmul       		CODE           	06E9	0000	211

C:\Program Files\Microchip\xc8\v1.32\sources\common\ftmul.c estimated size: 211

C:\Program Files\Microchip\xc8\v1.32\sources\common\awmod.c
		___awmod       		CODE           	0995	0000	79

C:\Program Files\Microchip\xc8\v1.32\sources\common\awmod.c estimated size: 79

C:\Program Files\Microchip\xc8\v1.32\sources\common\ftoa.c
		_ftoa          		CODE           	0F46	0000	186

C:\Program Files\Microchip\xc8\v1.32\sources\common\ftoa.c estimated size: 186

lcd_4bit.c
		_LCDClear      		CODE           	07BC	0000	64
		_lcd_putc      		CODE           	0900	0000	71
		_lcd_envia_nibb		CODE           	09E4	0000	89
		_lcd_escreve_st		CODE           	0826	0000	49
		_lcd_envia_byte		CODE           	0857	0000	53
		_lcd_gotoxy    		CODE           	1708	0000	28
		_init_lcd_4bit 		CODE           	0BAF	0000	102

lcd_4bit.c estimated size: 456

C:\Program Files\Microchip\xc8\v1.32\sources\common\llmod.c
		___llmod       		CODE           	0947	0000	78

C:\Program Files\Microchip\xc8\v1.32\sources\common\llmod.c estimated size: 78

main.c
		_ISR           		CODE           	004B	0000	647
		_ativar        		CODE           	0A98	0000	92
		_ADCInit       		CODE           	16A4	0000	19
		_main          		CODE           	166A	0000	11
		_inicialize    		CODE           	0CED	0000	132
		_USARTWriteStri		CODE           	1764	0000	35
		_USARTWriteChar		CODE           	1652	0000	8
		_ADCRead       		CODE           	1724	0000	31
		_USARTInit     		CODE           	0C7D	0000	112
		_USARTReceiveCh		CODE           	16D1	0000	27

main.c estimated size: 1114

