Microchip MPLAB XC8 Compiler V1.32 ()

Linker command line:

--edf=C:\Program Files\Microchip\xc8\v1.32\dat\en_msgs.txt -cs \
  -h+dist/default/production\BOIA.X.production.sym \
  --cmf=dist/default/production\BOIA.X.production.cmf -z -Q16F877A \
  -oC:\Users\Alan\AppData\Local\Temp\s33g.6 \
  -Mdist/default/production/BOIA.X.production.map -E1 -ver=XC8 \
  -ASTACK=0110h-016fh -pstack=STACK -ACONST=00h-0FFhx32 -ACODE=00h-07FFhx4 \
  -ASTRCODE=00h-01FFFh -AENTRY=00h-0FFhx32 -ASTRING=00h-0FFhx32 \
  -ACOMMON=070h-07Fh -ABANK0=020h-06Fh -ABANK1=0A0h-0EFh \
  -ABANK2=0110h-016Fh -ABANK3=0190h-01EFh \
  -ARAM=020h-06Fh,0A0h-0EFh,0110h-016Fh,0190h-01EFh \
  -AABS1=020h-07Fh,0A0h-0EFh,0110h-016Fh,0190h-01EFh -ASFR0=00h-01Fh \
  -ASFR1=080h-09Fh -ASFR2=0100h-010Fh -ASFR3=0180h-018Fh \
  -preset_vec=00h,intentry=04h,init,end_init -ppowerup=CODE -pcinit=CODE \
  -pfunctab=CODE -ACONFIG=02007h-02007h -pconfig=CONFIG -DCONFIG=2 \
  -AIDLOC=02000h-02003h -pidloc=IDLOC -DIDLOC=2 -AEEDATA=00h-0FFh/02100h \
  -peeprom_data=EEDATA -DEEDATA=2 -DCODE=2 -DSTRCODE=2 -DSTRING=2 -DCONST=2 \
  -DENTRY=2 -k C:\Users\Alan\AppData\Local\Temp\s33g.obj \
  dist/default/production\BOIA.X.production.obj 

Object code version is 3.11

Machine type is 16F877A



                Name                               Link     Load   Length Selector   Space Scale
C:\Users\Alan\AppData\Local\Temp\s33g.obj
                end_init                             12       12        3        8       0
                reset_vec                             0        0        3        0       0
                config                             2007     2007        1     400E       0
dist/default/production\BOIA.X.production.obj
                cinit                                15       15       28        8       0
                intentry                              4        4        E        8       0
                text40                             17C7     17C7        8     2F8E       0
                text39                              93D      93D       23     127A       0
                text38                              8C9      8C9       1B     1192       0
                text37                              D73      D73       5B     1AE6       0
                text36                              C73      C73       4F     18E6       0
                text35                              78A      78A       68        8       0
                text34                              91C      91C       21     1238       0
                text33                              6D2      6D2       B8        8       0
                text32                              B8E      B8E       4B     171C       0
                text31                              DCE      DCE       5D     1B9C       0
                text30                              545      545       D3        8       0
                text29                             17CF     17CF        8     2F9E       0
                text28                              43E      43E      107        8       0
                text27                              8E4      8E4       1C     11C8       0
                text26                              F72      F72       8E     1EE4       0
                text25                              9A6      9A6       2B     134C       0
                text24                              E2B      E2B       5E     1C56       0
                text23                              C25      C25       4E     184A       0
                text22                              960      960       23     12C0       0
                text21                              7F2      7F2        E        8       0
                text20                               3D       3D      23C        8       0
                text19                              618      618       BA        8       0
                text18                              A93      A93       39     1526       0
                text17                              9D1      9D1       2B     13A2       0
                text16                              8AF      8AF       1A     115E       0
                text15                              ACC      ACC       3B     1598       0
                text14                              983      983       23     1306       0
                text13                              BD9      BD9       4C     17B2       0
                text12                              CC2      CC2       58     1984       0
                text11                              279      279      1C5        8       0
                text10                              89C      89C       13     1138       0
                text9                               D1A      D1A       59     1A34       0
                text8                               A5E      A5E       35     14BC       0
                text7                               B07      B07       40     160E       0
                text6                               88F      88F        D     111E       0
                text5                               9FC      9FC       31     13F8       0
                text4                               E89      E89       66     1D12       0
                text3                               900      900       1C     1200       0
                text2                               B47      B47       47     168E       0
                text1                               A2D      A2D       31     145A       0
                maintext                            EEF      EEF       83     1DDE       0
                cstackBANK0                          20       20       49       20       1
                cstackCOMMON                         70       70        E       70       1
                cstackBANK1                          B8       B8       11       A0       1
                inittext                           17EF     17EF       11     2FDE       0
                clrtext                            17D7     17D7        8     2FAE       0
                dataBANK1                            C9       C9       10       A0       1
                bssBANK1                             A0       A0       18       A0       1
                dataBANK0                            6D       6D        2       20       1
                bssBANK0                             69       69        4       20       1
                strings                             800      800       8D     1000       0
                idataBANK1                         17DF     17DF       10     2FBE       0
                idataBANK0                          88D      88D        2     111A       0

TOTAL           Name                               Link     Load   Length     Space
        CLASS   STACK          

        CLASS   CONST          

        CLASS   CODE           
                end_init                             12       12        3         0
                cinit                                15       15       28         0
                intentry                              4        4        E         0
                reset_vec                             0        0        3         0
                text40                             17C7     17C7        8         0
                text39                              93D      93D       23         0
                text38                              8C9      8C9       1B         0
                text37                              D73      D73       5B         0
                text36                              C73      C73       4F         0
                text35                              78A      78A       68         0
                text34                              91C      91C       21         0
                text33                              6D2      6D2       B8         0
                text32                              B8E      B8E       4B         0
                text31                              DCE      DCE       5D         0
                text30                              545      545       D3         0
                text29                             17CF     17CF        8         0
                text28                              43E      43E      107         0
                text27                              8E4      8E4       1C         0
                text26                              F72      F72       8E         0
                text25                              9A6      9A6       2B         0
                text24                              E2B      E2B       5E         0
                text23                              C25      C25       4E         0
                text22                              960      960       23         0
                text21                              7F2      7F2        E         0
                text20                               3D       3D      23C         0
                text19                              618      618       BA         0
                text18                              A93      A93       39         0
                text17                              9D1      9D1       2B         0
                text16                              8AF      8AF       1A         0
                text15                              ACC      ACC       3B         0
                text14                              983      983       23         0
                text13                              BD9      BD9       4C         0
                text12                              CC2      CC2       58         0
                text11                              279      279      1C5         0
                text10                              89C      89C       13         0
                text9                               D1A      D1A       59         0
                text8                               A5E      A5E       35         0
                text7                               B07      B07       40         0
                text6                               88F      88F        D         0
                text5                               9FC      9FC       31         0
                text4                               E89      E89       66         0
                text3                               900      900       1C         0
                text2                               B47      B47       47         0
                text1                               A2D      A2D       31         0
                maintext                            EEF      EEF       83         0
                inittext                           17EF     17EF       11         0
                clrtext                            17D7     17D7        8         0
                idataBANK1                         17DF     17DF       10         0
                idataBANK0                          88D      88D        2         0

        CLASS   STRCODE        

        CLASS   ENTRY          

        CLASS   STRING         
                strings                             800      800       8D         0

        CLASS   COMMON         
                cstackCOMMON                         70       70        E         1

        CLASS   BANK0          
                cstackBANK0                          20       20       49         1
                dataBANK0                            6D       6D        2         1
                bssBANK0                             69       69        4         1

        CLASS   BANK1          
                cstackBANK1                          B8       B8       11         1
                dataBANK1                            C9       C9       10         1
                bssBANK1                             A0       A0       18         1

        CLASS   BANK2          

        CLASS   BANK3          

        CLASS   RAM            

        CLASS   ABS1           
                abs_s1                               7E       7E        2         1

        CLASS   SFR0           

        CLASS   SFR1           

        CLASS   SFR2           

        CLASS   SFR3           

        CLASS   CONFIG         
                config                             2007     2007        1         0

        CLASS   IDLOC          

        CLASS   EEDATA         



SEGMENTS        Name                           Load    Length   Top    Selector   Space  Class     Delta

                reset_vec                      000000  000003  000003         0       0  CODE        2
                intentry                       000004  0007FC  000800         8       0  CODE        2
                cstackBANK0                    000020  00004F  00006F        20       1  BANK0       1
                cstackCOMMON                   000070  00000E  00007E        70       1  COMMON      1
                bssBANK1                       0000A0  000039  0000D9        A0       1  BANK1       1
                strings                        000800  00008D  00088D      1000       0  STRING      2
                idataBANK0                     00088D  000002  00088F      111A       0  CODE        2
                text6                          00088F  00000D  00089C      111E       0  CODE        2
                text10                         00089C  000013  0008AF      1138       0  CODE        2
                text16                         0008AF  00001A  0008C9      115E       0  CODE        2
                text38                         0008C9  00001B  0008E4      1192       0  CODE        2
                text27                         0008E4  00001C  000900      11C8       0  CODE        2
                text3                          000900  00001C  00091C      1200       0  CODE        2
                text34                         00091C  000021  00093D      1238       0  CODE        2
                text39                         00093D  000023  000960      127A       0  CODE        2
                text22                         000960  000023  000983      12C0       0  CODE        2
                text14                         000983  000023  0009A6      1306       0  CODE        2
                text25                         0009A6  00002B  0009D1      134C       0  CODE        2
                text17                         0009D1  00002B  0009FC      13A2       0  CODE        2
                text5                          0009FC  000031  000A2D      13F8       0  CODE        2
                text1                          000A2D  000031  000A5E      145A       0  CODE        2
                text8                          000A5E  000035  000A93      14BC       0  CODE        2
                text18                         000A93  000039  000ACC      1526       0  CODE        2
                text15                         000ACC  00003B  000B07      1598       0  CODE        2
                text7                          000B07  000040  000B47      160E       0  CODE        2
                text2                          000B47  000047  000B8E      168E       0  CODE        2
                text32                         000B8E  00004B  000BD9      171C       0  CODE        2
                text13                         000BD9  00004C  000C25      17B2       0  CODE        2
                text23                         000C25  00004E  000C73      184A       0  CODE        2
                text36                         000C73  00004F  000CC2      18E6       0  CODE        2
                text12                         000CC2  000058  000D1A      1984       0  CODE        2
                text9                          000D1A  000059  000D73      1A34       0  CODE        2
                text37                         000D73  00005B  000DCE      1AE6       0  CODE        2
                text31                         000DCE  00005D  000E2B      1B9C       0  CODE        2
                text24                         000E2B  00005E  000E89      1C56       0  CODE        2
                text4                          000E89  000066  000EEF      1D12       0  CODE        2
                maintext                       000EEF  000083  000F72      1DDE       0  CODE        2
                text26                         000F72  00008E  001000      1EE4       0  CODE        2
                text40                         0017C7  000008  0017CF      2F8E       0  CODE        2
                text29                         0017CF  000008  0017D7      2F9E       0  CODE        2
                clrtext                        0017D7  000008  0017DF      2FAE       0  CODE        2
                idataBANK1                     0017DF  000010  0017EF      2FBE       0  CODE        2
                inittext                       0017EF  000011  001800      2FDE       0  CODE        2
                config                         002007  000001  002008      400E       0  CONFIG      2


UNUSED ADDRESS RANGES

        Name                Unused          Largest block    Delta
        BANK0            006F-006F              1           1
        BANK1            00D9-00EF             17           1
        BANK2            0110-016F             60           1
        BANK3            0190-01EF             60           1
        CODE             0003-0003              1           2
                         1000-17C6            7C7
                         1800-1FFF            800
        CONST            0003-0003              1           2
                         1000-17C6            100
                         1800-1FFF            100
        EEDATA           2100-21FF            100           2
        ENTRY            0003-0003              1           2
                         1000-17C6            100
                         1800-1FFF            100
        IDLOC            2000-2003              4           2
        RAM              006F-006F              1           1
                         00D9-00EF             17
                         0110-016F             60
                         0190-01EF             60
        SFR0             0000-001F             20           1
        SFR1             0080-009F             20           1
        SFR2             0100-010F             10           1
        SFR3             0180-018F             10           1
        STACK            0110-016F             60           1
        STRCODE          0003-0003              1           2
                         1000-17C6            7C7
                         1800-1FFF            800
        STRING           0003-0003              1           2
                         1000-17C6            100
                         1800-1FFF            100

                                  Symbol Table

?___awdiv                      cstackCOMMON 0070
?___awmod                      cstackCOMMON 0079
?___awtoft                     cstackCOMMON 0078
?___ftadd                      cstackCOMMON 0078
?___ftdiv                      cstackBANK0  0030
?___ftmul                      cstackBANK0  0020
?___ftneg                      cstackCOMMON 0070
?___ftpack                     cstackCOMMON 0070
?___ftsub                      cstackBANK0  0027
?___fttol                      cstackBANK0  0030
?___lldiv                      cstackCOMMON 0070
?___llmod                      cstackBANK0  0020
?___lltoft                     cstackCOMMON 0078
?___wmul                       cstackCOMMON 0070
?_sprintf                      cstackBANK0  002A
ISR@buf                        cstackBANK0  0058
ISR@input                      cstackBANK0  0062
ISR@input2                     cstackBANK0  0065
ISR@per                        cstackBANK0  0068
ISR@pre                        cstackBANK0  005D
ISR@preint                     cstackBANK0  0060
ISR@status                     cstackBANK0  0059
ISR@status2                    cstackBANK0  005B
USARTReceiveChar@USARTData     cstackCOMMON 0074
USARTWriteChar@USARTData       cstackBANK1  00B8
USARTWriteString@str           cstackBANK1  00B9
_ADCInit                       text10       089C
_ADCON0bits                    (abs)        001F
_ADCON1bits                    (abs)        009F
_ADCResult                     bssBANK0     0069
_ADRESH                        (abs)        001E
_ADRESL                        (abs)        009E
_Display                       bssBANK1     00A0
_INTCONbits                    (abs)        000B
_ISR                           text11       0279
_LCDClear                      text7        0B07
_LCD_INIT_STRING               strings      0838
_OERR                          (abs)        00C1
_PIE1bits                      (abs)        008C
_PIR1bits                      (abs)        000C
_PORTAbits                     (abs)        0005
_PORTBbits                     (abs)        0006
_PORTCbits                     (abs)        0007
_PORTDbits                     (abs)        0008
_RCREG                         (abs)        001A
_RCSTAbits                     (abs)        0018
_SPBRG                         (abs)        0099
_TRISA                         (abs)        0085
_TRISBbits                     (abs)        0086
_TRISCbits                     (abs)        0087
_TRISDbits                     (abs)        0088
_TXREG                         (abs)        0019
_TXSTAbits                     (abs)        0098
_USARTReceiveChar              text38       08C9
_USARTWriteChar                text6        088F
_USARTWriteString              text5        09FC
__CFG_BOREN$ON                 (abs)        0000
__CFG_CP$OFF                   (abs)        0000
__CFG_CPD$OFF                  (abs)        0000
__CFG_FOSC$HS                  (abs)        0000
__CFG_LVP$OFF                  (abs)        0000
__CFG_PWRTE$ON                 (abs)        0000
__CFG_WDTE$OFF                 (abs)        0000
__CFG_WRT$OFF                  (abs)        0000
__Habs1                        abs1         0000
__Hbank0                       bank0        0000
__Hbank1                       bank1        0000
__Hbank2                       bank2        0000
__Hbank3                       bank3        0000
__HbssBANK0                    bssBANK0     0000
__HbssBANK1                    bssBANK1     0000
__Hcinit                       cinit        003D
__Hclrtext                     clrtext      0000
__Hcode                        code         0000
__Hcommon                      common       0000
__Hconfig                      config       2008
__HcstackBANK0                 cstackBANK0  0000
__HcstackBANK1                 cstackBANK1  0000
__HcstackCOMMON                cstackCOMMON 0000
__HdataBANK0                   dataBANK0    0000
__HdataBANK1                   dataBANK1    0000
__Heeprom_data                 eeprom_data  0000
__Hend_init                    end_init     0015
__Hfunctab                     functab      0000
__HidataBANK0                  idataBANK0   0000
__HidataBANK1                  idataBANK1   0000
__Hidloc                       idloc        0000
__Hinit                        init         0012
__Hinittext                    inittext     0000
__Hintentry                    intentry     0012
__Hmaintext                    maintext     0000
__Hpowerup                     powerup      0000
__Hram                         ram          0000
__Hreset_vec                   reset_vec    0003
__Hsfr0                        sfr0         0000
__Hsfr1                        sfr1         0000
__Hsfr2                        sfr2         0000
__Hsfr3                        sfr3         0000
__Hspace_0                     (abs)        2008
__Hspace_1                     (abs)        00D9
__Hspace_2                     (abs)        0000
__Hspace_3                     (abs)        0000
__Hstack                       stack        0000
__Hstrings                     strings      0000
__Htext                        text         0000
__Labs1                        abs1         0000
__Lbank0                       bank0        0000
__Lbank1                       bank1        0000
__Lbank2                       bank2        0000
__Lbank3                       bank3        0000
__LbssBANK0                    bssBANK0     0000
__LbssBANK1                    bssBANK1     0000
__Lcinit                       cinit        0015
__Lclrtext                     clrtext      0000
__Lcode                        code         0000
__Lcommon                      common       0000
__Lconfig                      config       2007
__LcstackBANK0                 cstackBANK0  0000
__LcstackBANK1                 cstackBANK1  0000
__LcstackCOMMON                cstackCOMMON 0000
__LdataBANK0                   dataBANK0    0000
__LdataBANK1                   dataBANK1    0000
__Leeprom_data                 eeprom_data  0000
__Lend_init                    end_init     0012
__Lfunctab                     functab      0000
__LidataBANK0                  idataBANK0   0000
__LidataBANK1                  idataBANK1   0000
__Lidloc                       idloc        0000
__Linit                        init         0012
__Linittext                    inittext     0000
__Lintentry                    intentry     0004
__Lmaintext                    maintext     0000
__Lpowerup                     powerup      0000
__Lram                         ram          0000
__Lreset_vec                   reset_vec    0000
__Lsfr0                        sfr0         0000
__Lsfr1                        sfr1         0000
__Lsfr2                        sfr2         0000
__Lsfr3                        sfr3         0000
__Lspace_0                     (abs)        0000
__Lspace_1                     (abs)        0000
__Lspace_2                     (abs)        0000
__Lspace_3                     (abs)        0000
__Lstack                       stack        0000
__Lstrings                     strings      0000
__Ltext                        text         0000
__S0                           (abs)        2008
__S1                           (abs)        00D9
__S2                           (abs)        0000
__S3                           (abs)        0000
___awdiv                       text37       0D73
___awdiv@counter               cstackCOMMON 0075
___awdiv@dividend              cstackCOMMON 0072
___awdiv@divisor               cstackCOMMON 0070
___awdiv@quotient              cstackCOMMON 0077
___awdiv@sign                  cstackCOMMON 0076
___awmod                       text36       0C73
___awmod@counter               cstackBANK0  0020
___awmod@dividend              cstackCOMMON 007B
___awmod@divisor               cstackCOMMON 0079
___awmod@sign                  cstackBANK0  0021
___awtoft                      text34       091C
___awtoft@c                    cstackCOMMON 0078
___awtoft@sign                 cstackCOMMON 007D
___ftadd                       text28       043E
___ftadd@exp1                  cstackBANK0  0026
___ftadd@exp2                  cstackBANK0  0025
___ftadd@f1                    cstackCOMMON 0078
___ftadd@f2                    cstackCOMMON 007B
___ftadd@sign                  cstackBANK0  0024
___ftdiv                       text33       06D2
___ftdiv@cntr                  cstackBANK0  003A
___ftdiv@exp                   cstackBANK0  003E
___ftdiv@f1                    cstackBANK0  0033
___ftdiv@f2                    cstackBANK0  0030
___ftdiv@f3                    cstackBANK0  003B
___ftdiv@sign                  cstackBANK0  003F
___ftge                        text31       0DCE
___ftge@ff1                    cstackCOMMON 0070
___ftge@ff2                    cstackCOMMON 0073
___ftmul                       text30       0545
___ftmul@cntr                  cstackBANK0  002E
___ftmul@exp                   cstackBANK0  002A
___ftmul@f1                    cstackBANK0  0020
___ftmul@f2                    cstackBANK0  0023
___ftmul@f3_as_product         cstackBANK0  002B
___ftmul@sign                  cstackBANK0  002F
___ftneg                       text29       17CF
___ftneg@f1                    cstackCOMMON 0070
___ftpack                      text35       078A
___ftpack@arg                  cstackCOMMON 0070
___ftpack@exp                  cstackCOMMON 0073
___ftpack@sign                 cstackCOMMON 0074
___ftsub                       text27       08E4
___ftsub@f1                    cstackBANK0  002A
___ftsub@f2                    cstackBANK0  0027
___fttol                       text26       0F72
___fttol@exp1                  cstackBANK0  003D
___fttol@f1                    cstackBANK0  0030
___fttol@lval                  cstackBANK0  0039
___fttol@sign1                 cstackBANK0  0038
___int_sp                      stack        0000
___latbits                     (abs)        0002
___lldiv                       text24       0E2B
___lldiv@counter               cstackCOMMON 007D
___lldiv@dividend              cstackCOMMON 0074
___lldiv@divisor               cstackCOMMON 0070
___lldiv@quotient              cstackCOMMON 0079
___llmod                       text23       0C25
___llmod@counter               cstackBANK0  0029
___llmod@dividend              cstackBANK0  0024
___llmod@divisor               cstackBANK0  0020
___lltoft                      text25       09A6
___lltoft@c                    cstackCOMMON 0078
___lltoft@exp                  cstackCOMMON 007D
___sp                          stack        0000
___wmul                        text22       0960
___wmul@multiplicand           cstackCOMMON 0072
___wmul@multiplier             cstackCOMMON 0070
___wmul@product                cstackCOMMON 0074
__end_of_ADCInit               text10       08AF
__end_of_ISR                   text11       043E
__end_of_LCDClear              text7        0B47
__end_of_LCD_INIT_STRING       strings      083C
__end_of_USARTReceiveChar      text38       08E4
__end_of_USARTWriteChar        text6        089C
__end_of_USARTWriteString      text5        0A2D
__end_of___awdiv               text37       0DCE
__end_of___awmod               text36       0CC2
__end_of___awtoft              text34       093D
__end_of___ftadd               text28       0545
__end_of___ftdiv               text33       078A
__end_of___ftge                text31       0E2B
__end_of___ftmul               text30       0618
__end_of___ftneg               text29       17D7
__end_of___ftpack              text35       07F2
__end_of___ftsub               text27       0900
__end_of___fttol               text26       1000
__end_of___lldiv               text24       0E89
__end_of___llmod               text23       0C73
__end_of___lltoft              text25       09D1
__end_of___wmul                text22       0983
__end_of__initialization       cinit        0039
__end_of__stringdata           strings      088D
__end_of__stringtab            strings      0810
__end_of_active                text32       0BD9
__end_of_dpowers               strings      0838
__end_of_ftoa                  text19       06D2
__end_of_init_lcd_4bit         text4        0EEF
__end_of_isdigit               text21       0800
__end_of_lcd_envia_byte        text8        0A93
__end_of_lcd_envia_nibble      text9        0D73
__end_of_lcd_escreve_string    text1        0A5E
__end_of_lcd_gotoxy            text3        091C
__end_of_lcd_putc              text2        0B8E
__end_of_main                  maintext     0F72
__end_of_progressBar           text13       0C25
__end_of_sendString            text12       0D1A
__end_of_sprintf               text20       0279
__end_ofi1_USARTWriteChar      text40       17CF
__end_ofi1_USARTWriteString    text39       0960
__end_ofi1_lcd_envia_byte      text17       09FC
__end_ofi1_lcd_envia_nibble    text18       0ACC
__end_ofi1_lcd_escreve_string  text14       09A6
__end_ofi1_lcd_gotoxy          text16       08C9
__end_ofi1_lcd_putc            text15       0B07
__initialization               cinit        0015
__pbssBANK0                    bssBANK0     0069
__pbssBANK1                    bssBANK1     00A0
__pcstackBANK0                 cstackBANK0  0020
__pcstackBANK1                 cstackBANK1  00B8
__pcstackCOMMON                cstackCOMMON 0070
__pdataBANK0                   dataBANK0    006D
__pdataBANK1                   dataBANK1    00C9
__pidataBANK0                  idataBANK0   088D
__pidataBANK1                  idataBANK1   17DF
__pintentry                    intentry     0004
__pmaintext                    maintext     0EEF
__pstrings                     strings      0800
__ptext1                       text1        0A2D
__ptext10                      text10       089C
__ptext11                      text11       0279
__ptext12                      text12       0CC2
__ptext13                      text13       0BD9
__ptext14                      text14       0983
__ptext15                      text15       0ACC
__ptext16                      text16       08AF
__ptext17                      text17       09D1
__ptext18                      text18       0A93
__ptext19                      text19       0618
__ptext2                       text2        0B47
__ptext20                      text20       003D
__ptext21                      text21       07F2
__ptext22                      text22       0960
__ptext23                      text23       0C25
__ptext24                      text24       0E2B
__ptext25                      text25       09A6
__ptext26                      text26       0F72
__ptext27                      text27       08E4
__ptext28                      text28       043E
__ptext29                      text29       17CF
__ptext3                       text3        0900
__ptext30                      text30       0545
__ptext31                      text31       0DCE
__ptext32                      text32       0B8E
__ptext33                      text33       06D2
__ptext34                      text34       091C
__ptext35                      text35       078A
__ptext36                      text36       0C73
__ptext37                      text37       0D73
__ptext38                      text38       08C9
__ptext39                      text39       093D
__ptext4                       text4        0E89
__ptext40                      text40       17C7
__ptext5                       text5        09FC
__ptext6                       text6        088F
__ptext7                       text7        0B07
__ptext8                       text8        0A5E
__ptext9                       text9        0D1A
__size_of_ADCInit              (abs)        0000
__size_of_ISR                  (abs)        0000
__size_of_LCDClear             (abs)        0000
__size_of_USARTReceiveChar     (abs)        0000
__size_of_USARTWriteChar       (abs)        0000
__size_of_USARTWriteString     (abs)        0000
__size_of___awdiv              (abs)        0000
__size_of___awmod              (abs)        0000
__size_of___awtoft             (abs)        0000
__size_of___ftadd              (abs)        0000
__size_of___ftdiv              (abs)        0000
__size_of___ftge               (abs)        0000
__size_of___ftmul              (abs)        0000
__size_of___ftneg              (abs)        0000
__size_of___ftpack             (abs)        0000
__size_of___ftsub              (abs)        0000
__size_of___fttol              (abs)        0000
__size_of___lldiv              (abs)        0000
__size_of___llmod              (abs)        0000
__size_of___lltoft             (abs)        0000
__size_of___wmul               (abs)        0000
__size_of_active               (abs)        0000
__size_of_ftoa                 (abs)        0000
__size_of_init_lcd_4bit        (abs)        0000
__size_of_isdigit              (abs)        0000
__size_of_lcd_envia_byte       (abs)        0000
__size_of_lcd_envia_nibble     (abs)        0000
__size_of_lcd_escreve_string   (abs)        0000
__size_of_lcd_gotoxy           (abs)        0000
__size_of_lcd_putc             (abs)        0000
__size_of_main                 (abs)        0000
__size_of_progressBar          (abs)        0000
__size_of_sendString           (abs)        0000
__size_of_sprintf              (abs)        0000
__size_ofi1_USARTWriteChar     (abs)        0000
__size_ofi1_USARTWriteString   (abs)        0000
__size_ofi1_lcd_envia_byte     (abs)        0000
__size_ofi1_lcd_envia_nibble   (abs)        0000
__size_ofi1_lcd_escreve_string (abs)        0000
__size_ofi1_lcd_gotoxy         (abs)        0000
__size_ofi1_lcd_putc           (abs)        0000
__stringbase                   strings      080F
__stringdata                   strings      083C
__stringtab                    strings      0800
_active                        text32       0B8E
_dpowers                       strings      0810
_flag_an                       dataBANK0    006D
_ftoa                          text19       0618
_init_lcd_4bit                 text4        0E89
_isdigit                       text21       07F2
_isdigit$879                   cstackCOMMON 0070
_lcd_envia_byte                text8        0A5E
_lcd_envia_nibble              text9        0D1A
_lcd_escreve_string            text1        0A2D
_lcd_gotoxy                    text3        0900
_lcd_putc                      text2        0B47
_main                          maintext     0EEF
_progressBar                   text13       0BD9
_recipiente                    bssBANK0     006B
_sendString                    text12       0CC2
_sprintf                       text20       003D
active@input                   cstackCOMMON 0071
btemp                          (abs)        007E
clear_ram0                     clrtext      17D7
end_of_initialization          cinit        0039
ftoa@buf                       bssBANK1     00A7
ftoa@cp                        cstackBANK0  0051
ftoa@f                         cstackBANK0  0044
ftoa@l                         cstackBANK0  004D
ftoa@rem                       cstackBANK0  0049
ftoa@status                    cstackBANK0  0047
i1USARTWriteChar@USARTData     cstackCOMMON 0070
i1USARTWriteString@str         cstackCOMMON 0071
i1_USARTWriteChar              text40       17C7
i1_USARTWriteString            text39       093D
i1_lcd_envia_byte              text17       09D1
i1_lcd_envia_nibble            text18       0A93
i1_lcd_escreve_string          text14       0983
i1_lcd_gotoxy                  text16       08AF
i1_lcd_putc                    text15       0ACC
i1lcd_envia_byte@address       cstackCOMMON 0074
i1lcd_envia_byte@n             cstackCOMMON 0072
i1lcd_envia_nibble@n           cstackCOMMON 0071
i1lcd_escreve_string@y         cstackCOMMON 007C
i1lcd_gotoxy@address           cstackCOMMON 0078
i1lcd_gotoxy@x                 cstackCOMMON 0077
i1lcd_gotoxy@y                 cstackCOMMON 0075
i1lcd_putc@c                   cstackCOMMON 007B
init_fetch0                    inittext     17EF
init_lcd_4bit@i                cstackBANK1  00BF
init_ram0                      inittext     17F3
interrupt_function             intentry     0004
intlevel0                      functab      0000
intlevel1                      functab      0000
intlevel2                      functab      0000
intlevel3                      functab      0000
intlevel4                      functab      0000
intlevel5                      functab      0000
isdigit@c                      cstackCOMMON 0071
lcd_envia_byte@address         cstackBANK1  00BC
lcd_envia_byte@n               cstackBANK1  00BA
lcd_envia_nibble@n             cstackBANK1  00B9
lcd_escreve_string@y           cstackBANK1  00C4
lcd_gotoxy@address             cstackBANK1  00C0
lcd_gotoxy@x                   cstackBANK1  00BF
lcd_gotoxy@y                   cstackBANK1  00BD
lcd_putc@c                     cstackBANK1  00C3
ltemp                          (abs)        007E
ltemp0                         (abs)        007E
ltemp1                         (abs)        0082
ltemp2                         (abs)        0086
ltemp3                         (abs)        0080
progressBar@F1341              dataBANK1    00C9
progressBar@aux                cstackBANK0  0026
progressBar@i                  cstackBANK0  0036
progressBar@preint             cstackBANK0  0020
progressBar@result             cstackBANK0  0038
reset_vec                      reset_vec    0000
saved_w                        (abs)        007E
sendString@array               cstackBANK0  0020
sendString@envio               cstackBANK0  0048
sendString@send                cstackBANK0  0049
sendString@x                   cstackBANK0  004A
sprintf@_val                   cstackBANK0  003A
sprintf@ap                     cstackBANK0  0039
sprintf@c                      cstackBANK0  0043
sprintf@f                      cstackBANK0  002A
sprintf@flag                   cstackBANK0  0038
sprintf@prec                   cstackBANK0  0041
sprintf@sp                     cstackBANK0  003E
sprintf@width                  cstackBANK0  003F
stackhi                        (abs)        0000
stacklo                        (abs)        0000
start                          init         0012
start_initialization           cinit        0015
ttemp                          (abs)        007E
ttemp0                         (abs)        007E
ttemp1                         (abs)        0081
ttemp2                         (abs)        0084
ttemp3                         (abs)        0087
ttemp4                         (abs)        007F
wtemp                          (abs)        007E
wtemp0                         (abs)        007E
wtemp1                         (abs)        0080
wtemp2                         (abs)        0082
wtemp3                         (abs)        0084
wtemp4                         (abs)        0086
wtemp5                         (abs)        0088
wtemp6                         (abs)        007F


FUNCTION INFORMATION:

 *************** function _main *****************
 Defined at:
		line 335 in file "main.c"
 Parameters:    Size  Location     Type
		None
 Auto vars:     Size  Location     Type
		None
 Return value:  Size  Location     Type
		None               void
 Registers used:
		wreg, fsr0l, fsr0h, status,2, status,0, btemp+1, pclath, cstack
 Tracked objects:
		On entry : 
		On exit  : 
		Unchanged: 
 Data sizes:     COMMON   BANK0   BANK1   BANK3   BANK2
      Params:         0       0       0       0       0
      Locals:         0       0       0       0       0
      Temps:          0       0       3       0       0
      Totals:         0       0       3       0       0
Total ram usage:        3 bytes
 Hardware stack levels required when called:   12
 This function calls:
		_ADCInit
		_LCDClear
		_USARTWriteString
		_init_lcd_4bit
		_lcd_escreve_string
 This function is called by:
		Startup code after reset
 This function uses a non-reentrant model


 *************** function _lcd_escreve_string *****************
 Defined at:
		line 168 in file "lcd_4bit.c"
 Parameters:    Size  Location     Type
  y               2   12[BANK1 ] PTR const unsigned char 
		 -> ftoa@buf(17), STR_5(16), STR_4(16), STR_3(2), 
		 -> STR_2(7), progressBar@aux(16), 
 Auto vars:     Size  Location     Type
		None
 Return value:  Size  Location     Type
		None               void
 Registers used:
		wreg, fsr0l, fsr0h, status,2, status,0, btemp+1, pclath, cstack
 Tracked objects:
		On entry : 
		On exit  : 
		Unchanged: 
 Data sizes:     COMMON   BANK0   BANK1   BANK3   BANK2
      Params:         0       0       2       0       0
      Locals:         0       0       0       0       0
      Temps:          0       0       0       0       0
      Totals:         0       0       2       0       0
Total ram usage:        2 bytes
 Hardware stack levels used:    1
 Hardware stack levels required when called:   11
 This function calls:
		_lcd_putc
 This function is called by:
		_main
		_inicialize
 This function uses a non-reentrant model


 *************** function _lcd_putc *****************
 Defined at:
		line 82 in file "lcd_4bit.c"
 Parameters:    Size  Location     Type
  c               1    wreg     unsigned char 
 Auto vars:     Size  Location     Type
  c               1   11[BANK1 ] unsigned char 
 Return value:  Size  Location     Type
		None               void
 Registers used:
		wreg, fsr0l, fsr0h, status,2, status,0, pclath, cstack
 Tracked objects:
		On entry : 
		On exit  : 
		Unchanged: 
 Data sizes:     COMMON   BANK0   BANK1   BANK3   BANK2
      Params:         0       0       0       0       0
      Locals:         0       0       1       0       0
      Temps:          0       0       2       0       0
      Totals:         0       0       3       0       0
Total ram usage:        3 bytes
 Hardware stack levels used:    1
 Hardware stack levels required when called:   10
 This function calls:
		_lcd_envia_byte
		_lcd_gotoxy
 This function is called by:
		_lcd_escreve_string
		_lcd_escreve_p
 This function uses a non-reentrant model


 *************** function _lcd_gotoxy *****************
 Defined at:
		line 70 in file "lcd_4bit.c"
 Parameters:    Size  Location     Type
  x               1    wreg     unsigned char 
  y               1    5[BANK1 ] unsigned char 
 Auto vars:     Size  Location     Type
  x               1    7[BANK1 ] unsigned char 
  address         1    8[BANK1 ] unsigned char 
 Return value:  Size  Location     Type
		None               void
 Registers used:
		wreg, status,2, status,0, pclath, cstack
 Tracked objects:
		On entry : 
		On exit  : 
		Unchanged: 
 Data sizes:     COMMON   BANK0   BANK1   BANK3   BANK2
      Params:         0       0       1       0       0
      Locals:         0       0       2       0       0
      Temps:          0       0       1       0       0
      Totals:         0       0       4       0       0
Total ram usage:        4 bytes
 Hardware stack levels used:    1
 Hardware stack levels required when called:    9
 This function calls:
		_lcd_envia_byte
 This function is called by:
		_lcd_putc
 This function uses a non-reentrant model


 *************** function _init_lcd_4bit *****************
 Defined at:
		line 6 in file "lcd_4bit.c"
 Parameters:    Size  Location     Type
		None
 Auto vars:     Size  Location     Type
  i               1    7[BANK1 ] unsigned char 
 Return value:  Size  Location     Type
		None               void
 Registers used:
		wreg, fsr0l, fsr0h, status,2, status,0, pclath, cstack
 Tracked objects:
		On entry : 
		On exit  : 
		Unchanged: 
 Data sizes:     COMMON   BANK0   BANK1   BANK3   BANK2
      Params:         0       0       0       0       0
      Locals:         0       0       1       0       0
      Temps:          0       0       2       0       0
      Totals:         0       0       3       0       0
Total ram usage:        3 bytes
 Hardware stack levels used:    1
 Hardware stack levels required when called:    9
 This function calls:
		_lcd_envia_byte
		_lcd_envia_nibble
 This function is called by:
		_main
		_inicialize
 This function uses a non-reentrant model


 *************** function _USARTWriteString *****************
 Defined at:
		line 75 in file "main.c"
 Parameters:    Size  Location     Type
  str             2    1[BANK1 ] PTR const unsigned char 
		 -> STR_6(5), sendString@array(40), STR_1(40), 
 Auto vars:     Size  Location     Type
		None
 Return value:  Size  Location     Type
		None               void
 Registers used:
		wreg, fsr0l, fsr0h, status,2, status,0, btemp+1, pclath, cstack
 Tracked objects:
		On entry : 
		On exit  : 
		Unchanged: 
 Data sizes:     COMMON   BANK0   BANK1   BANK3   BANK2
      Params:         0       0       2       0       0
      Locals:         0       0       0       0       0
      Temps:          0       0       0       0       0
      Totals:         0       0       2       0       0
Total ram usage:        2 bytes
 Hardware stack levels used:    1
 Hardware stack levels required when called:    8
 This function calls:
		_USARTWriteChar
 This function is called by:
		_main
 This function uses a non-reentrant model


 *************** function _USARTWriteChar *****************
 Defined at:
		line 68 in file "main.c"
 Parameters:    Size  Location     Type
  USARTData       1    wreg     unsigned char 
 Auto vars:     Size  Location     Type
  USARTData       1    0[BANK1 ] unsigned char 
 Return value:  Size  Location     Type
		None               void
 Registers used:
		wreg
 Tracked objects:
		On entry : 
		On exit  : 
		Unchanged: 
 Data sizes:     COMMON   BANK0   BANK1   BANK3   BANK2
      Params:         0       0       0       0       0
      Locals:         0       0       1       0       0
      Temps:          0       0       0       0       0
      Totals:         0       0       1       0       0
Total ram usage:        1 bytes
 Hardware stack levels used:    1
 Hardware stack levels required when called:    7
 This function calls:
		Nothing
 This function is called by:
		_USARTWriteString
 This function uses a non-reentrant model


 *************** function _LCDClear *****************
 Defined at:
		line 179 in file "lcd_4bit.c"
 Parameters:    Size  Location     Type
		None
 Auto vars:     Size  Location     Type
		None
 Return value:  Size  Location     Type
		None               void
 Registers used:
		wreg, status,2, status,0, pclath, cstack
 Tracked objects:
		On entry : 
		On exit  : 
		Unchanged: 
 Data sizes:     COMMON   BANK0   BANK1   BANK3   BANK2
      Params:         0       0       0       0       0
      Locals:         0       0       0       0       0
      Temps:          0       0       2       0       0
      Totals:         0       0       2       0       0
Total ram usage:        2 bytes
 Hardware stack levels used:    1
 Hardware stack levels required when called:    9
 This function calls:
		_lcd_envia_byte
 This function is called by:
		_main
		_inicialize
 This function uses a non-reentrant model


 *************** function _lcd_envia_byte *****************
 Defined at:
		line 53 in file "lcd_4bit.c"
 Parameters:    Size  Location     Type
  address         1    wreg     unsigned char 
  n               1    2[BANK1 ] unsigned char 
 Auto vars:     Size  Location     Type
  address         1    4[BANK1 ] unsigned char 
 Return value:  Size  Location     Type
		None               void
 Registers used:
		wreg, status,2, status,0, pclath, cstack
 Tracked objects:
		On entry : 
		On exit  : 
		Unchanged: 
 Data sizes:     COMMON   BANK0   BANK1   BANK3   BANK2
      Params:         0       0       1       0       0
      Locals:         0       0       1       0       0
      Temps:          0       0       1       0       0
      Totals:         0       0       3       0       0
Total ram usage:        3 bytes
 Hardware stack levels used:    1
 Hardware stack levels required when called:    8
 This function calls:
		_lcd_envia_nibble
 This function is called by:
		_init_lcd_4bit
		_lcd_gotoxy
		_lcd_putc
		_LCDClear
 This function uses a non-reentrant model


 *************** function _lcd_envia_nibble *****************
 Defined at:
		line 39 in file "lcd_4bit.c"
 Parameters:    Size  Location     Type
  n               1    wreg     unsigned char 
 Auto vars:     Size  Location     Type
  n               1    1[BANK1 ] unsigned char 
 Return value:  Size  Location     Type
		None               void
 Registers used:
		wreg, status,2, status,0
 Tracked objects:
		On entry : 
		On exit  : 
		Unchanged: 
 Data sizes:     COMMON   BANK0   BANK1   BANK3   BANK2
      Params:         0       0       0       0       0
      Locals:         0       0       1       0       0
      Temps:          0       0       1       0       0
      Totals:         0       0       2       0       0
Total ram usage:        2 bytes
 Hardware stack levels used:    1
 Hardware stack levels required when called:    7
 This function calls:
		Nothing
 This function is called by:
		_init_lcd_4bit
		_lcd_envia_byte
 This function uses a non-reentrant model


 *************** function _ADCInit *****************
 Defined at:
		line 110 in file "main.c"
 Parameters:    Size  Location     Type
		None
 Auto vars:     Size  Location     Type
		None
 Return value:  Size  Location     Type
		None               void
 Registers used:
		None
 Tracked objects:
		On entry : 
		On exit  : 
		Unchanged: 
 Data sizes:     COMMON   BANK0   BANK1   BANK3   BANK2
      Params:         0       0       0       0       0
      Locals:         0       0       0       0       0
      Temps:          0       0       0       0       0
      Totals:         0       0       0       0       0
Total ram usage:        0 bytes
 Hardware stack levels used:    1
 Hardware stack levels required when called:    7
 This function calls:
		Nothing
 This function is called by:
		_main
		_inicialize
 This function uses a non-reentrant model


 *************** function _ISR *****************
 Defined at:
		line 236 in file "main.c"
 Parameters:    Size  Location     Type
		None
 Auto vars:     Size  Location     Type
  input2          3   69[BANK0 ] float 
  input           3   66[BANK0 ] float 
  pre             3   61[BANK0 ] float 
  preint          2   64[BANK0 ] int 
  status2         2   59[BANK0 ] int 
  status          2   57[BANK0 ] int 
  per             1   72[BANK0 ] PTR unsigned char 
		 -> ftoa@buf(17), 
  buf             1   56[BANK0 ] PTR unsigned char 
		 -> ftoa@buf(17), 
 Return value:  Size  Location     Type
		None               void
 Registers used:
		wreg, fsr0l, fsr0h, status,2, status,0, btemp+1, pclath, cstack
 Tracked objects:
		On entry : 
		On exit  : 
		Unchanged: 
 Data sizes:     COMMON   BANK0   BANK1   BANK3   BANK2
      Params:         0       0       0       0       0
      Locals:         0      17       0       0       0
      Temps:          0       6       0       0       0
      Totals:         0      23       0       0       0
Total ram usage:       23 bytes
 Hardware stack levels used:    1
 Hardware stack levels required when called:    6
 This function calls:
		_USARTReceiveChar
		___awdiv
		___awmod
		___awtoft
		___ftdiv
		___ftmul
		___fttol
		_active
		_ftoa
		_progressBar
		_sendString
		i1_lcd_escreve_string
		i1_lcd_gotoxy
 This function is called by:
		Interrupt level 1
 This function uses a non-reentrant model


 *************** function _sendString *****************
 Defined at:
		line 185 in file "main.c"
 Parameters:    Size  Location     Type
  send            1    wreg     PTR const unsigned char 
		 -> ftoa@buf(17), 
 Auto vars:     Size  Location     Type
  send            1   41[BANK0 ] PTR const unsigned char 
		 -> ftoa@buf(17), 
  array          40    0[BANK0 ] unsigned char [40]
  x               2   42[BANK0 ] int 
  envio           1   40[BANK0 ] PTR unsigned char 
		 -> sendString@array(40), 
 Return value:  Size  Location     Type
		None               void
 Registers used:
		wreg, fsr0l, fsr0h, status,2, status,0, btemp+1, pclath, cstack
 Tracked objects:
		On entry : 
		On exit  : 
		Unchanged: 
 Data sizes:     COMMON   BANK0   BANK1   BANK3   BANK2
      Params:         0       0       0       0       0
      Locals:         0      44       0       0       0
      Temps:          1       0       0       0       0
      Totals:         1      44       0       0       0
Total ram usage:       45 bytes
 Hardware stack levels used:    1
 Hardware stack levels required when called:    2
 This function calls:
		i1_USARTWriteString
 This function is called by:
		_ISR
 This function uses a non-reentrant model


 *************** function _progressBar *****************
 Defined at:
		line 217 in file "main.c"
 Parameters:    Size  Location     Type
  preint          2    0[BANK0 ] int 
 Auto vars:     Size  Location     Type
  aux            16    6[BANK0 ] unsigned char [16]
  i               2   22[BANK0 ] int 
  result          1   24[BANK0 ] PTR unsigned char 
		 -> progressBar@aux(16), 
 Return value:  Size  Location     Type
		None               void
 Registers used:
		wreg, fsr0l, fsr0h, status,2, status,0, btemp+1, pclath, cstack
 Tracked objects:
		On entry : 
		On exit  : 
		Unchanged: 
 Data sizes:     COMMON   BANK0   BANK1   BANK3   BANK2
      Params:         0       2       0       0       0
      Locals:         0      19       0       0       0
      Temps:          0       4       0       0       0
      Totals:         0      25       0       0       0
Total ram usage:       25 bytes
 Hardware stack levels used:    1
 Hardware stack levels required when called:    5
 This function calls:
		i1_lcd_escreve_string
 This function is called by:
		_ISR
 This function uses a non-reentrant model


 *************** function i1_lcd_escreve_string *****************
 Defined at:
		line 168 in file "lcd_4bit.c"
 Parameters:    Size  Location     Type
  y               2   12[COMMON] PTR const unsigned char 
		 -> ftoa@buf(17), STR_5(16), STR_4(16), STR_3(2), 
		 -> STR_2(7), progressBar@aux(16), 
 Auto vars:     Size  Location     Type
		None
 Return value:  Size  Location     Type
		None               void
 Registers used:
		wreg, fsr0l, fsr0h, status,2, status,0, btemp+1, pclath, cstack
 Tracked objects:
		On entry : 
		On exit  : 
		Unchanged: 
 Data sizes:     COMMON   BANK0   BANK1   BANK3   BANK2
      Params:         2       0       0       0       0
      Locals:         0       0       0       0       0
      Temps:          0       0       0       0       0
      Totals:         2       0       0       0       0
Total ram usage:        2 bytes
 Hardware stack levels used:    1
 Hardware stack levels required when called:    4
 This function calls:
		i1_lcd_putc
 This function is called by:
		_progressBar
		_ISR
 This function uses a non-reentrant model


 *************** function i1_lcd_putc *****************
 Defined at:
		line 82 in file "lcd_4bit.c"
 Parameters:    Size  Location     Type
  c               1    wreg     unsigned char 
 Auto vars:     Size  Location     Type
  c               1   11[COMMON] unsigned char 
 Return value:  Size  Location     Type
		None               void
 Registers used:
		wreg, fsr0l, fsr0h, status,2, status,0, pclath, cstack
 Tracked objects:
		On entry : 
		On exit  : 
		Unchanged: 
 Data sizes:     COMMON   BANK0   BANK1   BANK3   BANK2
      Params:         0       0       0       0       0
      Locals:         1       0       0       0       0
      Temps:          2       0       0       0       0
      Totals:         3       0       0       0       0
Total ram usage:        3 bytes
 Hardware stack levels used:    1
 Hardware stack levels required when called:    3
 This function calls:
		i1_lcd_envia_byte
		i1_lcd_gotoxy
 This function is called by:
		i1_lcd_escreve_string
 This function uses a non-reentrant model


 *************** function i1_lcd_gotoxy *****************
 Defined at:
		line 70 in file "lcd_4bit.c"
 Parameters:    Size  Location     Type
  x               1    wreg     unsigned char 
  y               1    5[COMMON] unsigned char 
 Auto vars:     Size  Location     Type
  x               1    7[COMMON] unsigned char 
  lcd_gotoxy      1    8[COMMON] unsigned char 
 Return value:  Size  Location     Type
		None               void
 Registers used:
		wreg, status,2, status,0, pclath, cstack
 Tracked objects:
		On entry : 
		On exit  : 
		Unchanged: 
 Data sizes:     COMMON   BANK0   BANK1   BANK3   BANK2
      Params:         1       0       0       0       0
      Locals:         2       0       0       0       0
      Temps:          1       0       0       0       0
      Totals:         4       0       0       0       0
Total ram usage:        4 bytes
 Hardware stack levels used:    1
 Hardware stack levels required when called:    2
 This function calls:
		i1_lcd_envia_byte
 This function is called by:
		_ISR
		i1_lcd_putc
 This function uses a non-reentrant model


 *************** function i1_lcd_envia_byte *****************
 Defined at:
		line 53 in file "lcd_4bit.c"
 Parameters:    Size  Location     Type
  address         1    wreg     unsigned char 
  n               1    2[COMMON] unsigned char 
 Auto vars:     Size  Location     Type
  address         1    4[COMMON] unsigned char 
 Return value:  Size  Location     Type
		None               void
 Registers used:
		wreg, status,2, status,0, pclath, cstack
 Tracked objects:
		On entry : 
		On exit  : 
		Unchanged: 
 Data sizes:     COMMON   BANK0   BANK1   BANK3   BANK2
      Params:         1       0       0       0       0
      Locals:         1       0       0       0       0
      Temps:          1       0       0       0       0
      Totals:         3       0       0       0       0
Total ram usage:        3 bytes
 Hardware stack levels used:    1
 Hardware stack levels required when called:    1
 This function calls:
		i1_lcd_envia_nibble
 This function is called by:
		i1_lcd_gotoxy
		i1_lcd_putc
 This function uses a non-reentrant model


 *************** function i1_lcd_envia_nibble *****************
 Defined at:
		line 39 in file "lcd_4bit.c"
 Parameters:    Size  Location     Type
  n               1    wreg     unsigned char 
 Auto vars:     Size  Location     Type
  n               1    1[COMMON] unsigned char 
 Return value:  Size  Location     Type
		None               void
 Registers used:
		wreg, status,2, status,0
 Tracked objects:
		On entry : 
		On exit  : 
		Unchanged: 
 Data sizes:     COMMON   BANK0   BANK1   BANK3   BANK2
      Params:         0       0       0       0       0
      Locals:         1       0       0       0       0
      Temps:          1       0       0       0       0
      Totals:         2       0       0       0       0
Total ram usage:        2 bytes
 Hardware stack levels used:    1
 This function calls:
		Nothing
 This function is called by:
		i1_lcd_envia_byte
 This function uses a non-reentrant model


 *************** function _ftoa *****************
 Defined at:
		line 6 in file "C:\Program Files\Microchip\xc8\v1.32\sources\common\ftoa.c"
 Parameters:    Size  Location     Type
  f               3   36[BANK0 ] float 
  status          1   39[BANK0 ] PTR int 
		 -> ISR@status2(2), ISR@status(2), 
 Auto vars:     Size  Location     Type
  l               4   45[BANK0 ] unsigned long 
  rem             4   41[BANK0 ] unsigned long 
  cp              1   49[BANK0 ] PTR unsigned char 
		 -> ftoa@buf(17), 
 Return value:  Size  Location     Type
                  1    wreg      PTR unsigned char 
 Registers used:
		wreg, fsr0l, fsr0h, status,2, status,0, pclath, cstack
 Tracked objects:
		On entry : 
		On exit  : 
		Unchanged: 
 Data sizes:     COMMON   BANK0   BANK1   BANK3   BANK2
      Params:         0       4       0       0       0
      Locals:         0       9       0       0       0
      Temps:          0       1       0       0       0
      Totals:         0      14       0       0       0
Total ram usage:       14 bytes
 Hardware stack levels used:    1
 Hardware stack levels required when called:    3
 This function calls:
		___ftge
		___ftmul
		___ftneg
		___ftsub
		___fttol
		___lltoft
		_sprintf
 This function is called by:
		_ISR
 This function uses a non-reentrant model


 *************** function _sprintf *****************
 Defined at:
		line 492 in file "C:\Program Files\Microchip\xc8\v1.32\sources\common\doprnt.c"
 Parameters:    Size  Location     Type
  sp              1    wreg     PTR unsigned char 
		 -> ftoa@buf(17), 
  f               1   10[BANK0 ] PTR const unsigned char 
		 -> STR_7(11), 
 Auto vars:     Size  Location     Type
  sp              1   30[BANK0 ] PTR unsigned char 
		 -> ftoa@buf(17), 
  _val            4   26[BANK0 ] struct .
  prec            2   33[BANK0 ] int 
  width           2   31[BANK0 ] int 
  c               1   35[BANK0 ] char 
  ap              1   25[BANK0 ] PTR void [1]
		 -> ?_sprintf(2), 
  flag            1   24[BANK0 ] unsigned char 
 Return value:  Size  Location     Type
                  2   10[BANK0 ] int 
 Registers used:
		wreg, fsr0l, fsr0h, status,2, status,0, pclath, cstack
 Tracked objects:
		On entry : 
		On exit  : 
		Unchanged: 
 Data sizes:     COMMON   BANK0   BANK1   BANK3   BANK2
      Params:         0       9       0       0       0
      Locals:         0      12       0       0       0
      Temps:          0       5       0       0       0
      Totals:         0      26       0       0       0
Total ram usage:       26 bytes
 Hardware stack levels used:    1
 Hardware stack levels required when called:    1
 This function calls:
		___lldiv
		___llmod
		___wmul
		_isdigit
 This function is called by:
		_ftoa
 This function uses a non-reentrant model


 *************** function _isdigit *****************
 Defined at:
		line 8 in file "C:\Program Files\Microchip\xc8\v1.32\sources\common\isdigit.c"
 Parameters:    Size  Location     Type
  c               1    wreg     unsigned char 
 Auto vars:     Size  Location     Type
  c               1    1[COMMON] unsigned char 
 Return value:  Size  Location     Type
		None               void
 Registers used:
		wreg, status,2, status,0
 Tracked objects:
		On entry : 
		On exit  : 
		Unchanged: 
 Data sizes:     COMMON   BANK0   BANK1   BANK3   BANK2
      Params:         0       0       0       0       0
      Locals:         2       0       0       0       0
      Temps:          0       0       0       0       0
      Totals:         2       0       0       0       0
Total ram usage:        2 bytes
 Hardware stack levels used:    1
 This function calls:
		Nothing
 This function is called by:
		_sprintf
 This function uses a non-reentrant model


 *************** function ___wmul *****************
 Defined at:
		line 15 in file "C:\Program Files\Microchip\xc8\v1.32\sources\common\Umul16.c"
 Parameters:    Size  Location     Type
  multiplier      2    0[COMMON] unsigned int 
  multiplicand    2    2[COMMON] unsigned int 
 Auto vars:     Size  Location     Type
  product         2    4[COMMON] unsigned int 
 Return value:  Size  Location     Type
                  2    0[COMMON] unsigned int 
 Registers used:
		wreg, status,2, status,0
 Tracked objects:
		On entry : 
		On exit  : 
		Unchanged: 
 Data sizes:     COMMON   BANK0   BANK1   BANK3   BANK2
      Params:         4       0       0       0       0
      Locals:         2       0       0       0       0
      Temps:          0       0       0       0       0
      Totals:         6       0       0       0       0
Total ram usage:        6 bytes
 Hardware stack levels used:    1
 This function calls:
		Nothing
 This function is called by:
		_sprintf
 This function uses a non-reentrant model


 *************** function ___llmod *****************
 Defined at:
		line 6 in file "C:\Program Files\Microchip\xc8\v1.32\sources\common\llmod.c"
 Parameters:    Size  Location     Type
  divisor         4    0[BANK0 ] unsigned long 
  dividend        4    4[BANK0 ] unsigned long 
 Auto vars:     Size  Location     Type
  counter         1    9[BANK0 ] unsigned char 
 Return value:  Size  Location     Type
                  4    0[BANK0 ] unsigned long 
 Registers used:
		wreg, status,2, status,0
 Tracked objects:
		On entry : 
		On exit  : 
		Unchanged: 
 Data sizes:     COMMON   BANK0   BANK1   BANK3   BANK2
      Params:         0       8       0       0       0
      Locals:         0       1       0       0       0
      Temps:          0       1       0       0       0
      Totals:         0      10       0       0       0
Total ram usage:       10 bytes
 Hardware stack levels used:    1
 This function calls:
		Nothing
 This function is called by:
		_sprintf
 This function uses a non-reentrant model


 *************** function ___lldiv *****************
 Defined at:
		line 6 in file "C:\Program Files\Microchip\xc8\v1.32\sources\common\lldiv.c"
 Parameters:    Size  Location     Type
  divisor         4    0[COMMON] unsigned long 
  dividend        4    4[COMMON] unsigned long 
 Auto vars:     Size  Location     Type
  quotient        4    9[COMMON] unsigned long 
  counter         1   13[COMMON] unsigned char 
 Return value:  Size  Location     Type
                  4    0[COMMON] unsigned long 
 Registers used:
		wreg, status,2, status,0
 Tracked objects:
		On entry : 
		On exit  : 
		Unchanged: 
 Data sizes:     COMMON   BANK0   BANK1   BANK3   BANK2
      Params:         8       0       0       0       0
      Locals:         5       0       0       0       0
      Temps:          1       0       0       0       0
      Totals:        14       0       0       0       0
Total ram usage:       14 bytes
 Hardware stack levels used:    1
 This function calls:
		Nothing
 This function is called by:
		_sprintf
 This function uses a non-reentrant model


 *************** function ___lltoft *****************
 Defined at:
		line 35 in file "C:\Program Files\Microchip\xc8\v1.32\sources\common\lltoft.c"
 Parameters:    Size  Location     Type
  c               4    8[COMMON] unsigned long 
 Auto vars:     Size  Location     Type
  exp             1   13[COMMON] unsigned char 
 Return value:  Size  Location     Type
                  3    8[COMMON] float 
 Registers used:
		wreg, status,2, status,0, pclath, cstack
 Tracked objects:
		On entry : 
		On exit  : 
		Unchanged: 
 Data sizes:     COMMON   BANK0   BANK1   BANK3   BANK2
      Params:         4       0       0       0       0
      Locals:         1       0       0       0       0
      Temps:          1       0       0       0       0
      Totals:         6       0       0       0       0
Total ram usage:        6 bytes
 Hardware stack levels used:    1
 Hardware stack levels required when called:    1
 This function calls:
		___ftpack
 This function is called by:
		_ftoa
 This function uses a non-reentrant model


 *************** function ___fttol *****************
 Defined at:
		line 44 in file "C:\Program Files\Microchip\xc8\v1.32\sources\common\fttol.c"
 Parameters:    Size  Location     Type
  f1              3   16[BANK0 ] float 
 Auto vars:     Size  Location     Type
  lval            4   25[BANK0 ] unsigned long 
  exp1            1   29[BANK0 ] unsigned char 
  sign1           1   24[BANK0 ] unsigned char 
 Return value:  Size  Location     Type
                  4   16[BANK0 ] long 
 Registers used:
		wreg, status,2, status,0
 Tracked objects:
		On entry : 
		On exit  : 
		Unchanged: 
 Data sizes:     COMMON   BANK0   BANK1   BANK3   BANK2
      Params:         0       4       0       0       0
      Locals:         0       6       0       0       0
      Temps:          0       4       0       0       0
      Totals:         0      14       0       0       0
Total ram usage:       14 bytes
 Hardware stack levels used:    1
 This function calls:
		Nothing
 This function is called by:
		_ISR
		_ftoa
 This function uses a non-reentrant model


 *************** function ___ftsub *****************
 Defined at:
		line 18 in file "C:\Program Files\Microchip\xc8\v1.32\sources\common\ftsub.c"
 Parameters:    Size  Location     Type
  f2              3    7[BANK0 ] float 
  f1              3   10[BANK0 ] float 
 Auto vars:     Size  Location     Type
		None
 Return value:  Size  Location     Type
                  3    7[BANK0 ] float 
 Registers used:
		wreg, status,2, status,0, pclath, cstack
 Tracked objects:
		On entry : 
		On exit  : 
		Unchanged: 
 Data sizes:     COMMON   BANK0   BANK1   BANK3   BANK2
      Params:         0       6       0       0       0
      Locals:         0       0       0       0       0
      Temps:          0       0       0       0       0
      Totals:         0       6       0       0       0
Total ram usage:        6 bytes
 Hardware stack levels used:    1
 Hardware stack levels required when called:    2
 This function calls:
		___ftadd
 This function is called by:
		_ftoa
 This function uses a non-reentrant model


 *************** function ___ftadd *****************
 Defined at:
		line 86 in file "C:\Program Files\Microchip\xc8\v1.32\sources\common\ftadd.c"
 Parameters:    Size  Location     Type
  f1              3    8[COMMON] float 
  f2              3   11[COMMON] float 
 Auto vars:     Size  Location     Type
  exp1            1    6[BANK0 ] unsigned char 
  exp2            1    5[BANK0 ] unsigned char 
  sign            1    4[BANK0 ] unsigned char 
 Return value:  Size  Location     Type
                  3    8[COMMON] float 
 Registers used:
		wreg, status,2, status,0, pclath, cstack
 Tracked objects:
		On entry : 
		On exit  : 
		Unchanged: 
 Data sizes:     COMMON   BANK0   BANK1   BANK3   BANK2
      Params:         6       0       0       0       0
      Locals:         0       3       0       0       0
      Temps:          0       4       0       0       0
      Totals:         6       7       0       0       0
Total ram usage:       13 bytes
 Hardware stack levels used:    1
 Hardware stack levels required when called:    1
 This function calls:
		___ftpack
 This function is called by:
		___ftsub
 This function uses a non-reentrant model


 *************** function ___ftneg *****************
 Defined at:
		line 15 in file "C:\Program Files\Microchip\xc8\v1.32\sources\common\ftneg.c"
 Parameters:    Size  Location     Type
  f1              3    0[COMMON] float 
 Auto vars:     Size  Location     Type
		None
 Return value:  Size  Location     Type
                  3    0[COMMON] float 
 Registers used:
		wreg
 Tracked objects:
		On entry : 
		On exit  : 
		Unchanged: 
 Data sizes:     COMMON   BANK0   BANK1   BANK3   BANK2
      Params:         3       0       0       0       0
      Locals:         0       0       0       0       0
      Temps:          0       0       0       0       0
      Totals:         3       0       0       0       0
Total ram usage:        3 bytes
 Hardware stack levels used:    1
 This function calls:
		Nothing
 This function is called by:
		_ftoa
 This function uses a non-reentrant model


 *************** function ___ftmul *****************
 Defined at:
		line 62 in file "C:\Program Files\Microchip\xc8\v1.32\sources\common\ftmul.c"
 Parameters:    Size  Location     Type
  f1              3    0[BANK0 ] float 
  f2              3    3[BANK0 ] float 
 Auto vars:     Size  Location     Type
  f3_as_produc    3   11[BANK0 ] unsigned um
  sign            1   15[BANK0 ] unsigned char 
  cntr            1   14[BANK0 ] unsigned char 
  exp             1   10[BANK0 ] unsigned char 
 Return value:  Size  Location     Type
                  3    0[BANK0 ] float 
 Registers used:
		wreg, status,2, status,0, pclath, cstack
 Tracked objects:
		On entry : 
		On exit  : 
		Unchanged: 
 Data sizes:     COMMON   BANK0   BANK1   BANK3   BANK2
      Params:         0       6       0       0       0
      Locals:         0       6       0       0       0
      Temps:          0       4       0       0       0
      Totals:         0      16       0       0       0
Total ram usage:       16 bytes
 Hardware stack levels used:    1
 Hardware stack levels required when called:    1
 This function calls:
		___ftpack
 This function is called by:
		_ISR
		_ftoa
 This function uses a non-reentrant model


 *************** function ___ftge *****************
 Defined at:
		line 4 in file "C:\Program Files\Microchip\xc8\v1.32\sources\common\ftge.c"
 Parameters:    Size  Location     Type
  ff1             3    0[COMMON] float 
  ff2             3    3[COMMON] float 
 Auto vars:     Size  Location     Type
		None
 Return value:  Size  Location     Type
		None               void
 Registers used:
		wreg, status,2, status,0
 Tracked objects:
		On entry : 
		On exit  : 
		Unchanged: 
 Data sizes:     COMMON   BANK0   BANK1   BANK3   BANK2
      Params:         6       0       0       0       0
      Locals:         0       0       0       0       0
      Temps:          6       0       0       0       0
      Totals:        12       0       0       0       0
Total ram usage:       12 bytes
 Hardware stack levels used:    1
 This function calls:
		Nothing
 This function is called by:
		_ftoa
 This function uses a non-reentrant model


 *************** function _active *****************
 Defined at:
		line 144 in file "main.c"
 Parameters:    Size  Location     Type
  input           1    wreg     unsigned char 
 Auto vars:     Size  Location     Type
  input           1    1[COMMON] unsigned char 
 Return value:  Size  Location     Type
		None               void
 Registers used:
		wreg, status,2, status,0, pclath, cstack
 Tracked objects:
		On entry : 
		On exit  : 
		Unchanged: 
 Data sizes:     COMMON   BANK0   BANK1   BANK3   BANK2
      Params:         0       0       0       0       0
      Locals:         1       0       0       0       0
      Temps:          0       0       0       0       0
      Totals:         1       0       0       0       0
Total ram usage:        1 bytes
 Hardware stack levels used:    1
 Hardware stack levels required when called:    1
 This function calls:
		i1_USARTWriteChar
 This function is called by:
		_ISR
 This function uses a non-reentrant model


 *************** function ___ftdiv *****************
 Defined at:
		line 49 in file "C:\Program Files\Microchip\xc8\v1.32\sources\pic\ftdiv.c"
 Parameters:    Size  Location     Type
  f2              3   16[BANK0 ] float 
  f1              3   19[BANK0 ] float 
 Auto vars:     Size  Location     Type
  f3              3   27[BANK0 ] float 
  sign            1   31[BANK0 ] unsigned char 
  exp             1   30[BANK0 ] unsigned char 
  cntr            1   26[BANK0 ] unsigned char 
 Return value:  Size  Location     Type
                  3   16[BANK0 ] float 
 Registers used:
		wreg, status,2, status,0, pclath, cstack
 Tracked objects:
		On entry : 
		On exit  : 
		Unchanged: 
 Data sizes:     COMMON   BANK0   BANK1   BANK3   BANK2
      Params:         0       6       0       0       0
      Locals:         0       6       0       0       0
      Temps:          0       4       0       0       0
      Totals:         0      16       0       0       0
Total ram usage:       16 bytes
 Hardware stack levels used:    1
 Hardware stack levels required when called:    1
 This function calls:
		___ftpack
 This function is called by:
		_ISR
 This function uses a non-reentrant model


 *************** function ___awtoft *****************
 Defined at:
		line 32 in file "C:\Program Files\Microchip\xc8\v1.32\sources\common\awtoft.c"
 Parameters:    Size  Location     Type
  c               2    8[COMMON] int 
 Auto vars:     Size  Location     Type
  sign            1   13[COMMON] unsigned char 
 Return value:  Size  Location     Type
                  3    8[COMMON] float 
 Registers used:
		wreg, status,2, status,0, pclath, cstack
 Tracked objects:
		On entry : 
		On exit  : 
		Unchanged: 
 Data sizes:     COMMON   BANK0   BANK1   BANK3   BANK2
      Params:         3       0       0       0       0
      Locals:         1       0       0       0       0
      Temps:          2       0       0       0       0
      Totals:         6       0       0       0       0
Total ram usage:        6 bytes
 Hardware stack levels used:    1
 Hardware stack levels required when called:    1
 This function calls:
		___ftpack
 This function is called by:
		_ISR
 This function uses a non-reentrant model


 *************** function ___ftpack *****************
 Defined at:
		line 62 in file "C:\Program Files\Microchip\xc8\v1.32\sources\common\float.c"
 Parameters:    Size  Location     Type
  arg             3    0[COMMON] unsigned um
  exp             1    3[COMMON] unsigned char 
  sign            1    4[COMMON] unsigned char 
 Auto vars:     Size  Location     Type
		None
 Return value:  Size  Location     Type
                  3    0[COMMON] float 
 Registers used:
		wreg, status,2, status,0
 Tracked objects:
		On entry : 
		On exit  : 
		Unchanged: 
 Data sizes:     COMMON   BANK0   BANK1   BANK3   BANK2
      Params:         5       0       0       0       0
      Locals:         0       0       0       0       0
      Temps:          3       0       0       0       0
      Totals:         8       0       0       0       0
Total ram usage:        8 bytes
 Hardware stack levels used:    1
 This function calls:
		Nothing
 This function is called by:
		___awtoft
		___ftadd
		___ftdiv
		___ftmul
		___lltoft
 This function uses a non-reentrant model


 *************** function ___awmod *****************
 Defined at:
		line 6 in file "C:\Program Files\Microchip\xc8\v1.32\sources\common\awmod.c"
 Parameters:    Size  Location     Type
  divisor         2    9[COMMON] int 
  dividend        2   11[COMMON] int 
 Auto vars:     Size  Location     Type
  sign            1    1[BANK0 ] unsigned char 
  counter         1    0[BANK0 ] unsigned char 
 Return value:  Size  Location     Type
                  2    9[COMMON] int 
 Registers used:
		wreg, status,2, status,0
 Tracked objects:
		On entry : 
		On exit  : 
		Unchanged: 
 Data sizes:     COMMON   BANK0   BANK1   BANK3   BANK2
      Params:         4       0       0       0       0
      Locals:         0       2       0       0       0
      Temps:          1       0       0       0       0
      Totals:         5       2       0       0       0
Total ram usage:        7 bytes
 Hardware stack levels used:    1
 This function calls:
		Nothing
 This function is called by:
		_ISR
 This function uses a non-reentrant model


 *************** function ___awdiv *****************
 Defined at:
		line 6 in file "C:\Program Files\Microchip\xc8\v1.32\sources\common\awdiv.c"
 Parameters:    Size  Location     Type
  divisor         2    0[COMMON] int 
  dividend        2    2[COMMON] int 
 Auto vars:     Size  Location     Type
  quotient        2    7[COMMON] int 
  sign            1    6[COMMON] unsigned char 
  counter         1    5[COMMON] unsigned char 
 Return value:  Size  Location     Type
                  2    0[COMMON] int 
 Registers used:
		wreg, status,2, status,0
 Tracked objects:
		On entry : 
		On exit  : 
		Unchanged: 
 Data sizes:     COMMON   BANK0   BANK1   BANK3   BANK2
      Params:         4       0       0       0       0
      Locals:         4       0       0       0       0
      Temps:          1       0       0       0       0
      Totals:         9       0       0       0       0
Total ram usage:        9 bytes
 Hardware stack levels used:    1
 This function calls:
		Nothing
 This function is called by:
		_ISR
 This function uses a non-reentrant model


 *************** function _USARTReceiveChar *****************
 Defined at:
		line 86 in file "main.c"
 Parameters:    Size  Location     Type
		None
 Auto vars:     Size  Location     Type
  USARTData       1    4[COMMON] unsigned char 
 Return value:  Size  Location     Type
                  1    wreg      unsigned char 
 Registers used:
		wreg, fsr0l, fsr0h, status,2, status,0, btemp+1, pclath, cstack
 Tracked objects:
		On entry : 
		On exit  : 
		Unchanged: 
 Data sizes:     COMMON   BANK0   BANK1   BANK3   BANK2
      Params:         0       0       0       0       0
      Locals:         1       0       0       0       0
      Temps:          1       0       0       0       0
      Totals:         2       0       0       0       0
Total ram usage:        2 bytes
 Hardware stack levels used:    1
 Hardware stack levels required when called:    2
 This function calls:
		i1_USARTWriteString
 This function is called by:
		_ISR
 This function uses a non-reentrant model


 *************** function i1_USARTWriteString *****************
 Defined at:
		line 75 in file "main.c"
 Parameters:    Size  Location     Type
  str             2    1[COMMON] PTR const unsigned char 
		 -> STR_6(5), sendString@array(40), STR_1(40), 
 Auto vars:     Size  Location     Type
		None
 Return value:  Size  Location     Type
		None               void
 Registers used:
		wreg, fsr0l, fsr0h, status,2, status,0, btemp+1, pclath, cstack
 Tracked objects:
		On entry : 
		On exit  : 
		Unchanged: 
 Data sizes:     COMMON   BANK0   BANK1   BANK3   BANK2
      Params:         2       0       0       0       0
      Locals:         0       0       0       0       0
      Temps:          0       0       0       0       0
      Totals:         2       0       0       0       0
Total ram usage:        2 bytes
 Hardware stack levels used:    1
 Hardware stack levels required when called:    1
 This function calls:
		i1_USARTWriteChar
 This function is called by:
		_USARTReceiveChar
		_sendString
 This function uses a non-reentrant model


 *************** function i1_USARTWriteChar *****************
 Defined at:
		line 68 in file "main.c"
 Parameters:    Size  Location     Type
  USARTData       1    wreg     unsigned char 
 Auto vars:     Size  Location     Type
  USARTData       1    0[COMMON] unsigned char 
 Return value:  Size  Location     Type
		None               void
 Registers used:
		wreg
 Tracked objects:
		On entry : 
		On exit  : 
		Unchanged: 
 Data sizes:     COMMON   BANK0   BANK1   BANK3   BANK2
      Params:         0       0       0       0       0
      Locals:         1       0       0       0       0
      Temps:          0       0       0       0       0
      Totals:         1       0       0       0       0
Total ram usage:        1 bytes
 Hardware stack levels used:    1
 This function calls:
		Nothing
 This function is called by:
		_active
		i1_USARTWriteString
 This function uses a non-reentrant model



MODULE INFORMATION

Module		Function		Class		Link	Load	Size
C:\Program Files\Microchip\xc8\v1.32\sources\common\ftge.c
		___ftge        		CODE           	0DCE	0000	93

C:\Program Files\Microchip\xc8\v1.32\sources\common\ftge.c estimated size: 93

C:\Program Files\Microchip\xc8\v1.32\sources\common\Umul16.c
		___wmul        		CODE           	0960	0000	35

C:\Program Files\Microchip\xc8\v1.32\sources\common\Umul16.c estimated size: 35

C:\Program Files\Microchip\xc8\v1.32\sources\common\fttol.c
		___fttol       		CODE           	0F72	0000	142

C:\Program Files\Microchip\xc8\v1.32\sources\common\fttol.c estimated size: 142

C:\Program Files\Microchip\xc8\v1.32\sources\common\awdiv.c
		___awdiv       		CODE           	0D73	0000	91

C:\Program Files\Microchip\xc8\v1.32\sources\common\awdiv.c estimated size: 91

C:\Program Files\Microchip\xc8\v1.32\sources\common\ftadd.c
		___ftadd       		CODE           	043E	0000	263

C:\Program Files\Microchip\xc8\v1.32\sources\common\ftadd.c estimated size: 263

C:\Program Files\Microchip\xc8\v1.32\sources\common\lldiv.c
		___lldiv       		CODE           	0E2B	0000	94

C:\Program Files\Microchip\xc8\v1.32\sources\common\lldiv.c estimated size: 94

C:\Program Files\Microchip\xc8\v1.32\sources\common\ftneg.c
		___ftneg       		CODE           	17CF	0000	8

C:\Program Files\Microchip\xc8\v1.32\sources\common\ftneg.c estimated size: 8

C:\Program Files\Microchip\xc8\v1.32\sources\common\ftsub.c
		___ftsub       		CODE           	08E4	0000	28

C:\Program Files\Microchip\xc8\v1.32\sources\common\ftsub.c estimated size: 28

C:\Program Files\Microchip\xc8\v1.32\sources\common\float.c
		___ftpack      		CODE           	078A	0000	104

C:\Program Files\Microchip\xc8\v1.32\sources\common\float.c estimated size: 104

C:\Program Files\Microchip\xc8\v1.32\sources\common\awtoft.c
		___awtoft      		CODE           	091C	0000	33

C:\Program Files\Microchip\xc8\v1.32\sources\common\awtoft.c estimated size: 33

C:\Program Files\Microchip\xc8\v1.32\sources\common\isdigit.c
		_isdigit       		CODE           	07F2	0000	14

C:\Program Files\Microchip\xc8\v1.32\sources\common\isdigit.c estimated size: 14

shared
		__stringtab    		STRING         	0800	0000	16
		__stringdata   		STRING         	083C	0000	81
		i1_USARTWriteSt		CODE           	093D	0000	35
		_dpowers       		STRING         	0810	0000	40
		i1_lcd_envia_by		CODE           	09D1	0000	43
		_LCD_INIT_STRIN		STRING         	0838	0000	4
		i1_lcd_escreve_		CODE           	0983	0000	35
		__initializatio		CODE           	0015	0000	36
		i1_lcd_envia_ni		CODE           	0A93	0000	57
		i1_lcd_gotoxy  		CODE           	08AF	0000	26
		i1_USARTWriteCh		CODE           	17C7	0000	8
		i1_lcd_putc    		CODE           	0ACC	0000	59

shared estimated size: 440

C:\Program Files\Microchip\xc8\v1.32\sources\pic\ftdiv.c
		___ftdiv       		CODE           	06D2	0000	184

C:\Program Files\Microchip\xc8\v1.32\sources\pic\ftdiv.c estimated size: 184

C:\Program Files\Microchip\xc8\v1.32\sources\common\doprnt.c
		_sprintf       		CODE           	003D	0000	572

C:\Program Files\Microchip\xc8\v1.32\sources\common\doprnt.c estimated size: 572

C:\Program Files\Microchip\xc8\v1.32\sources\common\lltoft.c
		___lltoft      		CODE           	09A6	0000	43

C:\Program Files\Microchip\xc8\v1.32\sources\common\lltoft.c estimated size: 43

C:\Program Files\Microchip\xc8\v1.32\sources\common\ftmul.c
		___ftmul       		CODE           	0545	0000	211

C:\Program Files\Microchip\xc8\v1.32\sources\common\ftmul.c estimated size: 211

C:\Program Files\Microchip\xc8\v1.32\sources\common\awmod.c
		___awmod       		CODE           	0C73	0000	79

C:\Program Files\Microchip\xc8\v1.32\sources\common\awmod.c estimated size: 79

C:\Program Files\Microchip\xc8\v1.32\sources\common\ftoa.c
		_ftoa          		CODE           	0618	0000	186

C:\Program Files\Microchip\xc8\v1.32\sources\common\ftoa.c estimated size: 186

lcd_4bit.c
		_LCDClear      		CODE           	0B07	0000	64
		_lcd_putc      		CODE           	0B47	0000	71
		_lcd_envia_nibb		CODE           	0D1A	0000	89
		_lcd_escreve_st		CODE           	0A2D	0000	49
		_lcd_envia_byte		CODE           	0A5E	0000	53
		_lcd_gotoxy    		CODE           	0900	0000	28
		_init_lcd_4bit 		CODE           	0E89	0000	102

lcd_4bit.c estimated size: 456

C:\Program Files\Microchip\xc8\v1.32\sources\common\llmod.c
		___llmod       		CODE           	0C25	0000	78

C:\Program Files\Microchip\xc8\v1.32\sources\common\llmod.c estimated size: 78

main.c
		_ISR           		CODE           	0279	0000	453
		_ADCInit       		CODE           	089C	0000	19
		_active        		CODE           	0B8E	0000	75
		_main          		CODE           	0EEF	0000	131
		_sendString    		CODE           	0CC2	0000	88
		_USARTWriteStri		CODE           	09FC	0000	49
		_USARTWriteChar		CODE           	088F	0000	13
		_progressBar   		CODE           	0BD9	0000	76
		_USARTReceiveCh		CODE           	08C9	0000	27

main.c estimated size: 931

