Microchip MPLAB XC8 Compiler V1.32 ()

Linker command line:

--edf=C:\Program Files (x86)\Microchip\xc8\v1.32\dat\en_msgs.txt -cs \
  -h+dist/default/production\BOIA.X.production.sym \
  --cmf=dist/default/production\BOIA.X.production.cmf -z -Q16F877A \
  -oC:\Users\DIOVAN~1\AppData\Local\Temp\s2g8.6 \
  -Mdist/default/production/BOIA.X.production.map -E1 -ver=XC8 \
  -ASTACK=0110h-016fh -pstack=STACK -ACONST=00h-0FFhx32 -ACODE=00h-07FFhx4 \
  -ASTRCODE=00h-01FFFh -AENTRY=00h-0FFhx32 -ASTRING=00h-0FFhx32 \
  -ACOMMON=070h-07Fh -ABANK0=020h-06Fh -ABANK1=0A0h-0EFh \
  -ABANK2=0110h-016Fh -ABANK3=0190h-01EFh \
  -ARAM=020h-06Fh,0A0h-0EFh,0110h-016Fh,0190h-01EFh \
  -AABS1=020h-07Fh,0A0h-0EFh,0110h-016Fh,0190h-01EFh -ASFR0=00h-01Fh \
  -ASFR1=080h-09Fh -ASFR2=0100h-010Fh -ASFR3=0180h-018Fh \
  -preset_vec=00h,intentry=04h,init,end_init -ppowerup=CODE -pcinit=CODE \
  -pfunctab=CODE -ACONFIG=02007h-02007h -pconfig=CONFIG -DCONFIG=2 \
  -AIDLOC=02000h-02003h -pidloc=IDLOC -DIDLOC=2 -AEEDATA=00h-0FFh/02100h \
  -peeprom_data=EEDATA -DEEDATA=2 -DCODE=2 -DSTRCODE=2 -DSTRING=2 -DCONST=2 \
  -DENTRY=2 -k C:\Users\DIOVAN~1\AppData\Local\Temp\s2g8.obj \
  dist/default/production\BOIA.X.production.obj 

Object code version is 3.11

Machine type is 16F877A



                Name                               Link     Load   Length Selector   Space Scale
C:\Users\DIOVAN~1\AppData\Local\Temp\s2g8.obj
                end_init                             12       12        3        8       0
                reset_vec                             0        0        3        0       0
                config                             2007     2007        1     400E       0
dist/default/production\BOIA.X.production.obj
                cinit                                15       15       28        8       0
                intentry                              4        4        E        8       0
                text42                             17A7     17A7        8     2F4E       0
                text41                              916      916       23     122C       0
                text40                              8A2      8A2       1B     1144       0
                text39                              D7A      D7A       5B     1AF4       0
                text38                              C7A      C7A       4F     18F4       0
                text37                              78A      78A       68        8       0
                text36                              8F5      8F5       21     11EA       0
                text35                              6D2      6D2       B8        8       0
                text34                              939      939       23     1272       0
                text33                              DD5      DD5       5D     1BAA       0
                text32                              545      545       D3        8       0
                text31                             17AF     17AF        8     2F5E       0
                text30                              43E      43E      107        8       0
                text29                              8BD      8BD       1C     117A       0
                text28                              F72      F72       8E     1EE4       0
                text27                              9CB      9CB       2B     1396       0
                text26                              E32      E32       5E     1C64       0
                text25                              C2C      C2C       4E     1858       0
                text24                              95C      95C       23     12B8       0
                text23                              7F2      7F2        E        8       0
                text22                               3D       3D      23C        8       0
                text21                              618      618       BA        8       0
                text20                              AE5      AE5       39     15CA       0
                text19                              9F6      9F6       2B     13EC       0
                text18                              888      888       1A     1110       0
                text17                              B1E      B1E       3B     163C       0
                text16                              97F      97F       23     12FE       0
                text15                              BE0      BE0       4C     17C0       0
                text14                              CC9      CC9       58     1992       0
                text13                              279      279      1C5        8       0
                text12                              A21      A21       2D     1442       0
                text11                             17ED     17ED       13     2FDA       0
                text10                              D21      D21       59     1A42       0
                text9                               AB0      AB0       35     1560       0
                text8                               B59      B59       40     16B2       0
                text7                              17BF     17BF        D     2F7E       0
                text6                               A4E      A4E       31     149C       0
                text5                               E90      E90       66     1D20       0
                text4                               8D9      8D9       1C     11B2       0
                text3                               B99      B99       47     1732       0
                text2                               A7F      A7F       31     14FE       0
                text1                               EF6      EF6       7C     1DEC       0
                maintext                            9A2      9A2       29     1344       0
                cstackBANK0                          20       20       49       20       1
                cstackCOMMON                         70       70        E       70       1
                cstackBANK1                          B8       B8       14       A0       1
                inittext                           17DC     17DC       11     2FB8       0
                clrtext                            17B7     17B7        8     2F6E       0
                dataBANK1                            CC       CC       10       A0       1
                bssBANK1                             A0       A0       18       A0       1
                dataBANK0                            6D       6D        2       20       1
                bssBANK0                             69       69        4       20       1
                strings                             800      800       88     1000       0
                idataBANK1                         17CC     17CC       10     2F98       0
                idataBANK0                         17A5     17A5        2     2F4A       0

TOTAL           Name                               Link     Load   Length     Space
        CLASS   STACK          

        CLASS   CONST          

        CLASS   CODE           
                end_init                             12       12        3         0
                cinit                                15       15       28         0
                intentry                              4        4        E         0
                reset_vec                             0        0        3         0
                text42                             17A7     17A7        8         0
                text41                              916      916       23         0
                text40                              8A2      8A2       1B         0
                text39                              D7A      D7A       5B         0
                text38                              C7A      C7A       4F         0
                text37                              78A      78A       68         0
                text36                              8F5      8F5       21         0
                text35                              6D2      6D2       B8         0
                text34                              939      939       23         0
                text33                              DD5      DD5       5D         0
                text32                              545      545       D3         0
                text31                             17AF     17AF        8         0
                text30                              43E      43E      107         0
                text29                              8BD      8BD       1C         0
                text28                              F72      F72       8E         0
                text27                              9CB      9CB       2B         0
                text26                              E32      E32       5E         0
                text25                              C2C      C2C       4E         0
                text24                              95C      95C       23         0
                text23                              7F2      7F2        E         0
                text22                               3D       3D      23C         0
                text21                              618      618       BA         0
                text20                              AE5      AE5       39         0
                text19                              9F6      9F6       2B         0
                text18                              888      888       1A         0
                text17                              B1E      B1E       3B         0
                text16                              97F      97F       23         0
                text15                              BE0      BE0       4C         0
                text14                              CC9      CC9       58         0
                text13                              279      279      1C5         0
                text12                              A21      A21       2D         0
                text11                             17ED     17ED       13         0
                text10                              D21      D21       59         0
                text9                               AB0      AB0       35         0
                text8                               B59      B59       40         0
                text7                              17BF     17BF        D         0
                text6                               A4E      A4E       31         0
                text5                               E90      E90       66         0
                text4                               8D9      8D9       1C         0
                text3                               B99      B99       47         0
                text2                               A7F      A7F       31         0
                text1                               EF6      EF6       7C         0
                maintext                            9A2      9A2       29         0
                inittext                           17DC     17DC       11         0
                clrtext                            17B7     17B7        8         0
                idataBANK1                         17CC     17CC       10         0
                idataBANK0                         17A5     17A5        2         0

        CLASS   STRCODE        

        CLASS   ENTRY          

        CLASS   STRING         
                strings                             800      800       88         0

        CLASS   COMMON         
                cstackCOMMON                         70       70        E         1

        CLASS   BANK0          
                cstackBANK0                          20       20       49         1
                dataBANK0                            6D       6D        2         1
                bssBANK0                             69       69        4         1

        CLASS   BANK1          
                cstackBANK1                          B8       B8       14         1
                dataBANK1                            CC       CC       10         1
                bssBANK1                             A0       A0       18         1

        CLASS   BANK2          

        CLASS   BANK3          

        CLASS   RAM            

        CLASS   ABS1           
                abs_s1                               7E       7E        2         1

        CLASS   SFR0           

        CLASS   SFR1           

        CLASS   SFR2           

        CLASS   SFR3           

        CLASS   CONFIG         
                config                             2007     2007        1         0

        CLASS   IDLOC          

        CLASS   EEDATA         



SEGMENTS        Name                           Load    Length   Top    Selector   Space  Class     Delta

                reset_vec                      000000  000003  000003         0       0  CODE        2
                intentry                       000004  0007FC  000800         8       0  CODE        2
                cstackBANK0                    000020  00004F  00006F        20       1  BANK0       1
                cstackCOMMON                   000070  00000E  00007E        70       1  COMMON      1
                bssBANK1                       0000A0  00003C  0000DC        A0       1  BANK1       1
                strings                        000800  000088  000888      1000       0  STRING      2
                text18                         000888  00001A  0008A2      1110       0  CODE        2
                text40                         0008A2  00001B  0008BD      1144       0  CODE        2
                text29                         0008BD  00001C  0008D9      117A       0  CODE        2
                text4                          0008D9  00001C  0008F5      11B2       0  CODE        2
                text36                         0008F5  000021  000916      11EA       0  CODE        2
                text41                         000916  000023  000939      122C       0  CODE        2
                text34                         000939  000023  00095C      1272       0  CODE        2
                text24                         00095C  000023  00097F      12B8       0  CODE        2
                text16                         00097F  000023  0009A2      12FE       0  CODE        2
                maintext                       0009A2  000029  0009CB      1344       0  CODE        2
                text27                         0009CB  00002B  0009F6      1396       0  CODE        2
                text19                         0009F6  00002B  000A21      13EC       0  CODE        2
                text12                         000A21  00002D  000A4E      1442       0  CODE        2
                text6                          000A4E  000031  000A7F      149C       0  CODE        2
                text2                          000A7F  000031  000AB0      14FE       0  CODE        2
                text9                          000AB0  000035  000AE5      1560       0  CODE        2
                text20                         000AE5  000039  000B1E      15CA       0  CODE        2
                text17                         000B1E  00003B  000B59      163C       0  CODE        2
                text8                          000B59  000040  000B99      16B2       0  CODE        2
                text3                          000B99  000047  000BE0      1732       0  CODE        2
                text15                         000BE0  00004C  000C2C      17C0       0  CODE        2
                text25                         000C2C  00004E  000C7A      1858       0  CODE        2
                text38                         000C7A  00004F  000CC9      18F4       0  CODE        2
                text14                         000CC9  000058  000D21      1992       0  CODE        2
                text10                         000D21  000059  000D7A      1A42       0  CODE        2
                text39                         000D7A  00005B  000DD5      1AF4       0  CODE        2
                text33                         000DD5  00005D  000E32      1BAA       0  CODE        2
                text26                         000E32  00005E  000E90      1C64       0  CODE        2
                text5                          000E90  000066  000EF6      1D20       0  CODE        2
                text1                          000EF6  00007C  000F72      1DEC       0  CODE        2
                text28                         000F72  00008E  001000      1EE4       0  CODE        2
                idataBANK0                     0017A5  000002  0017A7      2F4A       0  CODE        2
                text42                         0017A7  000008  0017AF      2F4E       0  CODE        2
                text31                         0017AF  000008  0017B7      2F5E       0  CODE        2
                clrtext                        0017B7  000008  0017BF      2F6E       0  CODE        2
                text7                          0017BF  00000D  0017CC      2F7E       0  CODE        2
                idataBANK1                     0017CC  000010  0017DC      2F98       0  CODE        2
                inittext                       0017DC  000011  0017ED      2FB8       0  CODE        2
                text11                         0017ED  000013  001800      2FDA       0  CODE        2
                config                         002007  000001  002008      400E       0  CONFIG      2


UNUSED ADDRESS RANGES

        Name                Unused          Largest block    Delta
        BANK0            006F-006F              1           1
        BANK1            00DC-00EF             14           1
        BANK2            0110-016F             60           1
        BANK3            0190-01EF             60           1
        CODE             0003-0003              1           2
                         1000-17A4            7A5
                         1800-1FFF            800
        CONST            0003-0003              1           2
                         1000-17A4            100
                         1800-1FFF            100
        EEDATA           2100-21FF            100           2
        ENTRY            0003-0003              1           2
                         1000-17A4            100
                         1800-1FFF            100
        IDLOC            2000-2003              4           2
        RAM              006F-006F              1           1
                         00DC-00EF             14
                         0110-016F             60
                         0190-01EF             60
        SFR0             0000-001F             20           1
        SFR1             0080-009F             20           1
        SFR2             0100-010F             10           1
        SFR3             0180-018F             10           1
        STACK            0110-016F             60           1
        STRCODE          0003-0003              1           2
                         1000-17A4            7A5
                         1800-1FFF            800
        STRING           0003-0003              1           2
                         1000-17A4            100
                         1800-1FFF            100

                                  Symbol Table

?___awdiv                      cstackCOMMON 0070
?___awmod                      cstackCOMMON 0079
?___awtoft                     cstackCOMMON 0078
?___ftadd                      cstackCOMMON 0078
?___ftdiv                      cstackBANK0  0030
?___ftmul                      cstackBANK0  0020
?___ftneg                      cstackCOMMON 0070
?___ftpack                     cstackCOMMON 0070
?___ftsub                      cstackBANK0  0027
?___fttol                      cstackBANK0  0030
?___lldiv                      cstackCOMMON 0070
?___llmod                      cstackBANK0  0020
?___lltoft                     cstackCOMMON 0078
?___wmul                       cstackCOMMON 0070
?_sprintf                      cstackBANK0  002A
ADCRead@ch                     cstackBANK1  00B8
ISR@buf                        cstackBANK0  0058
ISR@input                      cstackBANK0  0062
ISR@input2                     cstackBANK0  0065
ISR@per                        cstackBANK0  0068
ISR@pre                        cstackBANK0  005D
ISR@preint                     cstackBANK0  0060
ISR@status                     cstackBANK0  0059
ISR@status2                    cstackBANK0  005B
USARTReceiveChar@USARTData     cstackCOMMON 0074
USARTWriteChar@USARTData       cstackBANK1  00B8
USARTWriteString@str           cstackBANK1  00B9
_ADCInit                       text11       17ED
_ADCON0bits                    (abs)        001F
_ADCON1bits                    (abs)        009F
_ADCRead                       text12       0A21
_ADCResult                     bssBANK0     0069
_ADRESH                        (abs)        001E
_ADRESL                        (abs)        009E
_Display                       bssBANK1     00A0
_INTCONbits                    (abs)        000B
_ISR                           text13       0279
_LCDClear                      text8        0B59
_LCD_INIT_STRING               strings      0838
_OERR                          (abs)        00C1
_PIE1bits                      (abs)        008C
_PIR1bits                      (abs)        000C
_PORTAbits                     (abs)        0005
_PORTBbits                     (abs)        0006
_PORTCbits                     (abs)        0007
_PORTDbits                     (abs)        0008
_RCREG                         (abs)        001A
_RCSTAbits                     (abs)        0018
_SPBRG                         (abs)        0099
_TRISA                         (abs)        0085
_TRISBbits                     (abs)        0086
_TRISCbits                     (abs)        0087
_TRISDbits                     (abs)        0088
_TXREG                         (abs)        0019
_TXSTAbits                     (abs)        0098
_USARTReceiveChar              text40       08A2
_USARTWriteChar                text7        17BF
_USARTWriteString              text6        0A4E
__CFG_BOREN$ON                 (abs)        0000
__CFG_CP$OFF                   (abs)        0000
__CFG_CPD$OFF                  (abs)        0000
__CFG_FOSC$HS                  (abs)        0000
__CFG_LVP$OFF                  (abs)        0000
__CFG_PWRTE$ON                 (abs)        0000
__CFG_WDTE$OFF                 (abs)        0000
__CFG_WRT$OFF                  (abs)        0000
__Habs1                        abs1         0000
__Hbank0                       bank0        0000
__Hbank1                       bank1        0000
__Hbank2                       bank2        0000
__Hbank3                       bank3        0000
__HbssBANK0                    bssBANK0     0000
__HbssBANK1                    bssBANK1     0000
__Hcinit                       cinit        003D
__Hclrtext                     clrtext      0000
__Hcode                        code         0000
__Hcommon                      common       0000
__Hconfig                      config       2008
__HcstackBANK0                 cstackBANK0  0000
__HcstackBANK1                 cstackBANK1  0000
__HcstackCOMMON                cstackCOMMON 0000
__HdataBANK0                   dataBANK0    0000
__HdataBANK1                   dataBANK1    0000
__Heeprom_data                 eeprom_data  0000
__Hend_init                    end_init     0015
__Hfunctab                     functab      0000
__HidataBANK0                  idataBANK0   0000
__HidataBANK1                  idataBANK1   0000
__Hidloc                       idloc        0000
__Hinit                        init         0012
__Hinittext                    inittext     0000
__Hintentry                    intentry     0012
__Hmaintext                    maintext     0000
__Hpowerup                     powerup      0000
__Hram                         ram          0000
__Hreset_vec                   reset_vec    0003
__Hsfr0                        sfr0         0000
__Hsfr1                        sfr1         0000
__Hsfr2                        sfr2         0000
__Hsfr3                        sfr3         0000
__Hspace_0                     (abs)        2008
__Hspace_1                     (abs)        00DC
__Hspace_2                     (abs)        0000
__Hspace_3                     (abs)        0000
__Hstack                       stack        0000
__Hstrings                     strings      0000
__Htext                        text         0000
__Labs1                        abs1         0000
__Lbank0                       bank0        0000
__Lbank1                       bank1        0000
__Lbank2                       bank2        0000
__Lbank3                       bank3        0000
__LbssBANK0                    bssBANK0     0000
__LbssBANK1                    bssBANK1     0000
__Lcinit                       cinit        0015
__Lclrtext                     clrtext      0000
__Lcode                        code         0000
__Lcommon                      common       0000
__Lconfig                      config       2007
__LcstackBANK0                 cstackBANK0  0000
__LcstackBANK1                 cstackBANK1  0000
__LcstackCOMMON                cstackCOMMON 0000
__LdataBANK0                   dataBANK0    0000
__LdataBANK1                   dataBANK1    0000
__Leeprom_data                 eeprom_data  0000
__Lend_init                    end_init     0012
__Lfunctab                     functab      0000
__LidataBANK0                  idataBANK0   0000
__LidataBANK1                  idataBANK1   0000
__Lidloc                       idloc        0000
__Linit                        init         0012
__Linittext                    inittext     0000
__Lintentry                    intentry     0004
__Lmaintext                    maintext     0000
__Lpowerup                     powerup      0000
__Lram                         ram          0000
__Lreset_vec                   reset_vec    0000
__Lsfr0                        sfr0         0000
__Lsfr1                        sfr1         0000
__Lsfr2                        sfr2         0000
__Lsfr3                        sfr3         0000
__Lspace_0                     (abs)        0000
__Lspace_1                     (abs)        0000
__Lspace_2                     (abs)        0000
__Lspace_3                     (abs)        0000
__Lstack                       stack        0000
__Lstrings                     strings      0000
__Ltext                        text         0000
__S0                           (abs)        2008
__S1                           (abs)        00DC
__S2                           (abs)        0000
__S3                           (abs)        0000
___awdiv                       text39       0D7A
___awdiv@counter               cstackCOMMON 0075
___awdiv@dividend              cstackCOMMON 0072
___awdiv@divisor               cstackCOMMON 0070
___awdiv@quotient              cstackCOMMON 0077
___awdiv@sign                  cstackCOMMON 0076
___awmod                       text38       0C7A
___awmod@counter               cstackBANK0  0020
___awmod@dividend              cstackCOMMON 007B
___awmod@divisor               cstackCOMMON 0079
___awmod@sign                  cstackBANK0  0021
___awtoft                      text36       08F5
___awtoft@c                    cstackCOMMON 0078
___awtoft@sign                 cstackCOMMON 007D
___ftadd                       text30       043E
___ftadd@exp1                  cstackBANK0  0026
___ftadd@exp2                  cstackBANK0  0025
___ftadd@f1                    cstackCOMMON 0078
___ftadd@f2                    cstackCOMMON 007B
___ftadd@sign                  cstackBANK0  0024
___ftdiv                       text35       06D2
___ftdiv@cntr                  cstackBANK0  003A
___ftdiv@exp                   cstackBANK0  003E
___ftdiv@f1                    cstackBANK0  0033
___ftdiv@f2                    cstackBANK0  0030
___ftdiv@f3                    cstackBANK0  003B
___ftdiv@sign                  cstackBANK0  003F
___ftge                        text33       0DD5
___ftge@ff1                    cstackCOMMON 0070
___ftge@ff2                    cstackCOMMON 0073
___ftmul                       text32       0545
___ftmul@cntr                  cstackBANK0  002E
___ftmul@exp                   cstackBANK0  002A
___ftmul@f1                    cstackBANK0  0020
___ftmul@f2                    cstackBANK0  0023
___ftmul@f3_as_product         cstackBANK0  002B
___ftmul@sign                  cstackBANK0  002F
___ftneg                       text31       17AF
___ftneg@f1                    cstackCOMMON 0070
___ftpack                      text37       078A
___ftpack@arg                  cstackCOMMON 0070
___ftpack@exp                  cstackCOMMON 0073
___ftpack@sign                 cstackCOMMON 0074
___ftsub                       text29       08BD
___ftsub@f1                    cstackBANK0  002A
___ftsub@f2                    cstackBANK0  0027
___fttol                       text28       0F72
___fttol@exp1                  cstackBANK0  003D
___fttol@f1                    cstackBANK0  0030
___fttol@lval                  cstackBANK0  0039
___fttol@sign1                 cstackBANK0  0038
___int_sp                      stack        0000
___latbits                     (abs)        0002
___lldiv                       text26       0E32
___lldiv@counter               cstackCOMMON 007D
___lldiv@dividend              cstackCOMMON 0074
___lldiv@divisor               cstackCOMMON 0070
___lldiv@quotient              cstackCOMMON 0079
___llmod                       text25       0C2C
___llmod@counter               cstackBANK0  0029
___llmod@dividend              cstackBANK0  0024
___llmod@divisor               cstackBANK0  0020
___lltoft                      text27       09CB
___lltoft@c                    cstackCOMMON 0078
___lltoft@exp                  cstackCOMMON 007D
___sp                          stack        0000
___wmul                        text24       095C
___wmul@multiplicand           cstackCOMMON 0072
___wmul@multiplier             cstackCOMMON 0070
___wmul@product                cstackCOMMON 0074
__end_of_ADCInit               text11       1800
__end_of_ADCRead               text12       0A4E
__end_of_ISR                   text13       043E
__end_of_LCDClear              text8        0B99
__end_of_LCD_INIT_STRING       strings      083C
__end_of_USARTReceiveChar      text40       08BD
__end_of_USARTWriteChar        text7        17CC
__end_of_USARTWriteString      text6        0A7F
__end_of___awdiv               text39       0DD5
__end_of___awmod               text38       0CC9
__end_of___awtoft              text36       0916
__end_of___ftadd               text30       0545
__end_of___ftdiv               text35       078A
__end_of___ftge                text33       0E32
__end_of___ftmul               text32       0618
__end_of___ftneg               text31       17B7
__end_of___ftpack              text37       07F2
__end_of___ftsub               text29       08D9
__end_of___fttol               text28       1000
__end_of___lldiv               text26       0E90
__end_of___llmod               text25       0C7A
__end_of___lltoft              text27       09F6
__end_of___wmul                text24       097F
__end_of__initialization       cinit        0039
__end_of__stringdata           strings      0888
__end_of__stringtab            strings      0810
__end_of_active                text34       095C
__end_of_dpowers               strings      0838
__end_of_ftoa                  text21       06D2
__end_of_inicialize            text1        0F72
__end_of_init_lcd_4bit         text5        0EF6
__end_of_isdigit               text23       0800
__end_of_lcd_envia_byte        text9        0AE5
__end_of_lcd_envia_nibble      text10       0D7A
__end_of_lcd_escreve_string    text2        0AB0
__end_of_lcd_gotoxy            text4        08F5
__end_of_lcd_putc              text3        0BE0
__end_of_main                  maintext     09CB
__end_of_progressBar           text15       0C2C
__end_of_sendString            text14       0D21
__end_of_sprintf               text22       0279
__end_ofi1_USARTWriteChar      text42       17AF
__end_ofi1_USARTWriteString    text41       0939
__end_ofi1_lcd_envia_byte      text19       0A21
__end_ofi1_lcd_envia_nibble    text20       0B1E
__end_ofi1_lcd_escreve_string  text16       09A2
__end_ofi1_lcd_gotoxy          text18       08A2
__end_ofi1_lcd_putc            text17       0B59
__initialization               cinit        0015
__pbssBANK0                    bssBANK0     0069
__pbssBANK1                    bssBANK1     00A0
__pcstackBANK0                 cstackBANK0  0020
__pcstackBANK1                 cstackBANK1  00B8
__pcstackCOMMON                cstackCOMMON 0070
__pdataBANK0                   dataBANK0    006D
__pdataBANK1                   dataBANK1    00CC
__pidataBANK0                  idataBANK0   17A5
__pidataBANK1                  idataBANK1   17CC
__pintentry                    intentry     0004
__pmaintext                    maintext     09A2
__pstrings                     strings      0800
__ptext1                       text1        0EF6
__ptext10                      text10       0D21
__ptext11                      text11       17ED
__ptext12                      text12       0A21
__ptext13                      text13       0279
__ptext14                      text14       0CC9
__ptext15                      text15       0BE0
__ptext16                      text16       097F
__ptext17                      text17       0B1E
__ptext18                      text18       0888
__ptext19                      text19       09F6
__ptext2                       text2        0A7F
__ptext20                      text20       0AE5
__ptext21                      text21       0618
__ptext22                      text22       003D
__ptext23                      text23       07F2
__ptext24                      text24       095C
__ptext25                      text25       0C2C
__ptext26                      text26       0E32
__ptext27                      text27       09CB
__ptext28                      text28       0F72
__ptext29                      text29       08BD
__ptext3                       text3        0B99
__ptext30                      text30       043E
__ptext31                      text31       17AF
__ptext32                      text32       0545
__ptext33                      text33       0DD5
__ptext34                      text34       0939
__ptext35                      text35       06D2
__ptext36                      text36       08F5
__ptext37                      text37       078A
__ptext38                      text38       0C7A
__ptext39                      text39       0D7A
__ptext4                       text4        08D9
__ptext40                      text40       08A2
__ptext41                      text41       0916
__ptext42                      text42       17A7
__ptext5                       text5        0E90
__ptext6                       text6        0A4E
__ptext7                       text7        17BF
__ptext8                       text8        0B59
__ptext9                       text9        0AB0
__size_of_ADCInit              (abs)        0000
__size_of_ADCRead              (abs)        0000
__size_of_ISR                  (abs)        0000
__size_of_LCDClear             (abs)        0000
__size_of_USARTReceiveChar     (abs)        0000
__size_of_USARTWriteChar       (abs)        0000
__size_of_USARTWriteString     (abs)        0000
__size_of___awdiv              (abs)        0000
__size_of___awmod              (abs)        0000
__size_of___awtoft             (abs)        0000
__size_of___ftadd              (abs)        0000
__size_of___ftdiv              (abs)        0000
__size_of___ftge               (abs)        0000
__size_of___ftmul              (abs)        0000
__size_of___ftneg              (abs)        0000
__size_of___ftpack             (abs)        0000
__size_of___ftsub              (abs)        0000
__size_of___fttol              (abs)        0000
__size_of___lldiv              (abs)        0000
__size_of___llmod              (abs)        0000
__size_of___lltoft             (abs)        0000
__size_of___wmul               (abs)        0000
__size_of_active               (abs)        0000
__size_of_ftoa                 (abs)        0000
__size_of_inicialize           (abs)        0000
__size_of_init_lcd_4bit        (abs)        0000
__size_of_isdigit              (abs)        0000
__size_of_lcd_envia_byte       (abs)        0000
__size_of_lcd_envia_nibble     (abs)        0000
__size_of_lcd_escreve_string   (abs)        0000
__size_of_lcd_gotoxy           (abs)        0000
__size_of_lcd_putc             (abs)        0000
__size_of_main                 (abs)        0000
__size_of_progressBar          (abs)        0000
__size_of_sendString           (abs)        0000
__size_of_sprintf              (abs)        0000
__size_ofi1_USARTWriteChar     (abs)        0000
__size_ofi1_USARTWriteString   (abs)        0000
__size_ofi1_lcd_envia_byte     (abs)        0000
__size_ofi1_lcd_envia_nibble   (abs)        0000
__size_ofi1_lcd_escreve_string (abs)        0000
__size_ofi1_lcd_gotoxy         (abs)        0000
__size_ofi1_lcd_putc           (abs)        0000
__stringbase                   strings      080F
__stringdata                   strings      083C
__stringtab                    strings      0800
_active                        text34       0939
_dpowers                       strings      0810
_flag_an                       dataBANK0    006D
_ftoa                          text21       0618
_inicialize                    text1        0EF6
_init_lcd_4bit                 text5        0E90
_isdigit                       text23       07F2
_isdigit$880                   cstackCOMMON 0070
_lcd_envia_byte                text9        0AB0
_lcd_envia_nibble              text10       0D21
_lcd_escreve_string            text2        0A7F
_lcd_gotoxy                    text4        08D9
_lcd_putc                      text3        0B99
_main                          maintext     09A2
_progressBar                   text15       0BE0
_recipiente                    bssBANK0     006B
_sendString                    text14       0CC9
_sprintf                       text22       003D
active@input                   cstackCOMMON 0072
btemp                          (abs)        007E
clear_ram0                     clrtext      17B7
end_of_initialization          cinit        0039
ftoa@buf                       bssBANK1     00A7
ftoa@cp                        cstackBANK0  0051
ftoa@f                         cstackBANK0  0044
ftoa@l                         cstackBANK0  004D
ftoa@rem                       cstackBANK0  0049
ftoa@status                    cstackBANK0  0047
i1USARTWriteChar@USARTData     cstackCOMMON 0070
i1USARTWriteString@str         cstackCOMMON 0071
i1_USARTWriteChar              text42       17A7
i1_USARTWriteString            text41       0916
i1_lcd_envia_byte              text19       09F6
i1_lcd_envia_nibble            text20       0AE5
i1_lcd_escreve_string          text16       097F
i1_lcd_gotoxy                  text18       0888
i1_lcd_putc                    text17       0B1E
i1lcd_envia_byte@address       cstackCOMMON 0074
i1lcd_envia_byte@n             cstackCOMMON 0072
i1lcd_envia_nibble@n           cstackCOMMON 0071
i1lcd_escreve_string@y         cstackCOMMON 007C
i1lcd_gotoxy@address           cstackCOMMON 0078
i1lcd_gotoxy@x                 cstackCOMMON 0077
i1lcd_gotoxy@y                 cstackCOMMON 0075
i1lcd_putc@c                   cstackCOMMON 007B
init_fetch0                    inittext     17DC
init_lcd_4bit@i                cstackBANK1  00BF
init_ram0                      inittext     17E0
interrupt_function             intentry     0004
intlevel0                      functab      0000
intlevel1                      functab      0000
intlevel2                      functab      0000
intlevel3                      functab      0000
intlevel4                      functab      0000
intlevel5                      functab      0000
isdigit@c                      cstackCOMMON 0071
lcd_envia_byte@address         cstackBANK1  00BC
lcd_envia_byte@n               cstackBANK1  00BA
lcd_envia_nibble@n             cstackBANK1  00B9
lcd_escreve_string@y           cstackBANK1  00C4
lcd_gotoxy@address             cstackBANK1  00C0
lcd_gotoxy@x                   cstackBANK1  00BF
lcd_gotoxy@y                   cstackBANK1  00BD
lcd_putc@c                     cstackBANK1  00C3
ltemp                          (abs)        007E
ltemp0                         (abs)        007E
ltemp1                         (abs)        0082
ltemp2                         (abs)        0086
ltemp3                         (abs)        0080
progressBar@F1341              dataBANK1    00CC
progressBar@aux                cstackBANK0  0026
progressBar@i                  cstackBANK0  0036
progressBar@preint             cstackBANK0  0020
progressBar@result             cstackBANK0  0038
reset_vec                      reset_vec    0000
saved_w                        (abs)        007E
sendString@array               cstackBANK0  0020
sendString@envio               cstackBANK0  0048
sendString@send                cstackBANK0  0049
sendString@x                   cstackBANK0  004A
sprintf@_val                   cstackBANK0  003A
sprintf@ap                     cstackBANK0  0039
sprintf@c                      cstackBANK0  0043
sprintf@f                      cstackBANK0  002A
sprintf@flag                   cstackBANK0  0038
sprintf@prec                   cstackBANK0  0041
sprintf@sp                     cstackBANK0  003E
sprintf@width                  cstackBANK0  003F
stackhi                        (abs)        0000
stacklo                        (abs)        0000
start                          init         0012
start_initialization           cinit        0015
ttemp                          (abs)        007E
ttemp0                         (abs)        007E
ttemp1                         (abs)        0081
ttemp2                         (abs)        0084
ttemp3                         (abs)        0087
ttemp4                         (abs)        007F
wtemp                          (abs)        007E
wtemp0                         (abs)        007E
wtemp1                         (abs)        0080
wtemp2                         (abs)        0082
wtemp3                         (abs)        0084
wtemp4                         (abs)        0086
wtemp5                         (abs)        0088
wtemp6                         (abs)        007F


FUNCTION INFORMATION:

 *************** function _main *****************
 Defined at:
		line 332 in file "main.c"
 Parameters:    Size  Location     Type
		None
 Auto vars:     Size  Location     Type
		None
 Return value:  Size  Location     Type
		None               void
 Registers used:
		wreg, fsr0l, fsr0h, status,2, status,0, btemp+1, pclath, cstack
 Tracked objects:
		On entry : 
		On exit  : 
		Unchanged: 
 Data sizes:     COMMON   BANK0   BANK1   BANK3   BANK2
      Params:         0       0       0       0       0
      Locals:         0       0       0       0       0
      Temps:          0       0       3       0       0
      Totals:         0       0       3       0       0
Total ram usage:        3 bytes
 Hardware stack levels required when called:   13
 This function calls:
		_ADCRead
		_inicialize
 This function is called by:
		Startup code after reset
 This function uses a non-reentrant model


 *************** function _inicialize *****************
 Defined at:
		line 306 in file "main.c"
 Parameters:    Size  Location     Type
		None
 Auto vars:     Size  Location     Type
		None
 Return value:  Size  Location     Type
		None               void
 Registers used:
		wreg, fsr0l, fsr0h, status,2, status,0, btemp+1, pclath, cstack
 Tracked objects:
		On entry : 
		On exit  : 
		Unchanged: 
 Data sizes:     COMMON   BANK0   BANK1   BANK3   BANK2
      Params:         0       0       0       0       0
      Locals:         0       0       0       0       0
      Temps:          0       0       3       0       0
      Totals:         0       0       3       0       0
Total ram usage:        3 bytes
 Hardware stack levels used:    1
 Hardware stack levels required when called:   12
 This function calls:
		_ADCInit
		_LCDClear
		_USARTWriteString
		_init_lcd_4bit
		_lcd_escreve_string
 This function is called by:
		_main
 This function uses a non-reentrant model


 *************** function _lcd_escreve_string *****************
 Defined at:
		line 168 in file "lcd_4bit.c"
 Parameters:    Size  Location     Type
  y               2   12[BANK1 ] PTR const unsigned char 
		 -> ftoa@buf(17), STR_4(16), STR_3(2), STR_2(7), 
		 -> progressBar@aux(16), 
 Auto vars:     Size  Location     Type
		None
 Return value:  Size  Location     Type
		None               void
 Registers used:
		wreg, fsr0l, fsr0h, status,2, status,0, btemp+1, pclath, cstack
 Tracked objects:
		On entry : 
		On exit  : 
		Unchanged: 
 Data sizes:     COMMON   BANK0   BANK1   BANK3   BANK2
      Params:         0       0       2       0       0
      Locals:         0       0       0       0       0
      Temps:          0       0       0       0       0
      Totals:         0       0       2       0       0
Total ram usage:        2 bytes
 Hardware stack levels used:    1
 Hardware stack levels required when called:   11
 This function calls:
		_lcd_putc
 This function is called by:
		_inicialize
 This function uses a non-reentrant model


 *************** function _lcd_putc *****************
 Defined at:
		line 82 in file "lcd_4bit.c"
 Parameters:    Size  Location     Type
  c               1    wreg     unsigned char 
 Auto vars:     Size  Location     Type
  c               1   11[BANK1 ] unsigned char 
 Return value:  Size  Location     Type
		None               void
 Registers used:
		wreg, fsr0l, fsr0h, status,2, status,0, pclath, cstack
 Tracked objects:
		On entry : 
		On exit  : 
		Unchanged: 
 Data sizes:     COMMON   BANK0   BANK1   BANK3   BANK2
      Params:         0       0       0       0       0
      Locals:         0       0       1       0       0
      Temps:          0       0       2       0       0
      Totals:         0       0       3       0       0
Total ram usage:        3 bytes
 Hardware stack levels used:    1
 Hardware stack levels required when called:   10
 This function calls:
		_lcd_envia_byte
		_lcd_gotoxy
 This function is called by:
		_lcd_escreve_string
		_lcd_escreve_p
 This function uses a non-reentrant model


 *************** function _lcd_gotoxy *****************
 Defined at:
		line 70 in file "lcd_4bit.c"
 Parameters:    Size  Location     Type
  x               1    wreg     unsigned char 
  y               1    5[BANK1 ] unsigned char 
 Auto vars:     Size  Location     Type
  x               1    7[BANK1 ] unsigned char 
  address         1    8[BANK1 ] unsigned char 
 Return value:  Size  Location     Type
		None               void
 Registers used:
		wreg, status,2, status,0, pclath, cstack
 Tracked objects:
		On entry : 
		On exit  : 
		Unchanged: 
 Data sizes:     COMMON   BANK0   BANK1   BANK3   BANK2
      Params:         0       0       1       0       0
      Locals:         0       0       2       0       0
      Temps:          0       0       1       0       0
      Totals:         0       0       4       0       0
Total ram usage:        4 bytes
 Hardware stack levels used:    1
 Hardware stack levels required when called:    9
 This function calls:
		_lcd_envia_byte
 This function is called by:
		_lcd_putc
 This function uses a non-reentrant model


 *************** function _init_lcd_4bit *****************
 Defined at:
		line 6 in file "lcd_4bit.c"
 Parameters:    Size  Location     Type
		None
 Auto vars:     Size  Location     Type
  i               1    7[BANK1 ] unsigned char 
 Return value:  Size  Location     Type
		None               void
 Registers used:
		wreg, fsr0l, fsr0h, status,2, status,0, pclath, cstack
 Tracked objects:
		On entry : 
		On exit  : 
		Unchanged: 
 Data sizes:     COMMON   BANK0   BANK1   BANK3   BANK2
      Params:         0       0       0       0       0
      Locals:         0       0       1       0       0
      Temps:          0       0       2       0       0
      Totals:         0       0       3       0       0
Total ram usage:        3 bytes
 Hardware stack levels used:    1
 Hardware stack levels required when called:    9
 This function calls:
		_lcd_envia_byte
		_lcd_envia_nibble
 This function is called by:
		_inicialize
 This function uses a non-reentrant model


 *************** function _USARTWriteString *****************
 Defined at:
		line 75 in file "main.c"
 Parameters:    Size  Location     Type
  str             2    1[BANK1 ] PTR const unsigned char 
		 -> STR_5(16), sendString@array(40), STR_1(40), 
 Auto vars:     Size  Location     Type
		None
 Return value:  Size  Location     Type
		None               void
 Registers used:
		wreg, fsr0l, fsr0h, status,2, status,0, btemp+1, pclath, cstack
 Tracked objects:
		On entry : 
		On exit  : 
		Unchanged: 
 Data sizes:     COMMON   BANK0   BANK1   BANK3   BANK2
      Params:         0       0       2       0       0
      Locals:         0       0       0       0       0
      Temps:          0       0       0       0       0
      Totals:         0       0       2       0       0
Total ram usage:        2 bytes
 Hardware stack levels used:    1
 Hardware stack levels required when called:    8
 This function calls:
		_USARTWriteChar
 This function is called by:
		_inicialize
 This function uses a non-reentrant model


 *************** function _USARTWriteChar *****************
 Defined at:
		line 68 in file "main.c"
 Parameters:    Size  Location     Type
  USARTData       1    wreg     unsigned char 
 Auto vars:     Size  Location     Type
  USARTData       1    0[BANK1 ] unsigned char 
 Return value:  Size  Location     Type
		None               void
 Registers used:
		wreg
 Tracked objects:
		On entry : 
		On exit  : 
		Unchanged: 
 Data sizes:     COMMON   BANK0   BANK1   BANK3   BANK2
      Params:         0       0       0       0       0
      Locals:         0       0       1       0       0
      Temps:          0       0       0       0       0
      Totals:         0       0       1       0       0
Total ram usage:        1 bytes
 Hardware stack levels used:    1
 Hardware stack levels required when called:    7
 This function calls:
		Nothing
 This function is called by:
		_USARTWriteString
 This function uses a non-reentrant model


 *************** function _LCDClear *****************
 Defined at:
		line 179 in file "lcd_4bit.c"
 Parameters:    Size  Location     Type
		None
 Auto vars:     Size  Location     Type
		None
 Return value:  Size  Location     Type
		None               void
 Registers used:
		wreg, status,2, status,0, pclath, cstack
 Tracked objects:
		On entry : 
		On exit  : 
		Unchanged: 
 Data sizes:     COMMON   BANK0   BANK1   BANK3   BANK2
      Params:         0       0       0       0       0
      Locals:         0       0       0       0       0
      Temps:          0       0       2       0       0
      Totals:         0       0       2       0       0
Total ram usage:        2 bytes
 Hardware stack levels used:    1
 Hardware stack levels required when called:    9
 This function calls:
		_lcd_envia_byte
 This function is called by:
		_inicialize
 This function uses a non-reentrant model


 *************** function _lcd_envia_byte *****************
 Defined at:
		line 53 in file "lcd_4bit.c"
 Parameters:    Size  Location     Type
  address         1    wreg     unsigned char 
  n               1    2[BANK1 ] unsigned char 
 Auto vars:     Size  Location     Type
  address         1    4[BANK1 ] unsigned char 
 Return value:  Size  Location     Type
		None               void
 Registers used:
		wreg, status,2, status,0, pclath, cstack
 Tracked objects:
		On entry : 
		On exit  : 
		Unchanged: 
 Data sizes:     COMMON   BANK0   BANK1   BANK3   BANK2
      Params:         0       0       1       0       0
      Locals:         0       0       1       0       0
      Temps:          0       0       1       0       0
      Totals:         0       0       3       0       0
Total ram usage:        3 bytes
 Hardware stack levels used:    1
 Hardware stack levels required when called:    8
 This function calls:
		_lcd_envia_nibble
 This function is called by:
		_init_lcd_4bit
		_lcd_gotoxy
		_lcd_putc
		_LCDClear
 This function uses a non-reentrant model


 *************** function _lcd_envia_nibble *****************
 Defined at:
		line 39 in file "lcd_4bit.c"
 Parameters:    Size  Location     Type
  n               1    wreg     unsigned char 
 Auto vars:     Size  Location     Type
  n               1    1[BANK1 ] unsigned char 
 Return value:  Size  Location     Type
		None               void
 Registers used:
		wreg, status,2, status,0
 Tracked objects:
		On entry : 
		On exit  : 
		Unchanged: 
 Data sizes:     COMMON   BANK0   BANK1   BANK3   BANK2
      Params:         0       0       0       0       0
      Locals:         0       0       1       0       0
      Temps:          0       0       1       0       0
      Totals:         0       0       2       0       0
Total ram usage:        2 bytes
 Hardware stack levels used:    1
 Hardware stack levels required when called:    7
 This function calls:
		Nothing
 This function is called by:
		_init_lcd_4bit
		_lcd_envia_byte
 This function uses a non-reentrant model


 *************** function _ADCInit *****************
 Defined at:
		line 110 in file "main.c"
 Parameters:    Size  Location     Type
		None
 Auto vars:     Size  Location     Type
		None
 Return value:  Size  Location     Type
		None               void
 Registers used:
		None
 Tracked objects:
		On entry : 
		On exit  : 
		Unchanged: 
 Data sizes:     COMMON   BANK0   BANK1   BANK3   BANK2
      Params:         0       0       0       0       0
      Locals:         0       0       0       0       0
      Temps:          0       0       0       0       0
      Totals:         0       0       0       0       0
Total ram usage:        0 bytes
 Hardware stack levels used:    1
 Hardware stack levels required when called:    7
 This function calls:
		Nothing
 This function is called by:
		_inicialize
 This function uses a non-reentrant model


 *************** function _ADCRead *****************
 Defined at:
		line 129 in file "main.c"
 Parameters:    Size  Location     Type
  ch              2    0[BANK1 ] int 
 Auto vars:     Size  Location     Type
		None
 Return value:  Size  Location     Type
		None               void
 Registers used:
		wreg, status,2, status,0
 Tracked objects:
		On entry : 
		On exit  : 
		Unchanged: 
 Data sizes:     COMMON   BANK0   BANK1   BANK3   BANK2
      Params:         0       0       2       0       0
      Locals:         0       0       0       0       0
      Temps:          0       0       1       0       0
      Totals:         0       0       3       0       0
Total ram usage:        3 bytes
 Hardware stack levels used:    1
 Hardware stack levels required when called:    7
 This function calls:
		Nothing
 This function is called by:
		_main
 This function uses a non-reentrant model


 *************** function _ISR *****************
 Defined at:
		line 235 in file "main.c"
 Parameters:    Size  Location     Type
		None
 Auto vars:     Size  Location     Type
  input2          3   69[BANK0 ] float 
  input           3   66[BANK0 ] float 
  pre             3   61[BANK0 ] float 
  preint          2   64[BANK0 ] int 
  status2         2   59[BANK0 ] int 
  status          2   57[BANK0 ] int 
  per             1   72[BANK0 ] PTR unsigned char 
		 -> ftoa@buf(17), 
  buf             1   56[BANK0 ] PTR unsigned char 
		 -> ftoa@buf(17), 
 Return value:  Size  Location     Type
		None               void
 Registers used:
		wreg, fsr0l, fsr0h, status,2, status,0, btemp+1, pclath, cstack
 Tracked objects:
		On entry : 
		On exit  : 
		Unchanged: 
 Data sizes:     COMMON   BANK0   BANK1   BANK3   BANK2
      Params:         0       0       0       0       0
      Locals:         0      17       0       0       0
      Temps:          0       6       0       0       0
      Totals:         0      23       0       0       0
Total ram usage:       23 bytes
 Hardware stack levels used:    1
 Hardware stack levels required when called:    6
 This function calls:
		_USARTReceiveChar
		___awdiv
		___awmod
		___awtoft
		___ftdiv
		___ftmul
		___fttol
		_active
		_ftoa
		_progressBar
		_sendString
		i1_lcd_escreve_string
		i1_lcd_gotoxy
 This function is called by:
		Interrupt level 1
 This function uses a non-reentrant model


 *************** function _sendString *****************
 Defined at:
		line 184 in file "main.c"
 Parameters:    Size  Location     Type
  send            1    wreg     PTR const unsigned char 
		 -> ftoa@buf(17), 
 Auto vars:     Size  Location     Type
  send            1   41[BANK0 ] PTR const unsigned char 
		 -> ftoa@buf(17), 
  array          40    0[BANK0 ] unsigned char [40]
  x               2   42[BANK0 ] int 
  envio           1   40[BANK0 ] PTR unsigned char 
		 -> sendString@array(40), 
 Return value:  Size  Location     Type
		None               void
 Registers used:
		wreg, fsr0l, fsr0h, status,2, status,0, btemp+1, pclath, cstack
 Tracked objects:
		On entry : 
		On exit  : 
		Unchanged: 
 Data sizes:     COMMON   BANK0   BANK1   BANK3   BANK2
      Params:         0       0       0       0       0
      Locals:         0      44       0       0       0
      Temps:          1       0       0       0       0
      Totals:         1      44       0       0       0
Total ram usage:       45 bytes
 Hardware stack levels used:    1
 Hardware stack levels required when called:    2
 This function calls:
		i1_USARTWriteString
 This function is called by:
		_ISR
 This function uses a non-reentrant model


 *************** function _progressBar *****************
 Defined at:
		line 216 in file "main.c"
 Parameters:    Size  Location     Type
  preint          2    0[BANK0 ] int 
 Auto vars:     Size  Location     Type
  aux            16    6[BANK0 ] unsigned char [16]
  i               2   22[BANK0 ] int 
  result          1   24[BANK0 ] PTR unsigned char 
		 -> progressBar@aux(16), 
 Return value:  Size  Location     Type
		None               void
 Registers used:
		wreg, fsr0l, fsr0h, status,2, status,0, btemp+1, pclath, cstack
 Tracked objects:
		On entry : 
		On exit  : 
		Unchanged: 
 Data sizes:     COMMON   BANK0   BANK1   BANK3   BANK2
      Params:         0       2       0       0       0
      Locals:         0      19       0       0       0
      Temps:          0       4       0       0       0
      Totals:         0      25       0       0       0
Total ram usage:       25 bytes
 Hardware stack levels used:    1
 Hardware stack levels required when called:    5
 This function calls:
		i1_lcd_escreve_string
 This function is called by:
		_ISR
 This function uses a non-reentrant model


 *************** function i1_lcd_escreve_string *****************
 Defined at:
		line 168 in file "lcd_4bit.c"
 Parameters:    Size  Location     Type
  y               2   12[COMMON] PTR const unsigned char 
		 -> ftoa@buf(17), STR_4(16), STR_3(2), STR_2(7), 
		 -> progressBar@aux(16), 
 Auto vars:     Size  Location     Type
		None
 Return value:  Size  Location     Type
		None               void
 Registers used:
		wreg, fsr0l, fsr0h, status,2, status,0, btemp+1, pclath, cstack
 Tracked objects:
		On entry : 
		On exit  : 
		Unchanged: 
 Data sizes:     COMMON   BANK0   BANK1   BANK3   BANK2
      Params:         2       0       0       0       0
      Locals:         0       0       0       0       0
      Temps:          0       0       0       0       0
      Totals:         2       0       0       0       0
Total ram usage:        2 bytes
 Hardware stack levels used:    1
 Hardware stack levels required when called:    4
 This function calls:
		i1_lcd_putc
 This function is called by:
		_progressBar
		_ISR
 This function uses a non-reentrant model


 *************** function i1_lcd_putc *****************
 Defined at:
		line 82 in file "lcd_4bit.c"
 Parameters:    Size  Location     Type
  c               1    wreg     unsigned char 
 Auto vars:     Size  Location     Type
  c               1   11[COMMON] unsigned char 
 Return value:  Size  Location     Type
		None               void
 Registers used:
		wreg, fsr0l, fsr0h, status,2, status,0, pclath, cstack
 Tracked objects:
		On entry : 
		On exit  : 
		Unchanged: 
 Data sizes:     COMMON   BANK0   BANK1   BANK3   BANK2
      Params:         0       0       0       0       0
      Locals:         1       0       0       0       0
      Temps:          2       0       0       0       0
      Totals:         3       0       0       0       0
Total ram usage:        3 bytes
 Hardware stack levels used:    1
 Hardware stack levels required when called:    3
 This function calls:
		i1_lcd_envia_byte
		i1_lcd_gotoxy
 This function is called by:
		i1_lcd_escreve_string
 This function uses a non-reentrant model


 *************** function i1_lcd_gotoxy *****************
 Defined at:
		line 70 in file "lcd_4bit.c"
 Parameters:    Size  Location     Type
  x               1    wreg     unsigned char 
  y               1    5[COMMON] unsigned char 
 Auto vars:     Size  Location     Type
  x               1    7[COMMON] unsigned char 
  lcd_gotoxy      1    8[COMMON] unsigned char 
 Return value:  Size  Location     Type
		None               void
 Registers used:
		wreg, status,2, status,0, pclath, cstack
 Tracked objects:
		On entry : 
		On exit  : 
		Unchanged: 
 Data sizes:     COMMON   BANK0   BANK1   BANK3   BANK2
      Params:         1       0       0       0       0
      Locals:         2       0       0       0       0
      Temps:          1       0       0       0       0
      Totals:         4       0       0       0       0
Total ram usage:        4 bytes
 Hardware stack levels used:    1
 Hardware stack levels required when called:    2
 This function calls:
		i1_lcd_envia_byte
 This function is called by:
		_ISR
		i1_lcd_putc
 This function uses a non-reentrant model


 *************** function i1_lcd_envia_byte *****************
 Defined at:
		line 53 in file "lcd_4bit.c"
 Parameters:    Size  Location     Type
  address         1    wreg     unsigned char 
  n               1    2[COMMON] unsigned char 
 Auto vars:     Size  Location     Type
  address         1    4[COMMON] unsigned char 
 Return value:  Size  Location     Type
		None               void
 Registers used:
		wreg, status,2, status,0, pclath, cstack
 Tracked objects:
		On entry : 
		On exit  : 
		Unchanged: 
 Data sizes:     COMMON   BANK0   BANK1   BANK3   BANK2
      Params:         1       0       0       0       0
      Locals:         1       0       0       0       0
      Temps:          1       0       0       0       0
      Totals:         3       0       0       0       0
Total ram usage:        3 bytes
 Hardware stack levels used:    1
 Hardware stack levels required when called:    1
 This function calls:
		i1_lcd_envia_nibble
 This function is called by:
		i1_lcd_gotoxy
		i1_lcd_putc
 This function uses a non-reentrant model


 *************** function i1_lcd_envia_nibble *****************
 Defined at:
		line 39 in file "lcd_4bit.c"
 Parameters:    Size  Location     Type
  n               1    wreg     unsigned char 
 Auto vars:     Size  Location     Type
  n               1    1[COMMON] unsigned char 
 Return value:  Size  Location     Type
		None               void
 Registers used:
		wreg, status,2, status,0
 Tracked objects:
		On entry : 
		On exit  : 
		Unchanged: 
 Data sizes:     COMMON   BANK0   BANK1   BANK3   BANK2
      Params:         0       0       0       0       0
      Locals:         1       0       0       0       0
      Temps:          1       0       0       0       0
      Totals:         2       0       0       0       0
Total ram usage:        2 bytes
 Hardware stack levels used:    1
 This function calls:
		Nothing
 This function is called by:
		i1_lcd_envia_byte
 This function uses a non-reentrant model


 *************** function _ftoa *****************
 Defined at:
		line 6 in file "C:\Program Files (x86)\Microchip\xc8\v1.32\sources\common\ftoa.c"
 Parameters:    Size  Location     Type
  f               3   36[BANK0 ] float 
  status          1   39[BANK0 ] PTR int 
		 -> ISR@status2(2), ISR@status(2), 
 Auto vars:     Size  Location     Type
  l               4   45[BANK0 ] unsigned long 
  rem             4   41[BANK0 ] unsigned long 
  cp              1   49[BANK0 ] PTR unsigned char 
		 -> ftoa@buf(17), 
 Return value:  Size  Location     Type
                  1    wreg      PTR unsigned char 
 Registers used:
		wreg, fsr0l, fsr0h, status,2, status,0, pclath, cstack
 Tracked objects:
		On entry : 
		On exit  : 
		Unchanged: 
 Data sizes:     COMMON   BANK0   BANK1   BANK3   BANK2
      Params:         0       4       0       0       0
      Locals:         0       9       0       0       0
      Temps:          0       1       0       0       0
      Totals:         0      14       0       0       0
Total ram usage:       14 bytes
 Hardware stack levels used:    1
 Hardware stack levels required when called:    3
 This function calls:
		___ftge
		___ftmul
		___ftneg
		___ftsub
		___fttol
		___lltoft
		_sprintf
 This function is called by:
		_ISR
 This function uses a non-reentrant model


 *************** function _sprintf *****************
 Defined at:
		line 492 in file "C:\Program Files (x86)\Microchip\xc8\v1.32\sources\common\doprnt.c"
 Parameters:    Size  Location     Type
  sp              1    wreg     PTR unsigned char 
		 -> ftoa@buf(17), 
  f               1   10[BANK0 ] PTR const unsigned char 
		 -> STR_6(11), 
 Auto vars:     Size  Location     Type
  sp              1   30[BANK0 ] PTR unsigned char 
		 -> ftoa@buf(17), 
  _val            4   26[BANK0 ] struct .
  prec            2   33[BANK0 ] int 
  width           2   31[BANK0 ] int 
  c               1   35[BANK0 ] char 
  ap              1   25[BANK0 ] PTR void [1]
		 -> ?_sprintf(2), 
  flag            1   24[BANK0 ] unsigned char 
 Return value:  Size  Location     Type
                  2   10[BANK0 ] int 
 Registers used:
		wreg, fsr0l, fsr0h, status,2, status,0, pclath, cstack
 Tracked objects:
		On entry : 
		On exit  : 
		Unchanged: 
 Data sizes:     COMMON   BANK0   BANK1   BANK3   BANK2
      Params:         0       9       0       0       0
      Locals:         0      12       0       0       0
      Temps:          0       5       0       0       0
      Totals:         0      26       0       0       0
Total ram usage:       26 bytes
 Hardware stack levels used:    1
 Hardware stack levels required when called:    1
 This function calls:
		___lldiv
		___llmod
		___wmul
		_isdigit
 This function is called by:
		_ftoa
 This function uses a non-reentrant model


 *************** function _isdigit *****************
 Defined at:
		line 8 in file "C:\Program Files (x86)\Microchip\xc8\v1.32\sources\common\isdigit.c"
 Parameters:    Size  Location     Type
  c               1    wreg     unsigned char 
 Auto vars:     Size  Location     Type
  c               1    1[COMMON] unsigned char 
 Return value:  Size  Location     Type
		None               void
 Registers used:
		wreg, status,2, status,0
 Tracked objects:
		On entry : 
		On exit  : 
		Unchanged: 
 Data sizes:     COMMON   BANK0   BANK1   BANK3   BANK2
      Params:         0       0       0       0       0
      Locals:         2       0       0       0       0
      Temps:          0       0       0       0       0
      Totals:         2       0       0       0       0
Total ram usage:        2 bytes
 Hardware stack levels used:    1
 This function calls:
		Nothing
 This function is called by:
		_sprintf
 This function uses a non-reentrant model


 *************** function ___wmul *****************
 Defined at:
		line 15 in file "C:\Program Files (x86)\Microchip\xc8\v1.32\sources\common\Umul16.c"
 Parameters:    Size  Location     Type
  multiplier      2    0[COMMON] unsigned int 
  multiplicand    2    2[COMMON] unsigned int 
 Auto vars:     Size  Location     Type
  product         2    4[COMMON] unsigned int 
 Return value:  Size  Location     Type
                  2    0[COMMON] unsigned int 
 Registers used:
		wreg, status,2, status,0
 Tracked objects:
		On entry : 
		On exit  : 
		Unchanged: 
 Data sizes:     COMMON   BANK0   BANK1   BANK3   BANK2
      Params:         4       0       0       0       0
      Locals:         2       0       0       0       0
      Temps:          0       0       0       0       0
      Totals:         6       0       0       0       0
Total ram usage:        6 bytes
 Hardware stack levels used:    1
 This function calls:
		Nothing
 This function is called by:
		_sprintf
 This function uses a non-reentrant model


 *************** function ___llmod *****************
 Defined at:
		line 6 in file "C:\Program Files (x86)\Microchip\xc8\v1.32\sources\common\llmod.c"
 Parameters:    Size  Location     Type
  divisor         4    0[BANK0 ] unsigned long 
  dividend        4    4[BANK0 ] unsigned long 
 Auto vars:     Size  Location     Type
  counter         1    9[BANK0 ] unsigned char 
 Return value:  Size  Location     Type
                  4    0[BANK0 ] unsigned long 
 Registers used:
		wreg, status,2, status,0
 Tracked objects:
		On entry : 
		On exit  : 
		Unchanged: 
 Data sizes:     COMMON   BANK0   BANK1   BANK3   BANK2
      Params:         0       8       0       0       0
      Locals:         0       1       0       0       0
      Temps:          0       1       0       0       0
      Totals:         0      10       0       0       0
Total ram usage:       10 bytes
 Hardware stack levels used:    1
 This function calls:
		Nothing
 This function is called by:
		_sprintf
 This function uses a non-reentrant model


 *************** function ___lldiv *****************
 Defined at:
		line 6 in file "C:\Program Files (x86)\Microchip\xc8\v1.32\sources\common\lldiv.c"
 Parameters:    Size  Location     Type
  divisor         4    0[COMMON] unsigned long 
  dividend        4    4[COMMON] unsigned long 
 Auto vars:     Size  Location     Type
  quotient        4    9[COMMON] unsigned long 
  counter         1   13[COMMON] unsigned char 
 Return value:  Size  Location     Type
                  4    0[COMMON] unsigned long 
 Registers used:
		wreg, status,2, status,0
 Tracked objects:
		On entry : 
		On exit  : 
		Unchanged: 
 Data sizes:     COMMON   BANK0   BANK1   BANK3   BANK2
      Params:         8       0       0       0       0
      Locals:         5       0       0       0       0
      Temps:          1       0       0       0       0
      Totals:        14       0       0       0       0
Total ram usage:       14 bytes
 Hardware stack levels used:    1
 This function calls:
		Nothing
 This function is called by:
		_sprintf
 This function uses a non-reentrant model


 *************** function ___lltoft *****************
 Defined at:
		line 35 in file "C:\Program Files (x86)\Microchip\xc8\v1.32\sources\common\lltoft.c"
 Parameters:    Size  Location     Type
  c               4    8[COMMON] unsigned long 
 Auto vars:     Size  Location     Type
  exp             1   13[COMMON] unsigned char 
 Return value:  Size  Location     Type
                  3    8[COMMON] float 
 Registers used:
		wreg, status,2, status,0, pclath, cstack
 Tracked objects:
		On entry : 
		On exit  : 
		Unchanged: 
 Data sizes:     COMMON   BANK0   BANK1   BANK3   BANK2
      Params:         4       0       0       0       0
      Locals:         1       0       0       0       0
      Temps:          1       0       0       0       0
      Totals:         6       0       0       0       0
Total ram usage:        6 bytes
 Hardware stack levels used:    1
 Hardware stack levels required when called:    1
 This function calls:
		___ftpack
 This function is called by:
		_ftoa
 This function uses a non-reentrant model


 *************** function ___fttol *****************
 Defined at:
		line 44 in file "C:\Program Files (x86)\Microchip\xc8\v1.32\sources\common\fttol.c"
 Parameters:    Size  Location     Type
  f1              3   16[BANK0 ] float 
 Auto vars:     Size  Location     Type
  lval            4   25[BANK0 ] unsigned long 
  exp1            1   29[BANK0 ] unsigned char 
  sign1           1   24[BANK0 ] unsigned char 
 Return value:  Size  Location     Type
                  4   16[BANK0 ] long 
 Registers used:
		wreg, status,2, status,0
 Tracked objects:
		On entry : 
		On exit  : 
		Unchanged: 
 Data sizes:     COMMON   BANK0   BANK1   BANK3   BANK2
      Params:         0       4       0       0       0
      Locals:         0       6       0       0       0
      Temps:          0       4       0       0       0
      Totals:         0      14       0       0       0
Total ram usage:       14 bytes
 Hardware stack levels used:    1
 This function calls:
		Nothing
 This function is called by:
		_ISR
		_ftoa
 This function uses a non-reentrant model


 *************** function ___ftsub *****************
 Defined at:
		line 18 in file "C:\Program Files (x86)\Microchip\xc8\v1.32\sources\common\ftsub.c"
 Parameters:    Size  Location     Type
  f2              3    7[BANK0 ] float 
  f1              3   10[BANK0 ] float 
 Auto vars:     Size  Location     Type
		None
 Return value:  Size  Location     Type
                  3    7[BANK0 ] float 
 Registers used:
		wreg, status,2, status,0, pclath, cstack
 Tracked objects:
		On entry : 
		On exit  : 
		Unchanged: 
 Data sizes:     COMMON   BANK0   BANK1   BANK3   BANK2
      Params:         0       6       0       0       0
      Locals:         0       0       0       0       0
      Temps:          0       0       0       0       0
      Totals:         0       6       0       0       0
Total ram usage:        6 bytes
 Hardware stack levels used:    1
 Hardware stack levels required when called:    2
 This function calls:
		___ftadd
 This function is called by:
		_ftoa
 This function uses a non-reentrant model


 *************** function ___ftadd *****************
 Defined at:
		line 86 in file "C:\Program Files (x86)\Microchip\xc8\v1.32\sources\common\ftadd.c"
 Parameters:    Size  Location     Type
  f1              3    8[COMMON] float 
  f2              3   11[COMMON] float 
 Auto vars:     Size  Location     Type
  exp1            1    6[BANK0 ] unsigned char 
  exp2            1    5[BANK0 ] unsigned char 
  sign            1    4[BANK0 ] unsigned char 
 Return value:  Size  Location     Type
                  3    8[COMMON] float 
 Registers used:
		wreg, status,2, status,0, pclath, cstack
 Tracked objects:
		On entry : 
		On exit  : 
		Unchanged: 
 Data sizes:     COMMON   BANK0   BANK1   BANK3   BANK2
      Params:         6       0       0       0       0
      Locals:         0       3       0       0       0
      Temps:          0       4       0       0       0
      Totals:         6       7       0       0       0
Total ram usage:       13 bytes
 Hardware stack levels used:    1
 Hardware stack levels required when called:    1
 This function calls:
		___ftpack
 This function is called by:
		___ftsub
 This function uses a non-reentrant model


 *************** function ___ftneg *****************
 Defined at:
		line 15 in file "C:\Program Files (x86)\Microchip\xc8\v1.32\sources\common\ftneg.c"
 Parameters:    Size  Location     Type
  f1              3    0[COMMON] float 
 Auto vars:     Size  Location     Type
		None
 Return value:  Size  Location     Type
                  3    0[COMMON] float 
 Registers used:
		wreg
 Tracked objects:
		On entry : 
		On exit  : 
		Unchanged: 
 Data sizes:     COMMON   BANK0   BANK1   BANK3   BANK2
      Params:         3       0       0       0       0
      Locals:         0       0       0       0       0
      Temps:          0       0       0       0       0
      Totals:         3       0       0       0       0
Total ram usage:        3 bytes
 Hardware stack levels used:    1
 This function calls:
		Nothing
 This function is called by:
		_ftoa
 This function uses a non-reentrant model


 *************** function ___ftmul *****************
 Defined at:
		line 62 in file "C:\Program Files (x86)\Microchip\xc8\v1.32\sources\common\ftmul.c"
 Parameters:    Size  Location     Type
  f1              3    0[BANK0 ] float 
  f2              3    3[BANK0 ] float 
 Auto vars:     Size  Location     Type
  f3_as_produc    3   11[BANK0 ] unsigned um
  sign            1   15[BANK0 ] unsigned char 
  cntr            1   14[BANK0 ] unsigned char 
  exp             1   10[BANK0 ] unsigned char 
 Return value:  Size  Location     Type
                  3    0[BANK0 ] float 
 Registers used:
		wreg, status,2, status,0, pclath, cstack
 Tracked objects:
		On entry : 
		On exit  : 
		Unchanged: 
 Data sizes:     COMMON   BANK0   BANK1   BANK3   BANK2
      Params:         0       6       0       0       0
      Locals:         0       6       0       0       0
      Temps:          0       4       0       0       0
      Totals:         0      16       0       0       0
Total ram usage:       16 bytes
 Hardware stack levels used:    1
 Hardware stack levels required when called:    1
 This function calls:
		___ftpack
 This function is called by:
		_ISR
		_ftoa
 This function uses a non-reentrant model


 *************** function ___ftge *****************
 Defined at:
		line 4 in file "C:\Program Files (x86)\Microchip\xc8\v1.32\sources\common\ftge.c"
 Parameters:    Size  Location     Type
  ff1             3    0[COMMON] float 
  ff2             3    3[COMMON] float 
 Auto vars:     Size  Location     Type
		None
 Return value:  Size  Location     Type
		None               void
 Registers used:
		wreg, status,2, status,0
 Tracked objects:
		On entry : 
		On exit  : 
		Unchanged: 
 Data sizes:     COMMON   BANK0   BANK1   BANK3   BANK2
      Params:         6       0       0       0       0
      Locals:         0       0       0       0       0
      Temps:          6       0       0       0       0
      Totals:        12       0       0       0       0
Total ram usage:       12 bytes
 Hardware stack levels used:    1
 This function calls:
		Nothing
 This function is called by:
		_ftoa
 This function uses a non-reentrant model


 *************** function _active *****************
 Defined at:
		line 144 in file "main.c"
 Parameters:    Size  Location     Type
  input           1    wreg     unsigned char 
 Auto vars:     Size  Location     Type
  input           1    2[COMMON] unsigned char 
 Return value:  Size  Location     Type
		None               void
 Registers used:
		wreg, status,2, status,0, pclath, cstack
 Tracked objects:
		On entry : 
		On exit  : 
		Unchanged: 
 Data sizes:     COMMON   BANK0   BANK1   BANK3   BANK2
      Params:         0       0       0       0       0
      Locals:         1       0       0       0       0
      Temps:          1       0       0       0       0
      Totals:         2       0       0       0       0
Total ram usage:        2 bytes
 Hardware stack levels used:    1
 Hardware stack levels required when called:    1
 This function calls:
		i1_USARTWriteChar
 This function is called by:
		_ISR
 This function uses a non-reentrant model


 *************** function ___ftdiv *****************
 Defined at:
		line 49 in file "C:\Program Files (x86)\Microchip\xc8\v1.32\sources\pic\ftdiv.c"
 Parameters:    Size  Location     Type
  f2              3   16[BANK0 ] float 
  f1              3   19[BANK0 ] float 
 Auto vars:     Size  Location     Type
  f3              3   27[BANK0 ] float 
  sign            1   31[BANK0 ] unsigned char 
  exp             1   30[BANK0 ] unsigned char 
  cntr            1   26[BANK0 ] unsigned char 
 Return value:  Size  Location     Type
                  3   16[BANK0 ] float 
 Registers used:
		wreg, status,2, status,0, pclath, cstack
 Tracked objects:
		On entry : 
		On exit  : 
		Unchanged: 
 Data sizes:     COMMON   BANK0   BANK1   BANK3   BANK2
      Params:         0       6       0       0       0
      Locals:         0       6       0       0       0
      Temps:          0       4       0       0       0
      Totals:         0      16       0       0       0
Total ram usage:       16 bytes
 Hardware stack levels used:    1
 Hardware stack levels required when called:    1
 This function calls:
		___ftpack
 This function is called by:
		_ISR
 This function uses a non-reentrant model


 *************** function ___awtoft *****************
 Defined at:
		line 32 in file "C:\Program Files (x86)\Microchip\xc8\v1.32\sources\common\awtoft.c"
 Parameters:    Size  Location     Type
  c               2    8[COMMON] int 
 Auto vars:     Size  Location     Type
  sign            1   13[COMMON] unsigned char 
 Return value:  Size  Location     Type
                  3    8[COMMON] float 
 Registers used:
		wreg, status,2, status,0, pclath, cstack
 Tracked objects:
		On entry : 
		On exit  : 
		Unchanged: 
 Data sizes:     COMMON   BANK0   BANK1   BANK3   BANK2
      Params:         3       0       0       0       0
      Locals:         1       0       0       0       0
      Temps:          2       0       0       0       0
      Totals:         6       0       0       0       0
Total ram usage:        6 bytes
 Hardware stack levels used:    1
 Hardware stack levels required when called:    1
 This function calls:
		___ftpack
 This function is called by:
		_ISR
 This function uses a non-reentrant model


 *************** function ___ftpack *****************
 Defined at:
		line 62 in file "C:\Program Files (x86)\Microchip\xc8\v1.32\sources\common\float.c"
 Parameters:    Size  Location     Type
  arg             3    0[COMMON] unsigned um
  exp             1    3[COMMON] unsigned char 
  sign            1    4[COMMON] unsigned char 
 Auto vars:     Size  Location     Type
		None
 Return value:  Size  Location     Type
                  3    0[COMMON] float 
 Registers used:
		wreg, status,2, status,0
 Tracked objects:
		On entry : 
		On exit  : 
		Unchanged: 
 Data sizes:     COMMON   BANK0   BANK1   BANK3   BANK2
      Params:         5       0       0       0       0
      Locals:         0       0       0       0       0
      Temps:          3       0       0       0       0
      Totals:         8       0       0       0       0
Total ram usage:        8 bytes
 Hardware stack levels used:    1
 This function calls:
		Nothing
 This function is called by:
		___awtoft
		___ftadd
		___ftdiv
		___ftmul
		___lltoft
 This function uses a non-reentrant model


 *************** function ___awmod *****************
 Defined at:
		line 6 in file "C:\Program Files (x86)\Microchip\xc8\v1.32\sources\common\awmod.c"
 Parameters:    Size  Location     Type
  divisor         2    9[COMMON] int 
  dividend        2   11[COMMON] int 
 Auto vars:     Size  Location     Type
  sign            1    1[BANK0 ] unsigned char 
  counter         1    0[BANK0 ] unsigned char 
 Return value:  Size  Location     Type
                  2    9[COMMON] int 
 Registers used:
		wreg, status,2, status,0
 Tracked objects:
		On entry : 
		On exit  : 
		Unchanged: 
 Data sizes:     COMMON   BANK0   BANK1   BANK3   BANK2
      Params:         4       0       0       0       0
      Locals:         0       2       0       0       0
      Temps:          1       0       0       0       0
      Totals:         5       2       0       0       0
Total ram usage:        7 bytes
 Hardware stack levels used:    1
 This function calls:
		Nothing
 This function is called by:
		_ISR
 This function uses a non-reentrant model


 *************** function ___awdiv *****************
 Defined at:
		line 6 in file "C:\Program Files (x86)\Microchip\xc8\v1.32\sources\common\awdiv.c"
 Parameters:    Size  Location     Type
  divisor         2    0[COMMON] int 
  dividend        2    2[COMMON] int 
 Auto vars:     Size  Location     Type
  quotient        2    7[COMMON] int 
  sign            1    6[COMMON] unsigned char 
  counter         1    5[COMMON] unsigned char 
 Return value:  Size  Location     Type
                  2    0[COMMON] int 
 Registers used:
		wreg, status,2, status,0
 Tracked objects:
		On entry : 
		On exit  : 
		Unchanged: 
 Data sizes:     COMMON   BANK0   BANK1   BANK3   BANK2
      Params:         4       0       0       0       0
      Locals:         4       0       0       0       0
      Temps:          1       0       0       0       0
      Totals:         9       0       0       0       0
Total ram usage:        9 bytes
 Hardware stack levels used:    1
 This function calls:
		Nothing
 This function is called by:
		_ISR
 This function uses a non-reentrant model


 *************** function _USARTReceiveChar *****************
 Defined at:
		line 86 in file "main.c"
 Parameters:    Size  Location     Type
		None
 Auto vars:     Size  Location     Type
  USARTData       1    4[COMMON] unsigned char 
 Return value:  Size  Location     Type
                  1    wreg      unsigned char 
 Registers used:
		wreg, fsr0l, fsr0h, status,2, status,0, btemp+1, pclath, cstack
 Tracked objects:
		On entry : 
		On exit  : 
		Unchanged: 
 Data sizes:     COMMON   BANK0   BANK1   BANK3   BANK2
      Params:         0       0       0       0       0
      Locals:         1       0       0       0       0
      Temps:          1       0       0       0       0
      Totals:         2       0       0       0       0
Total ram usage:        2 bytes
 Hardware stack levels used:    1
 Hardware stack levels required when called:    2
 This function calls:
		i1_USARTWriteString
 This function is called by:
		_ISR
 This function uses a non-reentrant model


 *************** function i1_USARTWriteString *****************
 Defined at:
		line 75 in file "main.c"
 Parameters:    Size  Location     Type
  str             2    1[COMMON] PTR const unsigned char 
		 -> STR_5(16), sendString@array(40), STR_1(40), 
 Auto vars:     Size  Location     Type
		None
 Return value:  Size  Location     Type
		None               void
 Registers used:
		wreg, fsr0l, fsr0h, status,2, status,0, btemp+1, pclath, cstack
 Tracked objects:
		On entry : 
		On exit  : 
		Unchanged: 
 Data sizes:     COMMON   BANK0   BANK1   BANK3   BANK2
      Params:         2       0       0       0       0
      Locals:         0       0       0       0       0
      Temps:          0       0       0       0       0
      Totals:         2       0       0       0       0
Total ram usage:        2 bytes
 Hardware stack levels used:    1
 Hardware stack levels required when called:    1
 This function calls:
		i1_USARTWriteChar
 This function is called by:
		_USARTReceiveChar
		_sendString
 This function uses a non-reentrant model


 *************** function i1_USARTWriteChar *****************
 Defined at:
		line 68 in file "main.c"
 Parameters:    Size  Location     Type
  USARTData       1    wreg     unsigned char 
 Auto vars:     Size  Location     Type
  USARTData       1    0[COMMON] unsigned char 
 Return value:  Size  Location     Type
		None               void
 Registers used:
		wreg
 Tracked objects:
		On entry : 
		On exit  : 
		Unchanged: 
 Data sizes:     COMMON   BANK0   BANK1   BANK3   BANK2
      Params:         0       0       0       0       0
      Locals:         1       0       0       0       0
      Temps:          0       0       0       0       0
      Totals:         1       0       0       0       0
Total ram usage:        1 bytes
 Hardware stack levels used:    1
 This function calls:
		Nothing
 This function is called by:
		_active
		i1_USARTWriteString
 This function uses a non-reentrant model



MODULE INFORMATION

Module		Function		Class		Link	Load	Size
C:\Program Files (x86)\Microchip\xc8\v1.32\sources\common\float.c
		___ftpack      		CODE           	078A	0000	104

C:\Program Files (x86)\Microchip\xc8\v1.32\sources\common\float.c estimated size: 104

C:\Program Files (x86)\Microchip\xc8\v1.32\sources\common\awtoft.c
		___awtoft      		CODE           	08F5	0000	33

C:\Program Files (x86)\Microchip\xc8\v1.32\sources\common\awtoft.c estimated size: 33

C:\Program Files (x86)\Microchip\xc8\v1.32\sources\common\ftmul.c
		___ftmul       		CODE           	0545	0000	211

C:\Program Files (x86)\Microchip\xc8\v1.32\sources\common\ftmul.c estimated size: 211

C:\Program Files (x86)\Microchip\xc8\v1.32\sources\common\awmod.c
		___awmod       		CODE           	0C7A	0000	79

C:\Program Files (x86)\Microchip\xc8\v1.32\sources\common\awmod.c estimated size: 79

C:\Program Files (x86)\Microchip\xc8\v1.32\sources\common\llmod.c
		___llmod       		CODE           	0C2C	0000	78

C:\Program Files (x86)\Microchip\xc8\v1.32\sources\common\llmod.c estimated size: 78

C:\Program Files (x86)\Microchip\xc8\v1.32\sources\common\ftge.c
		___ftge        		CODE           	0DD5	0000	93

C:\Program Files (x86)\Microchip\xc8\v1.32\sources\common\ftge.c estimated size: 93

C:\Program Files (x86)\Microchip\xc8\v1.32\sources\common\doprnt.c
		_sprintf       		CODE           	003D	0000	572

C:\Program Files (x86)\Microchip\xc8\v1.32\sources\common\doprnt.c estimated size: 572

C:\Program Files (x86)\Microchip\xc8\v1.32\sources\common\lltoft.c
		___lltoft      		CODE           	09CB	0000	43

C:\Program Files (x86)\Microchip\xc8\v1.32\sources\common\lltoft.c estimated size: 43

C:\Program Files (x86)\Microchip\xc8\v1.32\sources\common\fttol.c
		___fttol       		CODE           	0F72	0000	142

C:\Program Files (x86)\Microchip\xc8\v1.32\sources\common\fttol.c estimated size: 142

C:\Program Files (x86)\Microchip\xc8\v1.32\sources\common\isdigit.c
		_isdigit       		CODE           	07F2	0000	14

C:\Program Files (x86)\Microchip\xc8\v1.32\sources\common\isdigit.c estimated size: 14

C:\Program Files (x86)\Microchip\xc8\v1.32\sources\common\awdiv.c
		___awdiv       		CODE           	0D7A	0000	91

C:\Program Files (x86)\Microchip\xc8\v1.32\sources\common\awdiv.c estimated size: 91

C:\Program Files (x86)\Microchip\xc8\v1.32\sources\common\ftadd.c
		___ftadd       		CODE           	043E	0000	263

C:\Program Files (x86)\Microchip\xc8\v1.32\sources\common\ftadd.c estimated size: 263

C:\Program Files (x86)\Microchip\xc8\v1.32\sources\common\lldiv.c
		___lldiv       		CODE           	0E32	0000	94

C:\Program Files (x86)\Microchip\xc8\v1.32\sources\common\lldiv.c estimated size: 94

C:\Program Files (x86)\Microchip\xc8\v1.32\sources\common\Umul16.c
		___wmul        		CODE           	095C	0000	35

C:\Program Files (x86)\Microchip\xc8\v1.32\sources\common\Umul16.c estimated size: 35

shared
		__stringtab    		STRING         	0800	0000	16
		__stringdata   		STRING         	083C	0000	76
		i1_USARTWriteSt		CODE           	0916	0000	35
		_dpowers       		STRING         	0810	0000	40
		i1_lcd_envia_by		CODE           	09F6	0000	43
		_LCD_INIT_STRIN		STRING         	0838	0000	4
		i1_lcd_escreve_		CODE           	097F	0000	35
		__initializatio		CODE           	0015	0000	36
		i1_lcd_envia_ni		CODE           	0AE5	0000	57
		i1_lcd_gotoxy  		CODE           	0888	0000	26
		i1_USARTWriteCh		CODE           	17A7	0000	8
		i1_lcd_putc    		CODE           	0B1E	0000	59

shared estimated size: 435

C:\Program Files (x86)\Microchip\xc8\v1.32\sources\common\ftneg.c
		___ftneg       		CODE           	17AF	0000	8

C:\Program Files (x86)\Microchip\xc8\v1.32\sources\common\ftneg.c estimated size: 8

C:\Program Files (x86)\Microchip\xc8\v1.32\sources\common\ftsub.c
		___ftsub       		CODE           	08BD	0000	28

C:\Program Files (x86)\Microchip\xc8\v1.32\sources\common\ftsub.c estimated size: 28

lcd_4bit.c
		_LCDClear      		CODE           	0B59	0000	64
		_lcd_putc      		CODE           	0B99	0000	71
		_lcd_envia_nibb		CODE           	0D21	0000	89
		_lcd_escreve_st		CODE           	0A7F	0000	49
		_lcd_envia_byte		CODE           	0AB0	0000	53
		_lcd_gotoxy    		CODE           	08D9	0000	28
		_init_lcd_4bit 		CODE           	0E90	0000	102

lcd_4bit.c estimated size: 456

C:\Program Files (x86)\Microchip\xc8\v1.32\sources\pic\ftdiv.c
		___ftdiv       		CODE           	06D2	0000	184

C:\Program Files (x86)\Microchip\xc8\v1.32\sources\pic\ftdiv.c estimated size: 184

main.c
		_ISR           		CODE           	0279	0000	453
		_ADCInit       		CODE           	17ED	0000	19
		_active        		CODE           	0939	0000	35
		_main          		CODE           	09A2	0000	41
		_inicialize    		CODE           	0EF6	0000	124
		_sendString    		CODE           	0CC9	0000	88
		_USARTWriteStri		CODE           	0A4E	0000	49
		_USARTWriteChar		CODE           	17BF	0000	13
		_ADCRead       		CODE           	0A21	0000	45
		_progressBar   		CODE           	0BE0	0000	76
		_USARTReceiveCh		CODE           	08A2	0000	27

main.c estimated size: 970

C:\Program Files (x86)\Microchip\xc8\v1.32\sources\common\ftoa.c
		_ftoa          		CODE           	0618	0000	186

C:\Program Files (x86)\Microchip\xc8\v1.32\sources\common\ftoa.c estimated size: 186

